#
# A fatal error has been detected by the Java Runtime Environment:
#
#  EXCEPTION_ACCESS_VIOLATION (0xc0000005) at pc=0x00007ffe73358262, pid=6296, tid=26960
#
# JRE version: OpenJDK Runtime Environment Temurin-21.0.7+6 (21.0.7+6) (build 21.0.7+6-LTS)
# Java VM: OpenJDK 64-Bit Server VM Temurin-21.0.7+6 (21.0.7+6-LTS, mixed mode, sharing, tiered, compressed oops, compressed class ptrs, g1 gc, windows-amd64)
# Problematic frame:
# V  [jvm.dll+0x3d8262]
#
# No core dump will be written. Minidumps are not enabled by default on client versions of Windows
#
# If you would like to submit a bug report, please visit:
#   https://github.com/adoptium/adoptium-support/issues
#

---------------  S U M M A R Y ------------

Command Line: com.google.prefab.cli.AppKt --build-system cmake --platform android --abi arm64-v8a --os-version 24 --stl c++_shared --ndk-version 27 --output C:\\Users\\Admin\\AppData\\Local\\Temp\\agp-prefab-staging7818484220210962189\\staged-cli-output C:\\Users\\Admin\\.gradle\\caches\\9.3.1\\transforms\\59620672dad6b66e63202d7c7879dbd9\\workspace\\transformed\\react-android-0.85.3-release\\prefab C:\\Users\\Admin\\.gradle\\caches\\9.3.1\\transforms\\7a37de1c07810a7b61641ccd7881b784\\workspace\\transformed\\hermes-android-250829098.0.10-release\\prefab C:\\Users\\Admin\\.gradle\\caches\\9.3.1\\transforms\\6f1f7af63467440b9fe6f23d6ac7fd9b\\workspace\\transformed\\fbjni-0.7.0\\prefab

Host: 13th Gen Intel(R) Core(TM) i7-13700K, 24 cores, 15G,  Windows 11 , 64 bit Build 26100 (10.0.26100.8521)
Time: Wed Jun 17 14:15:35 2026 SE Asia Standard Time elapsed time: 0.237651 seconds (0d 0h 0m 0s)

---------------  T H R E A D  ---------------

Current thread (0x000002d06c86d8a0):  JavaThread "main"             [_thread_in_vm, id=26960, stack(0x000000fb86500000,0x000000fb86600000) (1024K)]

Stack: [0x000000fb86500000,0x000000fb86600000],  sp=0x000000fb865fa8c0,  free space=1002k
Native frames: (J=compiled Java code, j=interpreted, Vv=VM code, C=native code)
V  [jvm.dll+0x3d8262]
V  [jvm.dll+0x3d7c70]
C  0x000002d007467751

The last pc belongs to getstatic (printed below).
Java frames: (J=compiled Java code, j=interpreted, Vv=VM code)
j  sun.security.util.KnownOIDs.register(Lsun/security/util/KnownOIDs;)V+70 java.base@21.0.7
j  sun.security.util.KnownOIDs.<clinit>()V+6081 java.base@21.0.7
v  ~StubRoutines::call_stub 0x000002d00745100d
j  sun.security.util.SecurityProviderConstants.<clinit>()V+524 java.base@21.0.7
v  ~StubRoutines::call_stub 0x000002d00745100d
j  sun.security.provider.SunEntries.addWithAlias(Ljava/security/Provider;Ljava/lang/String;Ljava/lang/String;Ljava/lang/String;Ljava/util/HashMap;)V+14 java.base@21.0.7
j  sun.security.provider.SunEntries.<init>(Ljava/security/Provider;)V+166 java.base@21.0.7
j  sun.security.provider.Sun.<init>()V+18 java.base@21.0.7
j  sun.security.jca.ProviderConfig.getProvider()Ljava/security/Provider;+67 java.base@21.0.7
j  sun.security.jca.ProviderList.getProvider(I)Ljava/security/Provider;+6 java.base@21.0.7
j  sun.security.jca.ProviderList$3.get(I)Ljava/security/Provider;+5 java.base@21.0.7
j  sun.security.jca.ProviderList$3.get(I)Ljava/lang/Object;+2 java.base@21.0.7
j  java.util.AbstractList$Itr.next()Ljava/lang/Object;+14 java.base@21.0.7
j  java.security.SecureRandom.getDefaultPRNG(Z[B)V+30 java.base@21.0.7
j  java.security.SecureRandom.<init>()V+23 java.base@21.0.7
j  java.io.File$TempDirectory.<clinit>()V+17 java.base@21.0.7
v  ~StubRoutines::call_stub 0x000002d00745100d
j  java.io.File.createTempFile(Ljava/lang/String;Ljava/lang/String;Ljava/io/File;)Ljava/io/File;+70 java.base@21.0.7
j  com.sun.jna.Native.extractFromResourcePath(Ljava/lang/String;Ljava/lang/ClassLoader;)Ljava/io/File;+622
j  com.sun.jna.Native.loadNativeDispatchLibraryFromClasspath()V+59
j  com.sun.jna.Native.loadNativeDispatchLibrary()V+420
j  com.sun.jna.Native.<clinit>()V+170
v  ~StubRoutines::call_stub 0x000002d00745100d
j  com.github.ajalt.mordant.internal.jna.JnaWin32MppImpls.<init>()V+12
j  com.github.ajalt.mordant.internal.MppImplKt.<clinit>()V+136
v  ~StubRoutines::call_stub 0x000002d00745100d
j  com.github.ajalt.mordant.terminal.TerminalDetection.isJediTerm()Z+3
j  com.github.ajalt.mordant.terminal.TerminalDetection.isIntellijRunActionConsole()Z+1
j  com.github.ajalt.mordant.terminal.TerminalDetection.detectTerminal(Lcom/github/ajalt/mordant/rendering/AnsiLevel;Ljava/lang/Integer;Ljava/lang/Integer;Ljava/lang/Boolean;Ljava/lang/Boolean;)Lcom/github/ajalt/mordant/terminal/TerminalInfo;+1
j  com.github.ajalt.mordant.terminal.StdoutTerminalInterface.<init>(Lcom/github/ajalt/mordant/rendering/AnsiLevel;Ljava/lang/Integer;Ljava/lang/Integer;Ljava/lang/Boolean;Ljava/lang/Boolean;)V+11
j  com.github.ajalt.mordant.terminal.Terminal.<init>(Lcom/github/ajalt/mordant/rendering/AnsiLevel;Lcom/github/ajalt/mordant/rendering/Theme;Ljava/lang/Integer;Ljava/lang/Integer;Ljava/lang/Boolean;ILjava/lang/Boolean;)V+22
j  com.github.ajalt.mordant.terminal.Terminal.<init>(Lcom/github/ajalt/mordant/rendering/AnsiLevel;Lcom/github/ajalt/mordant/rendering/Theme;Ljava/lang/Integer;Ljava/lang/Integer;Ljava/lang/Boolean;ILjava/lang/Boolean;ILkotlin/jvm/internal/DefaultConstructorMarker;)V+89
j  com.github.ajalt.clikt.core.Context$Builder.<init>(Lcom/github/ajalt/clikt/core/CliktCommand;Lcom/github/ajalt/clikt/core/Context;)V+287
j  com.github.ajalt.clikt.core.Context$Companion.build$clikt(Lcom/github/ajalt/clikt/core/CliktCommand;Lcom/github/ajalt/clikt/core/Context;Ljava/util/List;Lkotlin/jvm/functions/Function1;)Lcom/github/ajalt/clikt/core/Context;+25
j  com.github.ajalt.clikt.core.CliktCommand.createContext(Ljava/util/List;Lcom/github/ajalt/clikt/core/Context;Ljava/util/List;)Lcom/github/ajalt/clikt/core/Context;+11
j  com.github.ajalt.clikt.core.CliktCommand.parse(Ljava/util/List;Lcom/github/ajalt/clikt/core/Context;)V+13
j  com.github.ajalt.clikt.core.CliktCommand.parse$default(Lcom/github/ajalt/clikt/core/CliktCommand;Ljava/util/List;Lcom/github/ajalt/clikt/core/Context;ILjava/lang/Object;)V+27
j  com.github.ajalt.clikt.core.CliktCommand.main(Ljava/util/List;)V+13
j  com.github.ajalt.clikt.core.CliktCommand.main([Ljava/lang/String;)V+12
j  com.google.prefab.cli.AppKt.main([Ljava/lang/String;)V+15
v  ~StubRoutines::call_stub 0x000002d00745100d

siginfo: EXCEPTION_ACCESS_VIOLATION (0xc0000005), reading address 0xffffffffffffffff


Registers:
RAX=0x00bdcee000733238, RBX=0x0000000000002320, RCX=0x000000000000ffbf, RDX=0x00000000000000b2
RSP=0x000000fb865fa8c0, RBP=0x000000fb865fa9c0, RSI=0x000002d0510d7540, RDI=0x000002d06c86d800
R8 =0x00007ffe731692ab, R9 =0x00007ffe72f80000, R10=0x000002d06c871570, R11=0x000000fb865fa8b0
R12=0x0000000000000000, R13=0x000002d0510d1d01, R14=0x00000000000000b2, R15=0x0000000000000000
RIP=0x00007ffe73358262, EFLAGS=0x0000000000010202

XMM[0]=0xffffffbfffffffbf 0xffbfffbf00000115
XMM[1]=0x0000000000000000 0xffbfffbfffffffbf
XMM[2]=0x0000000000000000 0x0000000000000000
XMM[3]=0x0000000000000000 0x0000000000000000
XMM[4]=0x0000000000000000 0x0000000000000000
XMM[5]=0x0000000000000000 0x0000000000000000
XMM[6]=0x0000000000000000 0x32dca3f650a84614
XMM[7]=0x0000000000000000 0x7390eba5f93c44ca
XMM[8]=0x0000000000000000 0x86073aad9b5b6777
XMM[9]=0x0000000000000000 0x7627cfa2633b0c0a
XMM[10]=0x0000000000000000 0x00000000ed133c68
XMM[11]=0x0000000000000000 0xccc3963d2ffea247
XMM[12]=0x0000000000000000 0x00000000633b0c0a
XMM[13]=0x0000000000000000 0x0000000000000000
XMM[14]=0x0000000000000000 0x0000000000000000
XMM[15]=0x0000000000000000 0x0000000000000000
  MXCSR=0x00001fa0


Register to memory mapping:

RAX=0x00bdcee000733238 is an unknown value
RBX=0x0000000000002320 is an unknown value
RCX=0x000000000000ffbf is an unknown value
RDX=0x00000000000000b2 is an unknown value
RSP=0x000000fb865fa8c0 is pointing into the stack for thread: 0x000002d06c86d8a0
RBP=0x000000fb865fa9c0 is pointing into the stack for thread: 0x000002d06c86d8a0
RSI=0x000002d0510d7540 is pointing into metadata
RDI=0x000002d06c86d800 points into unknown readable memory: 0x0000000000000000 | 00 00 00 00 00 00 00 00
R8 =0x00007ffe731692ab jvm.dll
R9 =0x00007ffe72f80000 jvm.dll
R10=0x000002d06c871570 points into unknown readable memory: 0x0000004000000011 | 11 00 00 00 40 00 00 00
R11=0x000000fb865fa8b0 is pointing into the stack for thread: 0x000002d06c86d8a0
R12=0x0 is null
R13=0x000002d0510d1d01 is pointing into metadata
R14=0x00000000000000b2 is an unknown value
R15=0x0 is null

Top of Stack: (sp=0x000000fb865fa8c0)
0x000000fb865fa8c0:   000002d06c86d8a0 000002d0510d1dc6
0x000000fb865fa8d0:   0000000000000075 000002d010651135
0x000000fb865fa8e0:   000002d0000000b2 000002d06c86d8a0
0x000000fb865fa8f0:   000000fb00000008 00007ffe7352be01
0x000000fb865fa900:   0000000000000000 0000000000000000
0x000000fb865fa910:   ffbfffbf00000115 ffffffbfffffffbf
0x000000fb865fa920:   ffbfffbfffffffbf 000002d0865fffbf
0x000000fb865fa930:   000002d0510cd8f8 000002d06c86d8a0
0x000000fb865fa940:   000002d0510d1f40 000002d06c86d8a0
0x000000fb865fa950:   000002d0510cd8f8 000002d06c86d8a0
0x000000fb865fa960:   000000fb865fac08 000002d0074676f9
0x000000fb865fa970:   000002d007458190 0000000000000000
0x000000fb865fa980:   0000000000000000 000000fb865fac50
0x000000fb865fa990:   000000fb865fac08 000000fb865fac08
0x000000fb865fa9a0:   000002d0074676f9 000002d007458190
0x000000fb865fa9b0:   0000000000000000 0000000000000000
0x000000fb865fa9c0:   000000fb865fac50 000000fb865fac08
0x000000fb865fa9d0:   000002d06c86d8a0 000000fb865fac98
0x000000fb865fa9e0:   000002d0510d1dc6 000002d06c86d8a0
0x000000fb865fa9f0:   000000fb865fab00 00007ffe73357c70
0x000000fb865faa00:   000002d0510d1f40 0000000000000000
0x000000fb865faa10:   00000000000000b2 0000000000000180
0x000000fb865faa20:   000000fb865faaf0 0000000000000000
0x000000fb865faa30:   000002d0000bca60 000002d0100309a8
0x000000fb865faa40:   0000000713811110 0000000000000065
0x000000fb865faa50:   000000fb865fac50 000002d0000a7f1c
0x000000fb865faa60:   00000000865faa90 0000000000000000
0x000000fb865faa70:   000002d0100309a8 0000000712c3cc18
0x000000fb865faa80:   00000007138112d0 0000000712c368c8
0x000000fb865faa90:   000000fb865fab48 000002d0000bcc3a
0x000000fb865faaa0:   000000fb865fac50 000002d00000edf4
0x000000fb865faab0:   000002d0510da7e0 000002d0100d36d8 

Instructions: (pc=0x00007ffe73358262)
0x00007ffe73358162:   eb 03 45 32 e4 41 8d 86 4e ff ff ff 83 f8 01 41
0x00007ffe73358172:   0f 96 c5 40 32 ff 40 38 3d bc 38 8c 00 74 0b 48
0x00007ffe73358182:   8b cb e8 b7 05 1b 00 0f b6 f8 48 8d 4d a0 e8 2b
0x00007ffe73358192:   bb f3 ff 48 8d 4d a0 48 8b f0 e8 df bb f3 ff 80
0x00007ffe733581a2:   3e ca 75 0b 48 8b d6 48 8b c8 e8 1f 55 d7 ff 44
0x00007ffe733581b2:   0f b7 46 01 4c 8d 4d 80 48 89 5c 24 28 48 8d 55
0x00007ffe733581c2:   90 48 8d 4c 24 50 44 89 74 24 20 e8 be bc 1f 00
0x00007ffe733581d2:   4c 39 7b 08 74 16 40 84 ff 0f 84 54 01 00 00 48
0x00007ffe733581e2:   8b cb e8 57 00 1b 00 e9 47 01 00 00 40 84 ff 74
0x00007ffe733581f2:   08 48 8b cb e8 45 00 1b 00 48 8d 4d a0 e8 bc ba
0x00007ffe73358202:   f3 ff 48 8d 4d a0 0f b7 58 01 e8 6f bb f3 ff 48
0x00007ffe73358212:   c1 e3 05 41 8b d6 48 8b 48 08 48 8b 41 08 48 8b
0x00007ffe73358222:   70 10 48 03 f3 48 8d 4e 38 e8 40 10 e1 ff 84 c0
0x00007ffe73358232:   0f 85 fd 00 00 00 48 8b 4c 24 50 8b 44 24 60 48
0x00007ffe73358242:   c1 e9 30 d1 e8 a8 01 74 0d 48 8d 05 de 06 8e 00
0x00007ffe73358252:   48 8b 04 c8 eb 0a 48 8b 44 24 70 48 8b 44 c8 48
0x00007ffe73358262:   0f be 48 06 e8 75 e8 3b 00 8b c8 e8 be 16 c3 ff
0x00007ffe73358272:   48 8b 4c 24 70 8b f8 48 8b 49 18 45 84 ed 74 10
0x00007ffe73358282:   0f b6 89 21 01 00 00 80 f9 04 74 04 b2 01 eb 02
0x00007ffe73358292:   32 d2 48 8b 44 24 70 48 63 5c 24 50 4c 8b 48 18
0x00007ffe733582a2:   49 8b 81 d0 00 00 00 66 83 78 30 35 72 13 49 8b
0x00007ffe733582b2:   81 b8 01 00 00 f6 44 18 04 04 74 05 41 b0 01 eb
0x00007ffe733582c2:   03 45 32 c0 8b 44 24 5c 45 8b df 84 d2 75 2c 41
0x00007ffe733582d2:   0f b6 cd 83 f1 01 8d 14 09 44 8d ba b2 00 00 00
0x00007ffe733582e2:   45 84 e4 74 05 45 84 c0 74 0a 8b c8 c1 e9 04 f6
0x00007ffe733582f2:   c1 01 75 07 44 8d 9a b3 00 00 00 44 8b d0 48 8d
0x00007ffe73358302:   4e 38 c1 e8 04 45 8b c3 24 01 41 c1 ea 06 41 80
0x00007ffe73358312:   e2 01 41 8b d7 44 88 54 24 40 88 44 24 38 8b 44
0x00007ffe73358322:   24 58 89 7c 24 30 89 44 24 28 89 5c 24 20 e8 fb
0x00007ffe73358332:   5d ea ff 48 8d 4d 80 e8 f2 6e fc ff 48 8d 4d 90
0x00007ffe73358342:   e8 e9 6e fc ff 48 8d 4c 24 70 e8 df 6e fc ff 4c
0x00007ffe73358352:   8b a4 24 48 01 00 00 4c 8d 9c 24 10 01 00 00 49 


Stack slot to memory mapping:

stack at sp + 0 slots: 0x000002d06c86d8a0 is a thread
stack at sp + 1 slots: 0x000002d0510d1dc6 is pointing into metadata
stack at sp + 2 slots: 0x0000000000000075 is an unknown value
stack at sp + 3 slots: 0x000002d010651135 is pointing into metadata
stack at sp + 4 slots: 0x000002d0000000b2 is at entry_point+-270 in (nmethod*)0x000002d000000010
Compiled method (c1) 250    1       3       jdk.internal.util.ArraysSupport::signedHashCode (37 bytes)
 total in heap  [0x000002d000000010,0x000002d000000478] = 1128
 relocation     [0x000002d000000170,0x000002d0000001b0] = 64
 main code      [0x000002d0000001c0,0x000002d000000358] = 408
 stub code      [0x000002d000000358,0x000002d000000390] = 56
 metadata       [0x000002d000000390,0x000002d000000398] = 8
 scopes data    [0x000002d000000398,0x000002d0000003d8] = 64
 scopes pcs     [0x000002d0000003d8,0x000002d000000458] = 128
 dependencies   [0x000002d000000458,0x000002d000000460] = 8
 nul chk table  [0x000002d000000460,0x000002d000000478] = 24
stack at sp + 5 slots: 0x000002d06c86d8a0 is a thread
stack at sp + 6 slots: 0x000000fb00000008 is an unknown value
stack at sp + 7 slots: 0x00007ffe7352be01 jvm.dll

getstatic  178 getstatic  [0x000002d0074676a0, 0x000002d0074678a0]  512 bytes
[MachCode]
  0x000002d0074676a0: 4883 ec08 | c5fa 1104 | 24eb 1f48 | 83ec 10c5 | fb11 0424 | eb14 4883 | ec10 4889 | 0424 48c7 
  0x000002d0074676c0: 4424 0800 | 0000 00eb | 0150 410f | b755 0148 | 8b4d d0c1 | e202 8b5c | d138 c1eb | 1081 e3ff 
  0x000002d0074676e0: 0000 0081 | fbb2 0000 | 000f 84b4 | 0000 00bb | b200 0000 | e805 0000 | 00e9 9900 | 0000 488b 
  0x000002d007467700: d348 8d44 | 2408 4c89 | 6dc0 498b | cfc5 f877 | 4989 afa8 | 0300 0049 | 8987 9803 | 0000 4883 
  0x000002d007467720: ec20 40f6 | c40f 0f84 | 1900 0000 | 4883 ec08 | 48b8 107c | 3573 fe7f | 0000 ffd0 | 4883 c408 
  0x000002d007467740: e90c 0000 | 0048 b810 | 7c35 73fe | 7f00 00ff | d048 83c4 | 2049 c787 | 9803 0000 | 0000 0000 
  0x000002d007467760: 49c7 87a8 | 0300 0000 | 0000 0049 | c787 a003 | 0000 0000 | 0000 c5f8 | 7749 837f | 0800 0f84 
  0x000002d007467780: 0500 0000 | e977 97fe | ff4c 8b6d | c04c 8b75 | c84e 8d74 | f500 c341 | 0fb7 5501 | 488b 4dd0 
  0x000002d0074677a0: c1e2 0248 | 8b5c d148 | 8b44 d150 | 4c8b 4cd1 | 404d 8b49 | 704d 8b09 | c1e8 1c83 | e00f 0f85 
  0x000002d0074677c0: 0b00 0000 | 410f be04 | 1950 e9b5 | 0000 0083 | f801 0f85 | 0b00 0000 | 410f b604 | 1950 e9a1 
  0x000002d0074677e0: 0000 0083 | f808 0f85 | 0e00 0000 | 418b 0419 | 48c1 e003 | 50e9 8a00 | 0000 83f8 | 040f 850a 
  0x000002d007467800: 0000 0041 | 8b04 1950 | e977 0000 | 0083 f802 | 0f85 0b00 | 0000 410f | b704 1950 | e963 0000 
  0x000002d007467820: 0083 f803 | 0f85 0b00 | 0000 410f | bf04 1950 | e94f 0000 | 0083 f805 | 0f85 1a00 | 0000 498b 
  0x000002d007467840: 0419 4883 | ec10 4889 | 0424 48c7 | 4424 0800 | 0000 00e9 | 2c00 0000 | 83f8 060f | 8514 0000 
  0x000002d007467860: 00c4 c17a | 1004 1948 | 83ec 08c5 | fa11 0424 | e90f 0000 | 00c4 c17b | 1004 1948 | 83ec 10c5 
  0x000002d007467880: fb11 0424 | 410f b65d | 0349 83c5 | 0349 bab0 | 28c4 73fe | 7f00 0041 | ff24 da0f | 1f44 0000 
[/MachCode]

---------------  P R O C E S S  ---------------

Threads class SMR info:
_java_thread_list=0x000002d00f8d3c50, length=14, elements={
0x000002d06c86d8a0, 0x000002d00f78d7a0, 0x000002d00f78f200, 0x000002d00f791ec0,
0x000002d00f792a40, 0x000002d00f793490, 0x000002d00f793ee0, 0x000002d00f794c60,
0x000002d00f79d830, 0x000002d00f8e5a30, 0x000002d00f8e5360, 0x000002d00f8e45c0,
0x000002d00f8fed30, 0x000002d00f9063a0
}

Java Threads: ( => current thread )
=>0x000002d06c86d8a0 JavaThread "main"                              [_thread_in_vm, id=26960, stack(0x000000fb86500000,0x000000fb86600000) (1024K)]
  0x000002d00f78d7a0 JavaThread "Reference Handler"          daemon [_thread_blocked, id=12304, stack(0x000000fb86d00000,0x000000fb86e00000) (1024K)]
  0x000002d00f78f200 JavaThread "Finalizer"                  daemon [_thread_blocked, id=32016, stack(0x000000fb86e00000,0x000000fb86f00000) (1024K)]
  0x000002d00f791ec0 JavaThread "Signal Dispatcher"          daemon [_thread_blocked, id=14100, stack(0x000000fb86f00000,0x000000fb87000000) (1024K)]
  0x000002d00f792a40 JavaThread "Attach Listener"            daemon [_thread_blocked, id=35496, stack(0x000000fb87000000,0x000000fb87100000) (1024K)]
  0x000002d00f793490 JavaThread "Service Thread"             daemon [_thread_blocked, id=6632, stack(0x000000fb87100000,0x000000fb87200000) (1024K)]
  0x000002d00f793ee0 JavaThread "Monitor Deflation Thread"   daemon [_thread_blocked, id=4660, stack(0x000000fb87200000,0x000000fb87300000) (1024K)]
  0x000002d00f794c60 JavaThread "C2 CompilerThread0"         daemon [_thread_blocked, id=14564, stack(0x000000fb87300000,0x000000fb87400000) (1024K)]
  0x000002d00f79d830 JavaThread "C1 CompilerThread0"         daemon [_thread_blocked, id=3408, stack(0x000000fb87400000,0x000000fb87500000) (1024K)]
  0x000002d00f8e5a30 JavaThread "C1 CompilerThread1"         daemon [_thread_blocked, id=23960, stack(0x000000fb87500000,0x000000fb87600000) (1024K)]
  0x000002d00f8e5360 JavaThread "C1 CompilerThread2"         daemon [_thread_blocked, id=35424, stack(0x000000fb87600000,0x000000fb87700000) (1024K)]
  0x000002d00f8e45c0 JavaThread "C1 CompilerThread3"         daemon [_thread_blocked, id=4104, stack(0x000000fb87700000,0x000000fb87800000) (1024K)]
  0x000002d00f8fed30 JavaThread "Notification Thread"        daemon [_thread_blocked, id=32068, stack(0x000000fb87800000,0x000000fb87900000) (1024K)]
  0x000002d00f9063a0 JavaThread "Common-Cleaner"             daemon [_thread_blocked, id=3700, stack(0x000000fb87900000,0x000000fb87a00000) (1024K)]
Total: 14

Other Threads:
  0x000002d07ffdb210 VMThread "VM Thread"                           [id=27684, stack(0x000000fb86c00000,0x000000fb86d00000) (1024K)]
  0x000002d07ffc95f0 WatcherThread "VM Periodic Task Thread"        [id=32064, stack(0x000000fb86b00000,0x000000fb86c00000) (1024K)]
  0x000002d06edbf6a0 WorkerThread "GC Thread#0"                     [id=11444, stack(0x000000fb86600000,0x000000fb86700000) (1024K)]
  0x000002d06edd11e0 ConcurrentGCThread "G1 Main Marker"            [id=29988, stack(0x000000fb86700000,0x000000fb86800000) (1024K)]
  0x000002d06edd1bf0 WorkerThread "G1 Conc#0"                       [id=30044, stack(0x000000fb86800000,0x000000fb86900000) (1024K)]
  0x000002d07fe9cf00 ConcurrentGCThread "G1 Refine#0"               [id=12656, stack(0x000000fb86900000,0x000000fb86a00000) (1024K)]
  0x000002d07fe9e830 ConcurrentGCThread "G1 Service"                [id=25292, stack(0x000000fb86a00000,0x000000fb86b00000) (1024K)]
Total: 7

Threads with active compile tasks:
Total: 0

VM state: not at safepoint (normal execution)

VM Mutex/Monitor currently owned by a thread: None

Heap address: 0x0000000703c00000, size: 4036 MB, Compressed Oops mode: Zero based, Oop shift amount: 3

CDS archive(s) mapped at: [0x000002d010000000-0x000002d010c80000-0x000002d010c80000), size 13107200, SharedBaseAddress: 0x000002d010000000, ArchiveRelocationMode: 1.
Compressed class space mapped at: 0x000002d011000000-0x000002d051000000, reserved size: 1073741824
Narrow klass base: 0x000002d010000000, Narrow klass shift: 0, Narrow klass range: 0x100000000

GC Precious Log:
 CardTable entry size: 512
 Card Set container configuration: InlinePtr #cards 4 size 8 Array Of Cards #cards 16 size 48 Howl #buckets 8 coarsen threshold 3686 Howl Bitmap #cards 512 size 80 coarsen threshold 460 Card regions per heap region 1 cards per card region 4096
 CPUs: 24 total, 24 available
 Memory: 16143M
 Large Page Support: Disabled
 NUMA Support: Disabled
 Compressed Oops: Enabled (Zero based)
 Heap Region Size: 2M
 Heap Min Capacity: 8M
 Heap Initial Capacity: 254M
 Heap Max Capacity: 4036M
 Pre-touch: Disabled
 Parallel Workers: 18
 Concurrent Workers: 5
 Concurrent Refinement Workers: 18
 Periodic GC: Disabled

Heap:
 garbage-first heap   total 260096K, used 10240K [0x0000000703c00000, 0x0000000800000000)
  region size 2048K, 7 young (14336K), 0 survivors (0K)
 Metaspace       used 3339K, committed 3456K, reserved 1114112K
  class space    used 237K, committed 320K, reserved 1048576K

Heap Regions: E=young(eden), S=young(survivor), O=old, HS=humongous(starts), HC=humongous(continues), CS=collection set, F=free, TAMS=top-at-mark-start, PB=parsable bottom
|   0|0x0000000703c00000, 0x0000000703c00000, 0x0000000703e00000|  0%| F|  |TAMS 0x0000000703c00000| PB 0x0000000703c00000| Untracked 
|   1|0x0000000703e00000, 0x0000000703e00000, 0x0000000704000000|  0%| F|  |TAMS 0x0000000703e00000| PB 0x0000000703e00000| Untracked 
|   2|0x0000000704000000, 0x0000000704000000, 0x0000000704200000|  0%| F|  |TAMS 0x0000000704000000| PB 0x0000000704000000| Untracked 
|   3|0x0000000704200000, 0x0000000704200000, 0x0000000704400000|  0%| F|  |TAMS 0x0000000704200000| PB 0x0000000704200000| Untracked 
|   4|0x0000000704400000, 0x0000000704400000, 0x0000000704600000|  0%| F|  |TAMS 0x0000000704400000| PB 0x0000000704400000| Untracked 
|   5|0x0000000704600000, 0x0000000704600000, 0x0000000704800000|  0%| F|  |TAMS 0x0000000704600000| PB 0x0000000704600000| Untracked 
|   6|0x0000000704800000, 0x0000000704800000, 0x0000000704a00000|  0%| F|  |TAMS 0x0000000704800000| PB 0x0000000704800000| Untracked 
|   7|0x0000000704a00000, 0x0000000704a00000, 0x0000000704c00000|  0%| F|  |TAMS 0x0000000704a00000| PB 0x0000000704a00000| Untracked 
|   8|0x0000000704c00000, 0x0000000704c00000, 0x0000000704e00000|  0%| F|  |TAMS 0x0000000704c00000| PB 0x0000000704c00000| Untracked 
|   9|0x0000000704e00000, 0x0000000704e00000, 0x0000000705000000|  0%| F|  |TAMS 0x0000000704e00000| PB 0x0000000704e00000| Untracked 
|  10|0x0000000705000000, 0x0000000705000000, 0x0000000705200000|  0%| F|  |TAMS 0x0000000705000000| PB 0x0000000705000000| Untracked 
|  11|0x0000000705200000, 0x0000000705200000, 0x0000000705400000|  0%| F|  |TAMS 0x0000000705200000| PB 0x0000000705200000| Untracked 
|  12|0x0000000705400000, 0x0000000705400000, 0x0000000705600000|  0%| F|  |TAMS 0x0000000705400000| PB 0x0000000705400000| Untracked 
|  13|0x0000000705600000, 0x0000000705600000, 0x0000000705800000|  0%| F|  |TAMS 0x0000000705600000| PB 0x0000000705600000| Untracked 
|  14|0x0000000705800000, 0x0000000705800000, 0x0000000705a00000|  0%| F|  |TAMS 0x0000000705800000| PB 0x0000000705800000| Untracked 
|  15|0x0000000705a00000, 0x0000000705a00000, 0x0000000705c00000|  0%| F|  |TAMS 0x0000000705a00000| PB 0x0000000705a00000| Untracked 
|  16|0x0000000705c00000, 0x0000000705c00000, 0x0000000705e00000|  0%| F|  |TAMS 0x0000000705c00000| PB 0x0000000705c00000| Untracked 
|  17|0x0000000705e00000, 0x0000000705e00000, 0x0000000706000000|  0%| F|  |TAMS 0x0000000705e00000| PB 0x0000000705e00000| Untracked 
|  18|0x0000000706000000, 0x0000000706000000, 0x0000000706200000|  0%| F|  |TAMS 0x0000000706000000| PB 0x0000000706000000| Untracked 
|  19|0x0000000706200000, 0x0000000706200000, 0x0000000706400000|  0%| F|  |TAMS 0x0000000706200000| PB 0x0000000706200000| Untracked 
|  20|0x0000000706400000, 0x0000000706400000, 0x0000000706600000|  0%| F|  |TAMS 0x0000000706400000| PB 0x0000000706400000| Untracked 
|  21|0x0000000706600000, 0x0000000706600000, 0x0000000706800000|  0%| F|  |TAMS 0x0000000706600000| PB 0x0000000706600000| Untracked 
|  22|0x0000000706800000, 0x0000000706800000, 0x0000000706a00000|  0%| F|  |TAMS 0x0000000706800000| PB 0x0000000706800000| Untracked 
|  23|0x0000000706a00000, 0x0000000706a00000, 0x0000000706c00000|  0%| F|  |TAMS 0x0000000706a00000| PB 0x0000000706a00000| Untracked 
|  24|0x0000000706c00000, 0x0000000706c00000, 0x0000000706e00000|  0%| F|  |TAMS 0x0000000706c00000| PB 0x0000000706c00000| Untracked 
|  25|0x0000000706e00000, 0x0000000706e00000, 0x0000000707000000|  0%| F|  |TAMS 0x0000000706e00000| PB 0x0000000706e00000| Untracked 
|  26|0x0000000707000000, 0x0000000707000000, 0x0000000707200000|  0%| F|  |TAMS 0x0000000707000000| PB 0x0000000707000000| Untracked 
|  27|0x0000000707200000, 0x0000000707200000, 0x0000000707400000|  0%| F|  |TAMS 0x0000000707200000| PB 0x0000000707200000| Untracked 
|  28|0x0000000707400000, 0x0000000707400000, 0x0000000707600000|  0%| F|  |TAMS 0x0000000707400000| PB 0x0000000707400000| Untracked 
|  29|0x0000000707600000, 0x0000000707600000, 0x0000000707800000|  0%| F|  |TAMS 0x0000000707600000| PB 0x0000000707600000| Untracked 
|  30|0x0000000707800000, 0x0000000707800000, 0x0000000707a00000|  0%| F|  |TAMS 0x0000000707800000| PB 0x0000000707800000| Untracked 
|  31|0x0000000707a00000, 0x0000000707a00000, 0x0000000707c00000|  0%| F|  |TAMS 0x0000000707a00000| PB 0x0000000707a00000| Untracked 
|  32|0x0000000707c00000, 0x0000000707c00000, 0x0000000707e00000|  0%| F|  |TAMS 0x0000000707c00000| PB 0x0000000707c00000| Untracked 
|  33|0x0000000707e00000, 0x0000000707e00000, 0x0000000708000000|  0%| F|  |TAMS 0x0000000707e00000| PB 0x0000000707e00000| Untracked 
|  34|0x0000000708000000, 0x0000000708000000, 0x0000000708200000|  0%| F|  |TAMS 0x0000000708000000| PB 0x0000000708000000| Untracked 
|  35|0x0000000708200000, 0x0000000708200000, 0x0000000708400000|  0%| F|  |TAMS 0x0000000708200000| PB 0x0000000708200000| Untracked 
|  36|0x0000000708400000, 0x0000000708400000, 0x0000000708600000|  0%| F|  |TAMS 0x0000000708400000| PB 0x0000000708400000| Untracked 
|  37|0x0000000708600000, 0x0000000708600000, 0x0000000708800000|  0%| F|  |TAMS 0x0000000708600000| PB 0x0000000708600000| Untracked 
|  38|0x0000000708800000, 0x0000000708800000, 0x0000000708a00000|  0%| F|  |TAMS 0x0000000708800000| PB 0x0000000708800000| Untracked 
|  39|0x0000000708a00000, 0x0000000708a00000, 0x0000000708c00000|  0%| F|  |TAMS 0x0000000708a00000| PB 0x0000000708a00000| Untracked 
|  40|0x0000000708c00000, 0x0000000708c00000, 0x0000000708e00000|  0%| F|  |TAMS 0x0000000708c00000| PB 0x0000000708c00000| Untracked 
|  41|0x0000000708e00000, 0x0000000708e00000, 0x0000000709000000|  0%| F|  |TAMS 0x0000000708e00000| PB 0x0000000708e00000| Untracked 
|  42|0x0000000709000000, 0x0000000709000000, 0x0000000709200000|  0%| F|  |TAMS 0x0000000709000000| PB 0x0000000709000000| Untracked 
|  43|0x0000000709200000, 0x0000000709200000, 0x0000000709400000|  0%| F|  |TAMS 0x0000000709200000| PB 0x0000000709200000| Untracked 
|  44|0x0000000709400000, 0x0000000709400000, 0x0000000709600000|  0%| F|  |TAMS 0x0000000709400000| PB 0x0000000709400000| Untracked 
|  45|0x0000000709600000, 0x0000000709600000, 0x0000000709800000|  0%| F|  |TAMS 0x0000000709600000| PB 0x0000000709600000| Untracked 
|  46|0x0000000709800000, 0x0000000709800000, 0x0000000709a00000|  0%| F|  |TAMS 0x0000000709800000| PB 0x0000000709800000| Untracked 
|  47|0x0000000709a00000, 0x0000000709a00000, 0x0000000709c00000|  0%| F|  |TAMS 0x0000000709a00000| PB 0x0000000709a00000| Untracked 
|  48|0x0000000709c00000, 0x0000000709c00000, 0x0000000709e00000|  0%| F|  |TAMS 0x0000000709c00000| PB 0x0000000709c00000| Untracked 
|  49|0x0000000709e00000, 0x0000000709e00000, 0x000000070a000000|  0%| F|  |TAMS 0x0000000709e00000| PB 0x0000000709e00000| Untracked 
|  50|0x000000070a000000, 0x000000070a000000, 0x000000070a200000|  0%| F|  |TAMS 0x000000070a000000| PB 0x000000070a000000| Untracked 
|  51|0x000000070a200000, 0x000000070a200000, 0x000000070a400000|  0%| F|  |TAMS 0x000000070a200000| PB 0x000000070a200000| Untracked 
|  52|0x000000070a400000, 0x000000070a400000, 0x000000070a600000|  0%| F|  |TAMS 0x000000070a400000| PB 0x000000070a400000| Untracked 
|  53|0x000000070a600000, 0x000000070a600000, 0x000000070a800000|  0%| F|  |TAMS 0x000000070a600000| PB 0x000000070a600000| Untracked 
|  54|0x000000070a800000, 0x000000070a800000, 0x000000070aa00000|  0%| F|  |TAMS 0x000000070a800000| PB 0x000000070a800000| Untracked 
|  55|0x000000070aa00000, 0x000000070aa00000, 0x000000070ac00000|  0%| F|  |TAMS 0x000000070aa00000| PB 0x000000070aa00000| Untracked 
|  56|0x000000070ac00000, 0x000000070ac00000, 0x000000070ae00000|  0%| F|  |TAMS 0x000000070ac00000| PB 0x000000070ac00000| Untracked 
|  57|0x000000070ae00000, 0x000000070ae00000, 0x000000070b000000|  0%| F|  |TAMS 0x000000070ae00000| PB 0x000000070ae00000| Untracked 
|  58|0x000000070b000000, 0x000000070b000000, 0x000000070b200000|  0%| F|  |TAMS 0x000000070b000000| PB 0x000000070b000000| Untracked 
|  59|0x000000070b200000, 0x000000070b200000, 0x000000070b400000|  0%| F|  |TAMS 0x000000070b200000| PB 0x000000070b200000| Untracked 
|  60|0x000000070b400000, 0x000000070b400000, 0x000000070b600000|  0%| F|  |TAMS 0x000000070b400000| PB 0x000000070b400000| Untracked 
|  61|0x000000070b600000, 0x000000070b600000, 0x000000070b800000|  0%| F|  |TAMS 0x000000070b600000| PB 0x000000070b600000| Untracked 
|  62|0x000000070b800000, 0x000000070b800000, 0x000000070ba00000|  0%| F|  |TAMS 0x000000070b800000| PB 0x000000070b800000| Untracked 
|  63|0x000000070ba00000, 0x000000070ba00000, 0x000000070bc00000|  0%| F|  |TAMS 0x000000070ba00000| PB 0x000000070ba00000| Untracked 
|  64|0x000000070bc00000, 0x000000070bc00000, 0x000000070be00000|  0%| F|  |TAMS 0x000000070bc00000| PB 0x000000070bc00000| Untracked 
|  65|0x000000070be00000, 0x000000070be00000, 0x000000070c000000|  0%| F|  |TAMS 0x000000070be00000| PB 0x000000070be00000| Untracked 
|  66|0x000000070c000000, 0x000000070c000000, 0x000000070c200000|  0%| F|  |TAMS 0x000000070c000000| PB 0x000000070c000000| Untracked 
|  67|0x000000070c200000, 0x000000070c200000, 0x000000070c400000|  0%| F|  |TAMS 0x000000070c200000| PB 0x000000070c200000| Untracked 
|  68|0x000000070c400000, 0x000000070c400000, 0x000000070c600000|  0%| F|  |TAMS 0x000000070c400000| PB 0x000000070c400000| Untracked 
|  69|0x000000070c600000, 0x000000070c600000, 0x000000070c800000|  0%| F|  |TAMS 0x000000070c600000| PB 0x000000070c600000| Untracked 
|  70|0x000000070c800000, 0x000000070c800000, 0x000000070ca00000|  0%| F|  |TAMS 0x000000070c800000| PB 0x000000070c800000| Untracked 
|  71|0x000000070ca00000, 0x000000070ca00000, 0x000000070cc00000|  0%| F|  |TAMS 0x000000070ca00000| PB 0x000000070ca00000| Untracked 
|  72|0x000000070cc00000, 0x000000070cc00000, 0x000000070ce00000|  0%| F|  |TAMS 0x000000070cc00000| PB 0x000000070cc00000| Untracked 
|  73|0x000000070ce00000, 0x000000070ce00000, 0x000000070d000000|  0%| F|  |TAMS 0x000000070ce00000| PB 0x000000070ce00000| Untracked 
|  74|0x000000070d000000, 0x000000070d000000, 0x000000070d200000|  0%| F|  |TAMS 0x000000070d000000| PB 0x000000070d000000| Untracked 
|  75|0x000000070d200000, 0x000000070d200000, 0x000000070d400000|  0%| F|  |TAMS 0x000000070d200000| PB 0x000000070d200000| Untracked 
|  76|0x000000070d400000, 0x000000070d400000, 0x000000070d600000|  0%| F|  |TAMS 0x000000070d400000| PB 0x000000070d400000| Untracked 
|  77|0x000000070d600000, 0x000000070d600000, 0x000000070d800000|  0%| F|  |TAMS 0x000000070d600000| PB 0x000000070d600000| Untracked 
|  78|0x000000070d800000, 0x000000070d800000, 0x000000070da00000|  0%| F|  |TAMS 0x000000070d800000| PB 0x000000070d800000| Untracked 
|  79|0x000000070da00000, 0x000000070da00000, 0x000000070dc00000|  0%| F|  |TAMS 0x000000070da00000| PB 0x000000070da00000| Untracked 
|  80|0x000000070dc00000, 0x000000070dc00000, 0x000000070de00000|  0%| F|  |TAMS 0x000000070dc00000| PB 0x000000070dc00000| Untracked 
|  81|0x000000070de00000, 0x000000070de00000, 0x000000070e000000|  0%| F|  |TAMS 0x000000070de00000| PB 0x000000070de00000| Untracked 
|  82|0x000000070e000000, 0x000000070e000000, 0x000000070e200000|  0%| F|  |TAMS 0x000000070e000000| PB 0x000000070e000000| Untracked 
|  83|0x000000070e200000, 0x000000070e200000, 0x000000070e400000|  0%| F|  |TAMS 0x000000070e200000| PB 0x000000070e200000| Untracked 
|  84|0x000000070e400000, 0x000000070e400000, 0x000000070e600000|  0%| F|  |TAMS 0x000000070e400000| PB 0x000000070e400000| Untracked 
|  85|0x000000070e600000, 0x000000070e600000, 0x000000070e800000|  0%| F|  |TAMS 0x000000070e600000| PB 0x000000070e600000| Untracked 
|  86|0x000000070e800000, 0x000000070e800000, 0x000000070ea00000|  0%| F|  |TAMS 0x000000070e800000| PB 0x000000070e800000| Untracked 
|  87|0x000000070ea00000, 0x000000070ea00000, 0x000000070ec00000|  0%| F|  |TAMS 0x000000070ea00000| PB 0x000000070ea00000| Untracked 
|  88|0x000000070ec00000, 0x000000070ec00000, 0x000000070ee00000|  0%| F|  |TAMS 0x000000070ec00000| PB 0x000000070ec00000| Untracked 
|  89|0x000000070ee00000, 0x000000070ee00000, 0x000000070f000000|  0%| F|  |TAMS 0x000000070ee00000| PB 0x000000070ee00000| Untracked 
|  90|0x000000070f000000, 0x000000070f000000, 0x000000070f200000|  0%| F|  |TAMS 0x000000070f000000| PB 0x000000070f000000| Untracked 
|  91|0x000000070f200000, 0x000000070f200000, 0x000000070f400000|  0%| F|  |TAMS 0x000000070f200000| PB 0x000000070f200000| Untracked 
|  92|0x000000070f400000, 0x000000070f400000, 0x000000070f600000|  0%| F|  |TAMS 0x000000070f400000| PB 0x000000070f400000| Untracked 
|  93|0x000000070f600000, 0x000000070f600000, 0x000000070f800000|  0%| F|  |TAMS 0x000000070f600000| PB 0x000000070f600000| Untracked 
|  94|0x000000070f800000, 0x000000070f800000, 0x000000070fa00000|  0%| F|  |TAMS 0x000000070f800000| PB 0x000000070f800000| Untracked 
|  95|0x000000070fa00000, 0x000000070fa00000, 0x000000070fc00000|  0%| F|  |TAMS 0x000000070fa00000| PB 0x000000070fa00000| Untracked 
|  96|0x000000070fc00000, 0x000000070fc00000, 0x000000070fe00000|  0%| F|  |TAMS 0x000000070fc00000| PB 0x000000070fc00000| Untracked 
|  97|0x000000070fe00000, 0x000000070fe00000, 0x0000000710000000|  0%| F|  |TAMS 0x000000070fe00000| PB 0x000000070fe00000| Untracked 
|  98|0x0000000710000000, 0x0000000710000000, 0x0000000710200000|  0%| F|  |TAMS 0x0000000710000000| PB 0x0000000710000000| Untracked 
|  99|0x0000000710200000, 0x0000000710200000, 0x0000000710400000|  0%| F|  |TAMS 0x0000000710200000| PB 0x0000000710200000| Untracked 
| 100|0x0000000710400000, 0x0000000710400000, 0x0000000710600000|  0%| F|  |TAMS 0x0000000710400000| PB 0x0000000710400000| Untracked 
| 101|0x0000000710600000, 0x0000000710600000, 0x0000000710800000|  0%| F|  |TAMS 0x0000000710600000| PB 0x0000000710600000| Untracked 
| 102|0x0000000710800000, 0x0000000710800000, 0x0000000710a00000|  0%| F|  |TAMS 0x0000000710800000| PB 0x0000000710800000| Untracked 
| 103|0x0000000710a00000, 0x0000000710a00000, 0x0000000710c00000|  0%| F|  |TAMS 0x0000000710a00000| PB 0x0000000710a00000| Untracked 
| 104|0x0000000710c00000, 0x0000000710c00000, 0x0000000710e00000|  0%| F|  |TAMS 0x0000000710c00000| PB 0x0000000710c00000| Untracked 
| 105|0x0000000710e00000, 0x0000000710e00000, 0x0000000711000000|  0%| F|  |TAMS 0x0000000710e00000| PB 0x0000000710e00000| Untracked 
| 106|0x0000000711000000, 0x0000000711000000, 0x0000000711200000|  0%| F|  |TAMS 0x0000000711000000| PB 0x0000000711000000| Untracked 
| 107|0x0000000711200000, 0x0000000711200000, 0x0000000711400000|  0%| F|  |TAMS 0x0000000711200000| PB 0x0000000711200000| Untracked 
| 108|0x0000000711400000, 0x0000000711400000, 0x0000000711600000|  0%| F|  |TAMS 0x0000000711400000| PB 0x0000000711400000| Untracked 
| 109|0x0000000711600000, 0x0000000711600000, 0x0000000711800000|  0%| F|  |TAMS 0x0000000711600000| PB 0x0000000711600000| Untracked 
| 110|0x0000000711800000, 0x0000000711800000, 0x0000000711a00000|  0%| F|  |TAMS 0x0000000711800000| PB 0x0000000711800000| Untracked 
| 111|0x0000000711a00000, 0x0000000711a00000, 0x0000000711c00000|  0%| F|  |TAMS 0x0000000711a00000| PB 0x0000000711a00000| Untracked 
| 112|0x0000000711c00000, 0x0000000711c00000, 0x0000000711e00000|  0%| F|  |TAMS 0x0000000711c00000| PB 0x0000000711c00000| Untracked 
| 113|0x0000000711e00000, 0x0000000711e00000, 0x0000000712000000|  0%| F|  |TAMS 0x0000000711e00000| PB 0x0000000711e00000| Untracked 
| 114|0x0000000712000000, 0x0000000712000000, 0x0000000712200000|  0%| F|  |TAMS 0x0000000712000000| PB 0x0000000712000000| Untracked 
| 115|0x0000000712200000, 0x0000000712200000, 0x0000000712400000|  0%| F|  |TAMS 0x0000000712200000| PB 0x0000000712200000| Untracked 
| 116|0x0000000712400000, 0x0000000712400000, 0x0000000712600000|  0%| F|  |TAMS 0x0000000712400000| PB 0x0000000712400000| Untracked 
| 117|0x0000000712600000, 0x0000000712600000, 0x0000000712800000|  0%| F|  |TAMS 0x0000000712600000| PB 0x0000000712600000| Untracked 
| 118|0x0000000712800000, 0x0000000712800000, 0x0000000712a00000|  0%| F|  |TAMS 0x0000000712800000| PB 0x0000000712800000| Untracked 
| 119|0x0000000712a00000, 0x0000000712a00000, 0x0000000712c00000|  0%| F|  |TAMS 0x0000000712a00000| PB 0x0000000712a00000| Untracked 
| 120|0x0000000712c00000, 0x0000000712c70a58, 0x0000000712e00000| 22%| E|  |TAMS 0x0000000712c00000| PB 0x0000000712c00000| Complete 
| 121|0x0000000712e00000, 0x0000000713000000, 0x0000000713000000|100%| E|CS|TAMS 0x0000000712e00000| PB 0x0000000712e00000| Complete 
| 122|0x0000000713000000, 0x0000000713200000, 0x0000000713200000|100%| E|CS|TAMS 0x0000000713000000| PB 0x0000000713000000| Complete 
| 123|0x0000000713200000, 0x0000000713400000, 0x0000000713400000|100%| E|CS|TAMS 0x0000000713200000| PB 0x0000000713200000| Complete 
| 124|0x0000000713400000, 0x0000000713600000, 0x0000000713600000|100%| E|  |TAMS 0x0000000713400000| PB 0x0000000713400000| Complete 
| 125|0x0000000713600000, 0x0000000713800000, 0x0000000713800000|100%| E|CS|TAMS 0x0000000713600000| PB 0x0000000713600000| Complete 
| 126|0x0000000713800000, 0x0000000713a00000, 0x0000000713a00000|100%| E|CS|TAMS 0x0000000713800000| PB 0x0000000713800000| Complete 

Card table byte_map: [0x000002d078a00000,0x000002d0791f0000] _byte_map_base: 0x000002d0751e2000

Marking Bits: (CMBitMap*) 0x000002d06edc0cc0
 Bits: [0x000002d0791f0000, 0x000002d07d100000)

Polling page: 0x000002d06ca40000

Metaspace:

Usage:
  Non-class:      3.03 MB used.
      Class:    237.03 KB used.
       Both:      3.26 MB used.

Virtual space:
  Non-class space:       64.00 MB reserved,       3.06 MB (  5%) committed,  1 nodes.
      Class space:        1.00 GB reserved,     320.00 KB ( <1%) committed,  1 nodes.
             Both:        1.06 GB reserved,       3.38 MB ( <1%) committed. 

Chunk freelists:
   Non-Class:  9.82 MB
       Class:  15.58 MB
        Both:  25.40 MB

MaxMetaspaceSize: unlimited
CompressedClassSpaceSize: 1.00 GB
Initial GC threshold: 21.00 MB
Current GC threshold: 21.00 MB
CDS: on
 - commit_granule_bytes: 65536.
 - commit_granule_words: 8192.
 - virtual_space_node_default_size: 8388608.
 - enlarge_chunks_in_place: 1.
 - use_allocation_guard: 0.


Internal statistics:

num_allocs_failed_limit: 0.
num_arena_births: 10.
num_arena_deaths: 0.
num_vsnodes_births: 2.
num_vsnodes_deaths: 0.
num_space_committed: 54.
num_space_uncommitted: 0.
num_chunks_returned_to_freelist: 0.
num_chunks_taken_from_freelist: 92.
num_chunk_merges: 0.
num_chunk_splits: 82.
num_chunks_enlarged: 78.
num_inconsistent_stats: 0.

CodeHeap 'non-profiled nmethods': size=119168Kb used=127Kb max_used=127Kb free=119040Kb
 bounds [0x000002d007ba0000, 0x000002d007e10000, 0x000002d00f000000]
CodeHeap 'profiled nmethods': size=119104Kb used=760Kb max_used=760Kb free=118343Kb
 bounds [0x000002d000000000, 0x000002d000270000, 0x000002d007450000]
CodeHeap 'non-nmethods': size=7488Kb used=3057Kb max_used=3069Kb free=4430Kb
 bounds [0x000002d007450000, 0x000002d007760000, 0x000002d007ba0000]
 total_blobs=948 nmethods=478 adapters=372
 compilation: enabled
              stopped_count=0, restarted_count=0
 full_count=0

Compilation events (20 events):
Event: 0.210 Thread 0x000002d00f8e45c0  469       3       java.lang.CharacterDataLatin1::toLowerCase (44 bytes)
Event: 0.210 Thread 0x000002d00f8e45c0 nmethod 469 0x000002d0000bbb90 code [0x000002d0000bbd40, 0x000002d0000bbfa8]
Event: 0.213 Thread 0x000002d00f794c60  470       4       java.lang.StringLatin1::canEncode (13 bytes)
Event: 0.213 Thread 0x000002d00f794c60 nmethod 470 0x000002d007bbf210 code [0x000002d007bbf3a0, 0x000002d007bbf428]
Event: 0.221 Thread 0x000002d00f8e5a30  471       3       java.lang.Enum::<init> (15 bytes)
Event: 0.221 Thread 0x000002d00f8e5a30 nmethod 471 0x000002d0000bc010 code [0x000002d0000bc1c0, 0x000002d0000bc390]
Event: 0.222 Thread 0x000002d00f8e5a30  472       1       java.lang.Enum::name (5 bytes)
Event: 0.222 Thread 0x000002d00f8e5a30 nmethod 472 0x000002d007bbf510 code [0x000002d007bbf6a0, 0x000002d007bbf770]
Event: 0.225 Thread 0x000002d00f8e5a30  473       3       java.lang.CharacterDataLatin1::getProperties (11 bytes)
Event: 0.225 Thread 0x000002d00f79d830  474       3       java.lang.CharacterDataLatin1::toUpperCaseEx (71 bytes)
Event: 0.225 Thread 0x000002d00f8e5a30 nmethod 473 0x000002d0000bc490 code [0x000002d0000bc640, 0x000002d0000bc788]
Event: 0.226 Thread 0x000002d00f79d830 nmethod 474 0x000002d0000bc890 code [0x000002d0000bca40, 0x000002d0000bcce8]
Event: 0.227 Thread 0x000002d00f8e5a30  475       3       java.util.concurrent.ConcurrentHashMap::put (8 bytes)
Event: 0.227 Thread 0x000002d00f8e5a30 nmethod 475 0x000002d0000bce10 code [0x000002d0000bcfc0, 0x000002d0000bd100]
Event: 0.227 Thread 0x000002d00f8e45c0  476       1       sun.util.locale.BaseLocale::getLanguage (5 bytes)
Event: 0.227 Thread 0x000002d00f8e45c0 nmethod 476 0x000002d007bbf810 code [0x000002d007bbf9a0, 0x000002d007bbfa70]
Event: 0.229 Thread 0x000002d00f8e5360  477       1       sun.security.util.KnownOIDs::registerNames (2 bytes)
Event: 0.229 Thread 0x000002d00f8e5360 nmethod 477 0x000002d007bbfb10 code [0x000002d007bbfca0, 0x000002d007bbfd68]
Event: 0.230 Thread 0x000002d00f8e45c0  478       3       java.lang.StringLatin1::toUpperCase (186 bytes)
Event: 0.230 Thread 0x000002d00f8e45c0 nmethod 478 0x000002d0000bd190 code [0x000002d0000bd420, 0x000002d0000bdf18]

GC Heap History (0 events):
No events

Dll operation events (6 events):
Event: 0.005 Loaded shared library C:\Users\Admin\.gradle\jdks\eclipse_adoptium-21-amd64-windows.2\bin\java.dll
Event: 0.032 Loaded shared library C:\Users\Admin\.gradle\jdks\eclipse_adoptium-21-amd64-windows.2\bin\jsvml.dll
Event: 0.046 Loaded shared library C:\Users\Admin\.gradle\jdks\eclipse_adoptium-21-amd64-windows.2\bin\net.dll
Event: 0.049 Loaded shared library C:\Users\Admin\.gradle\jdks\eclipse_adoptium-21-amd64-windows.2\bin\nio.dll
Event: 0.056 Loaded shared library C:\Users\Admin\.gradle\jdks\eclipse_adoptium-21-amd64-windows.2\bin\zip.dll
Event: 0.201 Loaded shared library C:\Users\Admin\.gradle\jdks\eclipse_adoptium-21-amd64-windows.2\bin\jimage.dll

Deoptimization events (10 events):
Event: 0.069 Thread 0x000002d06c86d8a0 DEOPT PACKING pc=0x000002d00001c7c9 sp=0x000000fb865f95f0
Event: 0.069 Thread 0x000002d06c86d8a0 DEOPT UNPACKING pc=0x000002d0074a4e42 sp=0x000000fb865f8a78 mode 0
Event: 0.139 Thread 0x000002d06c86d8a0 DEOPT PACKING pc=0x000002d00001bdcc sp=0x000000fb865fcca0
Event: 0.139 Thread 0x000002d06c86d8a0 DEOPT UNPACKING pc=0x000002d0074a4e42 sp=0x000000fb865fc0c0 mode 0
Event: 0.148 Thread 0x000002d06c86d8a0 DEOPT PACKING pc=0x000002d00001a5cc sp=0x000000fb865f9610
Event: 0.148 Thread 0x000002d06c86d8a0 DEOPT UNPACKING pc=0x000002d0074a4e42 sp=0x000000fb865f8a78 mode 0
Event: 0.189 Thread 0x000002d06c86d8a0 Uncommon trap: trap_request=0xffffff45 fr.pc=0x000002d007ba98f8 relative=0x00000000000002b8
Event: 0.189 Thread 0x000002d06c86d8a0 Uncommon trap: reason=unstable_if action=reinterpret pc=0x000002d007ba98f8 method=java.lang.StringLatin1.hashCode([B)I @ 2 c2
Event: 0.189 Thread 0x000002d06c86d8a0 DEOPT PACKING pc=0x000002d007ba98f8 sp=0x000000fb865fa350
Event: 0.189 Thread 0x000002d06c86d8a0 DEOPT UNPACKING pc=0x000002d0074a46a2 sp=0x000000fb865fa280 mode 2

Classes loaded (20 events):
Event: 0.221 Loading class sun/security/util/KnownOIDs$1
Event: 0.222 Loading class sun/security/util/KnownOIDs$1 done
Event: 0.222 Loading class sun/security/util/KnownOIDs$2
Event: 0.222 Loading class sun/security/util/KnownOIDs$2 done
Event: 0.222 Loading class sun/security/util/KnownOIDs$3
Event: 0.222 Loading class sun/security/util/KnownOIDs$3 done
Event: 0.223 Loading class sun/security/util/KnownOIDs$4
Event: 0.223 Loading class sun/security/util/KnownOIDs$4 done
Event: 0.223 Loading class sun/security/util/KnownOIDs$5
Event: 0.223 Loading class sun/security/util/KnownOIDs$5 done
Event: 0.223 Loading class sun/security/util/KnownOIDs$6
Event: 0.223 Loading class sun/security/util/KnownOIDs$6 done
Event: 0.223 Loading class sun/security/util/KnownOIDs$7
Event: 0.223 Loading class sun/security/util/KnownOIDs$7 done
Event: 0.223 Loading class sun/security/util/KnownOIDs$8
Event: 0.223 Loading class sun/security/util/KnownOIDs$8 done
Event: 0.223 Loading class sun/security/util/KnownOIDs$9
Event: 0.223 Loading class sun/security/util/KnownOIDs$9 done
Event: 0.223 Loading class sun/security/util/KnownOIDs$10
Event: 0.223 Loading class sun/security/util/KnownOIDs$10 done

Classes unloaded (0 events):
No events

Classes redefined (0 events):
No events

Internal exceptions (0 events):
No events

ZGC Phase Switch (0 events):
No events

VM Operations (6 events):
Event: 0.057 Executing VM operation: HandshakeAllThreads (Deoptimize)
Event: 0.057 Executing VM operation: HandshakeAllThreads (Deoptimize) done
Event: 0.190 Executing VM operation: HandshakeAllThreads (Deoptimize)
Event: 0.190 Executing VM operation: HandshakeAllThreads (Deoptimize) done
Event: 0.209 Executing VM operation: HandshakeAllThreads (Deoptimize)
Event: 0.209 Executing VM operation: HandshakeAllThreads (Deoptimize) done

Memory protections (0 events):
No events

Nmethod flushes (0 events):
No events

Events (14 events):
Event: 0.019 Thread 0x000002d06c86d8a0 Thread added: 0x000002d06c86d8a0
Event: 0.030 Thread 0x000002d06c86d8a0 Thread added: 0x000002d00f78d7a0
Event: 0.030 Thread 0x000002d06c86d8a0 Thread added: 0x000002d00f78f200
Event: 0.030 Thread 0x000002d06c86d8a0 Thread added: 0x000002d00f791ec0
Event: 0.030 Thread 0x000002d06c86d8a0 Thread added: 0x000002d00f792a40
Event: 0.030 Thread 0x000002d06c86d8a0 Thread added: 0x000002d00f793490
Event: 0.030 Thread 0x000002d06c86d8a0 Thread added: 0x000002d00f793ee0
Event: 0.030 Thread 0x000002d06c86d8a0 Thread added: 0x000002d00f794c60
Event: 0.031 Thread 0x000002d06c86d8a0 Thread added: 0x000002d00f79d830
Event: 0.040 Thread 0x000002d00f79d830 Thread added: 0x000002d00f8e5a30
Event: 0.040 Thread 0x000002d00f79d830 Thread added: 0x000002d00f8e5360
Event: 0.040 Thread 0x000002d00f79d830 Thread added: 0x000002d00f8e45c0
Event: 0.042 Thread 0x000002d06c86d8a0 Thread added: 0x000002d00f8fed30
Event: 0.043 Thread 0x000002d06c86d8a0 Thread added: 0x000002d00f9063a0


Dynamic libraries:
0x00007ff6540c0000 - 0x00007ff6540ce000 	C:\Users\Admin\.gradle\jdks\eclipse_adoptium-21-amd64-windows.2\bin\java.exe
0x00007fff2b6c0000 - 0x00007fff2b926000 	C:\Windows\SYSTEM32\ntdll.dll
0x00007fff2a940000 - 0x00007fff2aa09000 	C:\Windows\System32\KERNEL32.DLL
0x00007fff28a00000 - 0x00007fff28dfa000 	C:\Windows\System32\KERNELBASE.dll
0x00007fff28e00000 - 0x00007fff28f4c000 	C:\Windows\System32\ucrtbase.dll
0x00007fff02250000 - 0x00007fff02268000 	C:\Users\Admin\.gradle\jdks\eclipse_adoptium-21-amd64-windows.2\bin\jli.dll
0x00007fff2b160000 - 0x00007fff2b327000 	C:\Windows\System32\USER32.dll
0x00007ffef89a0000 - 0x00007ffef89be000 	C:\Users\Admin\.gradle\jdks\eclipse_adoptium-21-amd64-windows.2\bin\VCRUNTIME140.dll
0x00007fff29280000 - 0x00007fff292a7000 	C:\Windows\System32\win32u.dll
0x00007fff2b130000 - 0x00007fff2b15b000 	C:\Windows\System32\GDI32.dll
0x00007fff29010000 - 0x00007fff2913b000 	C:\Windows\System32\gdi32full.dll
0x00007fff09030000 - 0x00007fff092c2000 	C:\Windows\WinSxS\amd64_microsoft.windows.common-controls_6595b64144ccf1df_6.0.26100.8521_none_3e08b75ce33403b3\COMCTL32.dll
0x00007fff28950000 - 0x00007fff289f3000 	C:\Windows\System32\msvcp_win.dll
0x00007fff2afb0000 - 0x00007fff2b059000 	C:\Windows\System32\msvcrt.dll
0x00007fff2a370000 - 0x00007fff2a3a2000 	C:\Windows\System32\IMM32.DLL
0x00007ffef8990000 - 0x00007ffef899c000 	C:\Users\Admin\.gradle\jdks\eclipse_adoptium-21-amd64-windows.2\bin\vcruntime140_1.dll
0x00007ffeca170000 - 0x00007ffeca1fd000 	C:\Users\Admin\.gradle\jdks\eclipse_adoptium-21-amd64-windows.2\bin\msvcp140.dll
0x00007ffe72f80000 - 0x00007ffe73d10000 	C:\Users\Admin\.gradle\jdks\eclipse_adoptium-21-amd64-windows.2\bin\server\jvm.dll
0x00007fff2a3b0000 - 0x00007fff2a466000 	C:\Windows\System32\ADVAPI32.dll
0x00007fff2b550000 - 0x00007fff2b5fa000 	C:\Windows\System32\sechost.dll
0x00007fff29a20000 - 0x00007fff29b38000 	C:\Windows\System32\RPCRT4.dll
0x00007fff2a750000 - 0x00007fff2a7d0000 	C:\Windows\System32\WS2_32.dll
0x00007fff28380000 - 0x00007fff283de000 	C:\Windows\SYSTEM32\POWRPROF.dll
0x00007fff1b0e0000 - 0x00007fff1b116000 	C:\Windows\SYSTEM32\WINMM.dll
0x00007fff21770000 - 0x00007fff2177b000 	C:\Windows\SYSTEM32\VERSION.dll
0x00007fff28320000 - 0x00007fff28334000 	C:\Windows\SYSTEM32\UMPDC.dll
0x00007fff276a0000 - 0x00007fff276bb000 	C:\Windows\SYSTEM32\kernel.appcore.dll
0x00007ffef8980000 - 0x00007ffef898a000 	C:\Users\Admin\.gradle\jdks\eclipse_adoptium-21-amd64-windows.2\bin\jimage.dll
0x00007fff10240000 - 0x00007fff10482000 	C:\Windows\SYSTEM32\DBGHELP.DLL
0x00007fff2aa40000 - 0x00007fff2adc3000 	C:\Windows\System32\combase.dll
0x00007fff29940000 - 0x00007fff29a19000 	C:\Windows\System32\OLEAUT32.dll
0x00007fff08ab0000 - 0x00007fff08aeb000 	C:\Windows\SYSTEM32\dbgcore.DLL
0x00007fff29140000 - 0x00007fff291e8000 	C:\Windows\System32\bcryptPrimitives.dll
0x00007ffef8950000 - 0x00007ffef896f000 	C:\Users\Admin\.gradle\jdks\eclipse_adoptium-21-amd64-windows.2\bin\java.dll
0x00007fff29b40000 - 0x00007fff2a2c4000 	C:\Windows\System32\SHELL32.dll
0x00007fff264f0000 - 0x00007fff26d70000 	C:\Windows\SYSTEM32\windows.storage.dll
0x00007fff2a4e0000 - 0x00007fff2a5d6000 	C:\Windows\System32\SHCORE.dll
0x00007fff2a470000 - 0x00007fff2a4d7000 	C:\Windows\System32\shlwapi.dll
0x00007fff28870000 - 0x00007fff28899000 	C:\Windows\SYSTEM32\profapi.dll
0x00007ffeca090000 - 0x00007ffeca167000 	C:\Users\Admin\.gradle\jdks\eclipse_adoptium-21-amd64-windows.2\bin\jsvml.dll
0x00007ffef88f0000 - 0x00007ffef8900000 	C:\Users\Admin\.gradle\jdks\eclipse_adoptium-21-amd64-windows.2\bin\net.dll
0x00007fff21460000 - 0x00007fff21589000 	C:\Windows\SYSTEM32\WINHTTP.dll
0x00007fff27bf0000 - 0x00007fff27c5c000 	C:\Windows\system32\mswsock.dll
0x00007ffef88d0000 - 0x00007ffef88e6000 	C:\Users\Admin\.gradle\jdks\eclipse_adoptium-21-amd64-windows.2\bin\nio.dll
0x00007ffef8900000 - 0x00007ffef8918000 	C:\Users\Admin\.gradle\jdks\eclipse_adoptium-21-amd64-windows.2\bin\zip.dll

dbghelp: loaded successfully - version: 4.0.5 - missing functions: none
symbol engine: initialized successfully - sym options: 0x614 - pdb path: .;C:\Users\Admin\.gradle\jdks\eclipse_adoptium-21-amd64-windows.2\bin;C:\Windows\SYSTEM32;C:\Windows\WinSxS\amd64_microsoft.windows.common-controls_6595b64144ccf1df_6.0.26100.8521_none_3e08b75ce33403b3;C:\Users\Admin\.gradle\jdks\eclipse_adoptium-21-amd64-windows.2\bin\server

VM Arguments:
java_command: com.google.prefab.cli.AppKt --build-system cmake --platform android --abi arm64-v8a --os-version 24 --stl c++_shared --ndk-version 27 --output C:\\Users\\Admin\\AppData\\Local\\Temp\\agp-prefab-staging7818484220210962189\\staged-cli-output C:\\Users\\Admin\\.gradle\\caches\\9.3.1\\transforms\\59620672dad6b66e63202d7c7879dbd9\\workspace\\transformed\\react-android-0.85.3-release\\prefab C:\\Users\\Admin\\.gradle\\caches\\9.3.1\\transforms\\7a37de1c07810a7b61641ccd7881b784\\workspace\\transformed\\hermes-android-250829098.0.10-release\\prefab C:\\Users\\Admin\\.gradle\\caches\\9.3.1\\transforms\\6f1f7af63467440b9fe6f23d6ac7fd9b\\workspace\\transformed\\fbjni-0.7.0\\prefab
java_class_path (initial): C:\\Users\\Admin\\.gradle\\caches\\modules-2\\files-2.1\\com.google.prefab\\cli\\2.1.0\\aa32fec809c44fa531f01dcfb739b5b3304d3050\\cli-2.1.0-all.jar
Launcher Type: SUN_STANDARD

[Global flags]
     intx CICompilerCount                          = 12                                        {product} {ergonomic}
     uint ConcGCThreads                            = 5                                         {product} {ergonomic}
     uint G1ConcRefinementThreads                  = 18                                        {product} {ergonomic}
   size_t G1HeapRegionSize                         = 2097152                                   {product} {ergonomic}
    uintx GCDrainStackTargetSize                   = 64                                        {product} {ergonomic}
   size_t InitialHeapSize                          = 266338304                                 {product} {ergonomic}
   size_t MarkStackSize                            = 4194304                                   {product} {ergonomic}
   size_t MaxHeapSize                              = 4232052736                                {product} {ergonomic}
   size_t MaxNewSize                               = 2537553920                                {product} {ergonomic}
   size_t MinHeapDeltaBytes                        = 2097152                                   {product} {ergonomic}
   size_t MinHeapSize                              = 8388608                                   {product} {ergonomic}
    uintx NonNMethodCodeHeapSize                   = 7602480                                {pd product} {ergonomic}
    uintx NonProfiledCodeHeapSize                  = 122027880                              {pd product} {ergonomic}
    uintx ProfiledCodeHeapSize                     = 122027880                              {pd product} {ergonomic}
    uintx ReservedCodeCacheSize                    = 251658240                              {pd product} {ergonomic}
     bool SegmentedCodeCache                       = true                                      {product} {ergonomic}
   size_t SoftMaxHeapSize                          = 4232052736                             {manageable} {ergonomic}
     bool UseCompressedOops                        = true                           {product lp64_product} {ergonomic}
     bool UseG1GC                                  = true                                      {product} {ergonomic}
     bool UseLargePagesIndividualAllocation        = false                                  {pd product} {ergonomic}

Logging:
Log output configuration:
 #0: stdout all=warning uptime,level,tags foldmultilines=false
 #1: stderr all=off uptime,level,tags foldmultilines=false

Environment Variables:
JAVA_HOME=C:\Program Files\Eclipse Adoptium\jdk-17.0.19.10-hotspot
PATH=C:\Program Files\Git\usr\bin;C:\Program Files\Git\usr\bin;C:\Program Files\Eclipse Adoptium\jdk-17.0.19.10-hotspot\bin;C:\Program Files\Common Files\Oracle\Java\javapath;C:\WINDOWS\system32;C:\WINDOWS;C:\WINDOWS\System32\Wbem;C:\WINDOWS\System32\WindowsPowerShell\v1.0;C:\Program Files (x86)\NVIDIA Corporation\PhysX\Common;C:\Program Files\Go\bin;C:\Windows\System32\OpenSSH;C:\Program Files (x86)\Microsoft SQL Server\160\Tools\Binn;C:\Program Files\dotnet;C:\Program Files\Microsoft SQL Server\160\DTS\Binn;C:\Windows\system32;C:\Windows;C:\Windows\System32\Wbem;C:\Windows\System32\WindowsPowerShell\v1.0;C:\Windows\System32\OpenSSH;C:\Program Files\Microsoft SQL Server\Client SDK\ODBC\170\Tools\Binn;C:\Program Files\nodejs;C:\Program Files\Git\cmd;C:\Program Files\Cloudflare\Cloudflare WARP;C:\Users\Admin\AppData\Local\Android\Sdk\platform-tools;C:\Users\Admin\AppData\Local\Android\Sdk\emulator;C:\Users\Admin\AppData\Local\Android\Sdk\tools;C:\Program Files\Common Files\Oracle\Java\javapath;C:\WINDOWS\system32;C:\WINDOWS;C:\WINDOWS\System32\Wbem;C:\WINDOWS\System32\WindowsPowerShell\v1.0;C:\Program Files (x86)\NVIDIA Corporation\PhysX\Common;C:\Program Files\Go\bin;C:\Windows\System32\OpenSSH;C:\Program Files (x86)\Microsoft SQL Server\160\Tools\Binn;C:\Program Files\dotnet;C:\Program Files\Microsoft SQL Server\160\DTS\Binn;C:\Windows\system32;C:\Windows;C:\Windows\System32\Wbem;C:\Windows\System32\WindowsPowerShell\v1.0;C:\Windows\System32\OpenSSH;C:\Program Files\Microsoft SQL Server\Client SDK\ODBC\170\Tools\Binn;C:\Program Files\Docker\Docker\resources\bin;C:\Program Files\nodejs;C:\Program Files\Git\cmd;C:\Users\Admin\AppData\Local\Programs\Python\Python314\Scripts;C:\Users\Admin\AppData\Local\Programs\Python\Python314;C:\Users\Admin\AppData\Local\Programs\Python\Launcher;C:\Users\Admin\.local\bin;C:\Users\Admin\AppData\Local\Programs\Python\Python310\Scripts;C:\Users\Admin\AppData\Local\Programs\Python\Python310;C:\Program Files\Python311\Scripts;C:\Program Files\Python311;C:\WINDOWS\system32;C:\WINDOWS;C:\WINDOWS\System32\Wbem;C:\WINDOWS\System32\WindowsPowerShell\v1.0;C:\Python311\python.exe;C:\Program Files\Git\cmd;C:\Python311\Scripts;C:\Python311\Scripts\pip.exe;C:\Users\Admin\Downloads\spark-3.5.1-bin-hadoop3\spark-3.5.1-bin-hadoop3\bin;C:\Users\Admin\Downloads\hadoop-3.4.0\hadoop-3.4.0\bin;C:\Program Files\Java\jdk-19\bin;C:\spark\bin;C:\Users\Admin\go\bin;C:\Program Files\Eclipse Adoptium\jdk-17.0.19.10-hotspot\bin;C:\Program Files\Git\git-bash.exe;C:\Program Files\JetBrains\DataGrip 2023.1.2\bin;C:\Program Files\JetBrains\PyCharm 2023.2.1\bin;C:\Program Files\heroku\bin;C:\Program Files\Tesseract-OCR;C:\Users\Admin\AppData\Local\Microsoft\WindowsApps;C:\Users\Admin\AppData\Local\Programs\Antigravity\bin;C:\Users\Admin\AppData\Roaming\npm;C:\Users\Admin\AppData\Local\Android\Sdk\platform-tools
USERNAME=Admin
SHELL=C:\Program Files\Git\usr\bin\bash.exe
LANG=en_US.UTF-8
TERM=xterm-256color
TMPDIR=C:\Users\Admin\AppData\Local\Temp\.ctx-mode-0OD03W
OS=Windows_NT
PROCESSOR_IDENTIFIER=Intel64 Family 6 Model 183 Stepping 1, GenuineIntel
TMP=C:\Users\Admin\AppData\Local\Temp
TEMP=C:\Users\Admin\AppData\Local\Temp




Periodic native trim disabled

---------------  S Y S T E M  ---------------

OS:
 Windows 11 , 64 bit Build 26100 (10.0.26100.8521)
OS uptime: 0 days 5:10 hours
Hyper-V role detected

CPU: total 24 (initial active 24) (12 cores per cpu, 2 threads per core) family 6 model 183 stepping 1 microcode 0x10b, cx8, cmov, fxsr, ht, mmx, 3dnowpref, sse, sse2, sse3, ssse3, sse4.1, sse4.2, popcnt, lzcnt, tsc, tscinvbit, avx, avx2, aes, erms, clmul, bmi1, bmi2, adx, sha, fma, vzeroupper, clflush, clflushopt, clwb, hv, serialize, rdtscp, rdpid, fsrm, f16c, cet_ibt, cet_ss
Processor Information for the first 24 processors :
  Max Mhz: 3400, Current Mhz: 3400, Mhz Limit: 3400

Memory: 4k page, system-wide physical 16143M (2378M free)
TotalPageFile size 40902M (AvailPageFile size 3656M)
current process WorkingSet (physical memory assigned to process): 55M, peak: 55M
current process commit charge ("private bytes"): 366M, peak: 366M

vm_info: OpenJDK 64-Bit Server VM (21.0.7+6-LTS) for windows-amd64 JRE (21.0.7+6-LTS), built on 2025-04-15T00:00:00Z by "admin" with MS VC++ 17.7 (VS2022)

END.
