--------- beginning of system
09-03 21:15:57.077   562  4876 W ActivityTaskManager: callingPackage for (uid=2000, pid=5782) has no WPC
09-03 21:15:57.077   562  4876 D CompatibilityChangeReporter: Compat change id reported: 265464455; UID 10194; state: DISABLED
09-03 21:15:57.077   562  4876 D CompatibilityChangeReporter: Compat change id reported: 265452344; UID 10194; state: DISABLED
09-03 21:15:57.077   562  4876 D CompatibilityChangeReporter: Compat change id reported: 266124927; UID 10194; state: DISABLED
09-03 21:15:57.077   562  4876 D CompatibilityChangeReporter: Compat change id reported: 265451093; UID 10194; state: DISABLED
09-03 21:15:57.077   562  4876 D CompatibilityChangeReporter: Compat change id reported: 265456536; UID 10194; state: DISABLED
09-03 21:15:57.077   562  4876 D CompatibilityChangeReporter: Compat change id reported: 255940284; UID 10194; state: DISABLED
09-03 21:15:57.077   562  4876 D CompatibilityChangeReporter: Compat change id reported: 236283604; UID 10194; state: DISABLED
09-03 21:15:57.077   562  4876 D CompatibilityChangeReporter: Compat change id reported: 263959004; UID 10194; state: DISABLED
09-03 21:15:57.077   562  4876 D CompatibilityChangeReporter: Compat change id reported: 264304459; UID 10194; state: DISABLED
09-03 21:15:57.077   562  4876 D CompatibilityChangeReporter: Compat change id reported: 264301586; UID 10194; state: DISABLED
09-03 21:15:57.077   562  4876 D CompatibilityChangeReporter: Compat change id reported: 254631730; UID 10194; state: DISABLED
09-03 21:15:57.077   562  4876 D CompatibilityChangeReporter: Compat change id reported: 273509367; UID 10194; state: DISABLED
09-03 21:15:57.077   562  4876 D CompatibilityChangeReporter: Compat change id reported: 263259275; UID 10194; state: DISABLED
09-03 21:15:57.077   562  4876 D CompatibilityChangeReporter: Compat change id reported: 174042980; UID 10194; state: DISABLED
09-03 21:15:57.077   562  4876 D CompatibilityChangeReporter: Compat change id reported: 174042936; UID 10194; state: DISABLED
09-03 21:15:57.077   562  4876 D CompatibilityChangeReporter: Compat change id reported: 181136395; UID 10194; state: DISABLED
09-03 21:15:57.078   562  4876 D CompatibilityChangeReporter: Compat change id reported: 194480991; UID 10194; state: ENABLED
09-03 21:15:57.080   562  4876 D CompatibilityChangeReporter: Compat change id reported: 184838306; UID 10194; state: DISABLED
09-03 21:15:57.080   562  4876 D CompatibilityChangeReporter: Compat change id reported: 185004937; UID 10194; state: DISABLED
09-03 21:15:57.081   562  4876 D CompatibilityChangeReporter: Compat change id reported: 197654537; UID 10194; state: ENABLED
09-03 21:15:57.081   562  4876 D CompatibilityChangeReporter: Compat change id reported: 205907456; UID 10194; state: ENABLED
09-03 21:15:57.084   797   856 V WindowManagerShell: Transition requested: android.os.BinderProxy@cdb249c TransitionRequestInfo { type = OPEN, triggerTask = TaskInfo{userId=0 taskId=128 displayId=0 isRunning=true baseIntent=Intent { flg=0x10000000 cmp=com.habitring.app/.MainActivity } baseActivity=ComponentInfo{com.habitring.app/com.habitring.app.MainActivity} topActivity=ComponentInfo{com.habitring.app/com.habitring.app.MainActivity} origActivity=null realActivity=ComponentInfo{com.habitring.app/com.habitring.app.MainActivity} numActivities=1 lastActiveTime=503658 supportsMultiWindow=true resizeMode=1 isResizeable=true minWidth=-1 minHeight=-1 defaultMinSize=220 token=WCT{android.window.IWindowContainerToken$Stub$Proxy@b1e4ea5} topActivityType=1 pictureInPictureParams=null shouldDockBigOverlays=false launchIntoPipHostTaskId=-1 lastParentTaskIdBeforePip=-1 displayCutoutSafeInsets=Rect(0, 136 - 0, 0) topActivityInfo=ActivityInfo{7bf27a com.habitring.app.MainActivity} launchCookies=[] positionInParent=Point(0, 0) parentTaskId=-1 isFocused=false isVisible=false isVisibleRequested=false isSleeping=false topActivityInSizeCompat=false topActivityEligibleForLetterboxEducation= false topActivityLetterboxed= false isFromDoubleTap= false topActivityLetterboxVerticalPosition= -1 topActivityLetterboxHorizontalPosition= -1 topActivityLetterboxWidth=-1 topActivityLetterboxHeight=-1 locusId=null displayAreaFeatureId=1 cameraCompatControlState=hidden}, remoteTransition = null, displayChange = null }
09-03 21:15:57.085   562  4876 I ActivityTaskManager: START u0 {flg=0x10000000 cmp=com.habitring.app/.MainActivity} with LAUNCH_SINGLE_TASK from uid 2000 (BAL_ALLOW_PERMISSION) result code=0
09-03 21:15:57.087   562   603 D CompatibilityChangeReporter: Compat change id reported: 135634846; UID 10194; state: DISABLED
09-03 21:15:57.087   562   613 D CompatibilityChangeReporter: Compat change id reported: 143937733; UID 10194; state: ENABLED
--------- beginning of main
09-03 21:15:57.091   368   368 D Zygote  : Forked child process 5785
09-03 21:15:57.091   562   613 I ActivityManager: Start proc 5785:com.habitring.app/u0a194 for next-top-activity {com.habitring.app/com.habitring.app.MainActivity}
09-03 21:15:57.094   797   867 W ShellStartingWindow: Window background is translucent, fill background with black color
09-03 21:15:57.096   411   411 I BpBinder: onLastStrongRef automatically unlinking death recipients: 
09-03 21:15:57.102   797   867 D SplashScreenView: Build android.window.SplashScreenView{680fe71 V.E...... ......ID 0,0-0,0}
09-03 21:15:57.102   797   867 D SplashScreenView: Icon: view: android.widget.ImageView{ed8f456 V.ED..... ......I. 0,0-0,0 #10204f0 android:id/splashscreen_icon_view} drawable: com.android.wm.shell.startingsurface.SplashscreenIconDrawableFactory$ImmobileIconDrawable@d566cd7 size: 504
09-03 21:15:57.102   797   867 D SplashScreenView: Branding: view: android.view.View{84009c4 G.ED..... ......I. 0,0-0,0 #10204ef android:id/splashscreen_branding_view} drawable: null size w: 0 h: 0
09-03 21:15:57.136  5785  5785 I m.habitring.app: Using CollectorTypeCC GC.
09-03 21:15:57.136  5785  5785 W m.habitring.app: Unexpected CPU variant for x86: x86_64.
09-03 21:15:57.136  5785  5785 W m.habitring.app: Known variants: atom, sandybridge, silvermont, goldmont, goldmont-plus, tremont, kabylake, default
09-03 21:15:57.152  1078  1583 D EGL_emulation: app_time_stats: avg=9319.70ms min=9319.70ms max=9319.70ms count=1
09-03 21:15:57.152   797   890 E OpenGLRenderer: Unable to match the desired swap behavior.
09-03 21:15:57.153  5785  5785 E m.habitring.app: Not starting debugger since process cannot load the jdwp agent.
09-03 21:15:57.182  5785  5785 D CompatibilityChangeReporter: Compat change id reported: 171979766; UID 10194; state: ENABLED
09-03 21:15:57.182  5785  5785 D CompatibilityChangeReporter: Compat change id reported: 242716250; UID 10194; state: ENABLED
09-03 21:15:57.184  5785  5785 D nativeloader: Configuring clns-6 for other apk /data/app/~~BuAso3HuLxOPfeur2bRQ5A==/com.habitring.app-q9XOvB1oLdr6Rio6LYCDlw==/base.apk. target_sdk_version=36, uses_libraries=, library_path=/data/app/~~BuAso3HuLxOPfeur2bRQ5A==/com.habitring.app-q9XOvB1oLdr6Rio6LYCDlw==/lib/x86_64:/data/app/~~BuAso3HuLxOPfeur2bRQ5A==/com.habitring.app-q9XOvB1oLdr6Rio6LYCDlw==/base.apk!/lib/x86_64, permitted_path=/data:/mnt/expand:/data/user/0/com.habitring.app
09-03 21:15:57.187  5785  5785 V GraphicsEnvironment: Currently set values for:
09-03 21:15:57.187  5785  5785 V GraphicsEnvironment:   angle_gl_driver_selection_pkgs=[]
09-03 21:15:57.187  5785  5785 V GraphicsEnvironment:   angle_gl_driver_selection_values=[]
09-03 21:15:57.187  5785  5785 V GraphicsEnvironment: ANGLE GameManagerService for com.habitring.app: false
09-03 21:15:57.187  5785  5785 V GraphicsEnvironment: com.habitring.app is not listed in per-application setting
09-03 21:15:57.187  5785  5785 V GraphicsEnvironment: Neither updatable production driver nor prerelease driver is supported.
09-03 21:15:57.190  5785  5785 D CompatibilityChangeReporter: Compat change id reported: 183155436; UID 10194; state: ENABLED
09-03 21:15:57.190  5785  5785 I FirebaseApp: Device unlocked: initializing all Firebase APIs for app [DEFAULT]
09-03 21:15:57.191  5785  5785 I FirebaseInitProvider: FirebaseApp initialization successful
09-03 21:15:57.191  5785  5785 D Sentry  : io.sentry.auto-init read: false
09-03 21:15:57.194  5785  5785 W SoLoader: Initializing SoLoader: 0
09-03 21:15:57.194  5785  5785 W SoLoader: Recording new base apk path: /data/app/~~BuAso3HuLxOPfeur2bRQ5A==/com.habitring.app-q9XOvB1oLdr6Rio6LYCDlw==/base.apk
09-03 21:15:57.194  5785  5785 W SoLoader: Previously recorded 0 base apk paths.
09-03 21:15:57.194  5785  5785 I SoLoader: Preparing SO source: DirectorySoSource[root = /vendor/lib64 flags = 2]
09-03 21:15:57.194  5785  5785 I SoLoader: Preparing SO source: DirectorySoSource[root = /system/lib64 flags = 2]
09-03 21:15:57.194  5785  5785 I SoLoader: Preparing SO source: DirectApkSoSource[root = [/data/app/~~BuAso3HuLxOPfeur2bRQ5A==/com.habitring.app-q9XOvB1oLdr6Rio6LYCDlw==/base.apk!/lib/x86_64]]
09-03 21:15:57.201  5785  5785 I SoLoader: Preparing SO source: ApplicationSoSource[DirectorySoSource[root = /data/app/~~BuAso3HuLxOPfeur2bRQ5A==/com.habitring.app-q9XOvB1oLdr6Rio6LYCDlw==/lib/x86_64 flags = 0]]
09-03 21:15:57.201  5785  5785 I SoLoader: init finish: 4 SO sources prepared
09-03 21:15:57.201  5785  5785 W SoLoader: SoLoader initialized: 8
09-03 21:15:57.221  5785  5785 D jni_lib_merge: Entering merged library JNI_OnLoad.
09-03 21:15:57.221  5785  5785 D jni_lib_merge: Preparing 12 pre-merged libs (including stub)
09-03 21:15:57.221  5785  5785 D jni_lib_merge: Preparing to register libfabricjni_so.  onload_func: 0x769c3ca4ba20
09-03 21:15:57.221  5785  5785 D jni_lib_merge: Preparing to register libreact_devsupportjni_so.  onload_func: 0x769c3cb30550
09-03 21:15:57.221  5785  5785 D jni_lib_merge: Preparing to register libreact_featureflagsjni_so.  onload_func: 0x769c3cb42a90
09-03 21:15:57.221  5785  5785 D jni_lib_merge: Preparing to register libreact_newarchdefaults_so.  onload_func: 0x769c3cb7d5a0
09-03 21:15:57.221  5785  5785 D jni_lib_merge: Preparing to register libreactnativeblob_so.  onload_func: 0x769c3cc73870
09-03 21:15:57.221  5785  5785 D jni_lib_merge: Preparing to register libreactnativejni_so.  onload_func: 0x769c3cc7fdb0
09-03 21:15:57.221  5785  5785 D jni_lib_merge: Preparing to register libreactnativejni_common_so.  onload_func: 0x769c3cc82c20
09-03 21:15:57.222  5785  5785 D jni_lib_merge: Preparing to register librninstance_so.  onload_func: 0x769c3ccaaaf0
09-03 21:15:57.222  5785  5785 D jni_lib_merge: Preparing to register libturbomodulejsijni_so.  onload_func: 0x769c3cd51d70
09-03 21:15:57.222  5785  5785 D jni_lib_merge: Preparing to register libuimanagerjni_so.  onload_func: 0x769c3cd58cd0
09-03 21:15:57.222  5785  5785 D jni_lib_merge: Preparing to register libyoga_so.  onload_func: 0x769c3cd60350
09-03 21:15:57.222  5785  5785 D jni_lib_merge: About to register 11 actual methods.
09-03 21:15:57.224   562   600 V WindowManager: Sent Transition #26 createdAt=09-03 21:15:57.079 via request=TransitionRequestInfo { type = OPEN, triggerTask = TaskInfo{userId=0 taskId=128 displayId=0 isRunning=true baseIntent=Intent { flg=0x10000000 cmp=com.habitring.app/.MainActivity } baseActivity=ComponentInfo{com.habitring.app/com.habitring.app.MainActivity} topActivity=ComponentInfo{com.habitring.app/com.habitring.app.MainActivity} origActivity=null realActivity=ComponentInfo{com.habitring.app/com.habitring.app.MainActivity} numActivities=1 lastActiveTime=503658 supportsMultiWindow=true resizeMode=1 isResizeable=true minWidth=-1 minHeight=-1 defaultMinSize=220 token=WCT{RemoteToken{d21a740 Task{bc32736 #128 type=standard A=10194:com.habitring.app}}} topActivityType=1 pictureInPictureParams=null shouldDockBigOverlays=false launchIntoPipHostTaskId=-1 lastParentTaskIdBeforePip=-1 displayCutoutSafeInsets=Rect(0, 136 - 0, 0) topActivityInfo=ActivityInfo{3c9e679 com.habitring.app.MainActivity} launchCookies=[] positionInParent=Point(0, 0) parentTaskId=-1 isFocused=false isVisible=false isVisibleRequested=false isSleeping=false topActivityInSizeCompat=false topActivityEligibleForLetterboxEducation= false topActivityLetterboxed= false isFromDoubleTap= false topActivityLetterboxVerticalPosition= -1 topActivityLetterboxHorizontalPosition= -1 topActivityLetterboxWidth=-1 topActivityLetterboxHeight=-1 locusId=null displayAreaFeatureId=1 cameraCompatControlState=hidden}, remoteTransition = null, displayChange = null }
09-03 21:15:57.224   562   600 V WindowManager:     startWCT=WindowContainerTransaction { changes = {} hops = [] errorCallbackToken=null taskFragmentOrganizer=null }
09-03 21:15:57.224   562   600 V WindowManager:     info={id=26 t=OPEN f=0x0 trk=0 r=[0@Point(0, 0)] c=[{WCT{RemoteToken{d21a740 Task{bc32736 #128 type=standard A=10194:com.habitring.app}}} m=OPEN f=NONE leash=Surface(name=Task=128)/@0x3109e72 sb=Rect(0, 0 - 1080, 2400) eb=Rect(0, 0 - 1080, 2400) d=0},{WCT{RemoteToken{df89b0b Task{7db798f #1 type=home}}} m=TO_BACK f=SHOW_WALLPAPER leash=Surface(name=Task=1)/@0x47d3f02 sb=Rect(0, 0 - 1080, 2400) eb=Rect(0, 0 - 1080, 2400) d=0}]}
09-03 21:15:57.225   797   856 V WindowManagerShell: onTransitionReady android.os.BinderProxy@cdb249c: {id=26 t=OPEN f=0x0 trk=0 r=[0@Point(0, 0)] c=[{WCT{android.window.IWindowContainerToken$Stub$Proxy@7132366} m=OPEN f=NONE leash=Surface(name=Task=128)/@0x93ff8cb sb=Rect(0, 0 - 1080, 2400) eb=Rect(0, 0 - 1080, 2400) d=0},{WCT{android.window.IWindowContainerToken$Stub$Proxy@ed356a7} m=TO_BACK f=SHOW_WALLPAPER leash=Surface(name=Task=1)/@0x60cf8a8 sb=Rect(0, 0 - 1080, 2400) eb=Rect(0, 0 - 1080, 2400) d=0}]}
09-03 21:15:57.225   797   856 V WindowManagerShell: Playing animation for (#26)android.os.BinderProxy@cdb249c@0
09-03 21:15:57.225   797   856 V WindowManagerShell:  try handler com.android.wm.shell.transition.DefaultMixedHandler@3c43119
09-03 21:15:57.225   797   856 V WindowManagerShell:  try handler com.android.wm.shell.keyguard.KeyguardTransitionHandler@3d4b5de
09-03 21:15:57.225   797   856 V WindowManagerShell:  try handler com.android.wm.shell.activityembedding.ActivityEmbeddingController@8af43bf
09-03 21:15:57.225   797   856 V WindowManagerShell:  try handler com.android.wm.shell.recents.RecentsTransitionHandler@dfe3a8c
09-03 21:15:57.225   797   856 V ShellRecents: RecentsTransitionHandler.startAnimation: no controller found
09-03 21:15:57.225   797   856 V WindowManagerShell:  try handler com.android.wm.shell.pip.PipTransition@f5dc5d5
09-03 21:15:57.225   797   856 V WindowManagerShell:  try handler com.android.wm.shell.splitscreen.StageCoordinator@4f251ea
09-03 21:15:57.225   797   856 V WindowManagerShell:  try handler com.android.wm.shell.transition.RemoteTransitionHandler@51e5cdb
09-03 21:15:57.225   797   856 V WindowManagerShell: Transition doesn't have explicit remote, search filters for match for {id=26 t=OPEN f=0x0 trk=0 r=[0@Point(0, 0)] c=[{WCT{android.window.IWindowContainerToken$Stub$Proxy@7132366} m=OPEN f=NONE leash=Surface(name=Task=128)/@0x93ff8cb sb=Rect(0, 0 - 1080, 2400) eb=Rect(0, 0 - 1080, 2400) d=0},{WCT{android.window.IWindowContainerToken$Stub$Proxy@ed356a7} m=TO_BACK f=SHOW_WALLPAPER leash=Surface(name=Task=1)/@0x60cf8a8 sb=Rect(0, 0 - 1080, 2400) eb=Rect(0, 0 - 1080, 2400) d=0}]}
09-03 21:15:57.225   797   856 V WindowManagerShell:  Checking filter Pair{{types=[] flags=0x0] notFlags=0x0 checks=[{atype=dream independent=true modes=[OPEN,TO_FRONT] flags=NONE mustBeTask=false order=ANY topActivity=null},{atype=home independent=true modes=[CLOSE,TO_BACK] flags=NONE mustBeTask=false order=ANY topActivity=null}]} RemoteTransition { remoteTransition = android.window.IRemoteTransition$Stub$Proxy@be57b62, appThread = android.app.IApplicationThread$Stub$Proxy@c1994f3, debugName = LauncherToDream }}
09-03 21:15:57.226   797   856 V WindowManagerShell:  Checking filter Pair{{types=[] flags=0x0] notFlags=0x100 checks=[{atype=home independent=true modes=[OPEN,TO_FRONT] flags=NONE mustBeTask=false order=TOP topActivity=ComponentInfo{com.google.android.apps.nexuslauncher/com.google.android.apps.nexuslauncher.NexusLauncherActivity}},{atype=standard independent=true modes=[CLOSE,TO_BACK] flags=NONE mustBeTask=false order=ANY topActivity=null}]} RemoteTransition { remoteTransition = android.window.IRemoteTransition$Stub$Proxy@938a5b0, appThread = android.app.IApplicationThread$Stub$Proxy@5ba5c29, debugName = QuickstepLaunchHome }}
09-03 21:15:57.226   797   856 V WindowManagerShell:  Delegate animation for #26 to null
09-03 21:15:57.226   797   856 V WindowManagerShell:  try handler com.android.wm.shell.transition.DefaultTransitionHandler@ebf4f24
09-03 21:15:57.226   797   856 V WindowManagerShell: start default transition animation, info = {id=26 t=OPEN f=0x0 trk=0 r=[0@Point(0, 0)] c=[{WCT{android.window.IWindowContainerToken$Stub$Proxy@7132366} m=OPEN f=NONE leash=Surface(name=Task=128)/@0x93ff8cb sb=Rect(0, 0 - 1080, 2400) eb=Rect(0, 0 - 1080, 2400) d=0},{WCT{android.window.IWindowContainerToken$Stub$Proxy@ed356a7} m=TO_BACK f=SHOW_WALLPAPER leash=Surface(name=Task=1)/@0x60cf8a8 sb=Rect(0, 0 - 1080, 2400) eb=Rect(0, 0 - 1080, 2400) d=0}]}
09-03 21:15:57.226   797   856 V WindowManagerShell: loadAnimation: anim=android.view.animation.AnimationSet@e5916fd animAttr=0x13 type=OPEN isEntrance=false
09-03 21:15:57.227   797   856 V WindowManagerShell: loadAnimation: anim=android.view.animation.AnimationSet@ca525f9 animAttr=0x12 type=OPEN isEntrance=true
09-03 21:15:57.227   797   856 V WindowManagerShell:  animated by com.android.wm.shell.transition.DefaultTransitionHandler@ebf4f24
09-03 21:15:57.231  5785  5785 D jni_lib_merge: Entering merged library JNI_OnLoad.
09-03 21:15:57.231  5785  5785 D jni_lib_merge: Preparing 12 pre-merged libs (including stub)
09-03 21:15:57.231  5785  5785 D jni_lib_merge: Preparing to register libfabricjni_so.  onload_func: 0x769c3ca4ba20
09-03 21:15:57.231  5785  5785 D jni_lib_merge: Preparing to register libreact_devsupportjni_so.  onload_func: 0x769c3cb30550
09-03 21:15:57.231  5785  5785 D jni_lib_merge: Preparing to register libreact_featureflagsjni_so.  onload_func: 0x769c3cb42a90
09-03 21:15:57.231  5785  5785 D jni_lib_merge: Preparing to register libreact_newarchdefaults_so.  onload_func: 0x769c3cb7d5a0
09-03 21:15:57.231  5785  5785 D jni_lib_merge: Preparing to register libreactnativeblob_so.  onload_func: 0x769c3cc73870
09-03 21:15:57.231  5785  5785 D jni_lib_merge: Preparing to register libreactnativejni_so.  onload_func: 0x769c3cc7fdb0
09-03 21:15:57.231  5785  5785 D jni_lib_merge: Preparing to register libreactnativejni_common_so.  onload_func: 0x769c3cc82c20
09-03 21:15:57.231  5785  5785 D jni_lib_merge: Preparing to register librninstance_so.  onload_func: 0x769c3ccaaaf0
09-03 21:15:57.231  5785  5785 D jni_lib_merge: Preparing to register libturbomodulejsijni_so.  onload_func: 0x769c3cd51d70
09-03 21:15:57.231  5785  5785 D jni_lib_merge: Preparing to register libuimanagerjni_so.  onload_func: 0x769c3cd58cd0
09-03 21:15:57.231  5785  5785 D jni_lib_merge: Preparing to register libyoga_so.  onload_func: 0x769c3cd60350
09-03 21:15:57.231  5785  5785 D jni_lib_merge: About to register 11 actual methods.
09-03 21:15:57.236  5785  5785 D jni_lib_merge: Entering merged library JNI_OnLoad.
09-03 21:15:57.236  5785  5785 D jni_lib_merge: Preparing 12 pre-merged libs (including stub)
09-03 21:15:57.236  5785  5785 D jni_lib_merge: Preparing to register libfabricjni_so.  onload_func: 0x769c3ca4ba20
09-03 21:15:57.236  5785  5785 D jni_lib_merge: Preparing to register libreact_devsupportjni_so.  onload_func: 0x769c3cb30550
09-03 21:15:57.236  5785  5785 D jni_lib_merge: Preparing to register libreact_featureflagsjni_so.  onload_func: 0x769c3cb42a90
09-03 21:15:57.237  5785  5785 D jni_lib_merge: Preparing to register libreact_newarchdefaults_so.  onload_func: 0x769c3cb7d5a0
09-03 21:15:57.237  5785  5785 D jni_lib_merge: Preparing to register libreactnativeblob_so.  onload_func: 0x769c3cc73870
09-03 21:15:57.237  5785  5785 D jni_lib_merge: Preparing to register libreactnativejni_so.  onload_func: 0x769c3cc7fdb0
09-03 21:15:57.237  5785  5785 D jni_lib_merge: Preparing to register libreactnativejni_common_so.  onload_func: 0x769c3cc82c20
09-03 21:15:57.237  5785  5785 D jni_lib_merge: Preparing to register librninstance_so.  onload_func: 0x769c3ccaaaf0
09-03 21:15:57.237  5785  5785 D jni_lib_merge: Preparing to register libturbomodulejsijni_so.  onload_func: 0x769c3cd51d70
09-03 21:15:57.237  5785  5785 D jni_lib_merge: Preparing to register libuimanagerjni_so.  onload_func: 0x769c3cd58cd0
09-03 21:15:57.237  5785  5785 D jni_lib_merge: Preparing to register libyoga_so.  onload_func: 0x769c3cd60350
09-03 21:15:57.237  5785  5785 D jni_lib_merge: About to register 11 actual methods.
09-03 21:15:57.243   562  4876 I ActivityManager: Flag disabled. Ignoring finishAttachApplication from uid: 10194. pid: 5785
09-03 21:15:57.247  5785  5818 D libEGL  : loaded /vendor/lib64/egl/libEGL_emulation.so
09-03 21:15:57.248  5785  5818 D libEGL  : loaded /vendor/lib64/egl/libGLESv1_CM_emulation.so
09-03 21:15:57.249  5785  5818 D libEGL  : loaded /vendor/lib64/egl/libGLESv2_emulation.so
09-03 21:15:57.264  5785  5785 D AppCompatDelegate: Checking for metadata for AppLocalesMetadataHolderService : Service not found
09-03 21:15:57.281  5785  5785 W unknown:BridgelessReact: ReactHost{0}.startSurface(surfaceId = 0): Schedule
09-03 21:15:57.281  5785  5785 W unknown:BridgelessReact: ReactHost{0}.attachSurface(surfaceId = 0)
09-03 21:15:57.281  5785  5822 W unknown:BridgelessReact: ReactHost{0}.getOrCreateReactInstanceTask()
09-03 21:15:57.282  5785  5822 W unknown:BridgelessReact: ReactHost{0}.getOrCreateReactInstanceTask(): Start
09-03 21:15:57.282  5785  5822 W unknown:BridgelessReact: ReactHost{0}.getJSBundleLoader()
09-03 21:15:57.282  5785  5822 W unknown:BridgelessReact: ReactHost{0}.getOrCreateReactInstanceTask(): Creating BridgelessReactContext
09-03 21:15:57.282  5785  5822 W unknown:BridgelessReact: ReactHost{0}.getOrCreateReactInstanceTask(): Creating ReactInstance
09-03 21:15:57.288  5785  5785 W unknown:BridgelessReact: ReactHost{0}.onHostResume(activity)
09-03 21:15:57.288  5785  5785 W unknown:BridgelessReact: ReactHost{0}.ReactContext.onHostResume()
09-03 21:15:57.291  5785  5785 D CompatibilityChangeReporter: Compat change id reported: 237531167; UID 10194; state: DISABLED
09-03 21:15:57.295  5785  5822 D jni_lib_merge: Entering merged library JNI_OnLoad.
09-03 21:15:57.295  5785  5822 D jni_lib_merge: Preparing 4 pre-merged libs (including stub)
09-03 21:15:57.295  5785  5822 D jni_lib_merge: Preparing to register libhermes_executor_so.  onload_func: 0x769c371e3990
09-03 21:15:57.295  5785  5822 D jni_lib_merge: Preparing to register libhermesinstancejni_so.  onload_func: 0x769c371eb0f0
09-03 21:15:57.295  5785  5822 D jni_lib_merge: Preparing to register libjsijniprofiler_so.  onload_func: 0x769c371eb880
09-03 21:15:57.295  5785  5822 D jni_lib_merge: About to register 3 actual methods.
09-03 21:15:57.295  5785  5785 W OpenGLRenderer: Unknown dataspace 0
09-03 21:15:57.298   562   597 D CoreBackPreview: Window{6c33c17 u0 com.habitring.app/com.habitring.app.MainActivity}: Setting back callback OnBackInvokedCallbackInfo{mCallback=android.window.IOnBackInvokedCallback$Stub$Proxy@a391ed, mPriority=-1, mIsAnimationCallback=false}
09-03 21:15:57.298   562   597 D CoreBackPreview: Window{6c33c17 u0 com.habitring.app/com.habitring.app.MainActivity}: Setting back callback OnBackInvokedCallbackInfo{mCallback=android.window.IOnBackInvokedCallback$Stub$Proxy@6698822, mPriority=0, mIsAnimationCallback=true}
09-03 21:15:57.326  5785  5817 W OpenGLRenderer: Failed to choose config with EGL_SWAP_BEHAVIOR_PRESERVED, retrying without...
09-03 21:15:57.326  5785  5817 W OpenGLRenderer: Failed to initialize 101010-2 format, error = EGL_SUCCESS
09-03 21:15:57.345  5785  5822 I ExpoModulesCore: ✅ AppContext was initialized
09-03 21:15:57.352   797   890 D EGL_emulation: app_time_stats: avg=615.56ms min=0.94ms max=10155.30ms count=17
09-03 21:15:57.361   170   170 I hwservicemanager: getTransport: Cannot find entry android.hardware.graphics.mapper@4.0::IMapper/default in either framework or device VINTF manifest.
09-03 21:15:57.361  5785  5817 I Gralloc4: mapper 4.x is not supported
--------- beginning of kernel
09-03 16:42:55.926     0     0 I servicemanager: Could not find android.hardware.graphics.allocator.IAllocator/default in the VINTF manifest.
09-03 21:15:57.371  5785  5822 W unknown:BridgelessReact: ReactHost{0}.getOrCreateReactInstanceTask(): Loading JS Bundle
09-03 21:15:57.371  5785  5822 W unknown:BridgelessReact: ReactHost{0}.getOrCreateReactInstanceTask(): DevSupportManager.onNewReactContextCreated()
09-03 21:15:57.372  5785  5822 W unknown:BridgelessReact: ReactHost{0}.startSurface(surfaceId = 0): Execute
09-03 21:15:57.388  5785  5823 D CompatibilityChangeReporter: Compat change id reported: 210923482; UID 10194; state: ENABLED
09-03 21:15:57.396  5785  5817 E OpenGLRenderer: Unable to match the desired swap behavior.
09-03 21:15:57.396  5785  5823 W unknown:ViewManagerPropertyUpdater: Could not find generated setter for class com.swmansion.rnscreens.ScreenFooterManager
09-03 21:15:57.399  5785  5823 W unknown:ViewManagerPropertyUpdater: Could not find generated setter for class com.facebook.react.uimanager.LayoutShadowNode
09-03 21:15:57.403  5785  5823 W unknown:ViewManagerPropertyUpdater: Could not find generated setter for class expo.modules.kotlin.views.GroupViewManagerWrapper
09-03 21:15:57.404  5785  5823 W unknown:ViewManagerPropertyUpdater: Could not find generated setter for class com.swmansion.rnscreens.ScreenContainerViewManager
09-03 21:15:57.404  5785  5823 W unknown:ViewManagerPropertyUpdater: Could not find generated setter for class io.sentry.react.replay.RNSentryReplayUnmaskManager
09-03 21:15:57.404  5785  5823 W unknown:ViewManagerPropertyUpdater: Could not find generated setter for class com.swmansion.rnscreens.ModalScreenViewManager
09-03 21:15:57.405  5785  5823 W unknown:ViewManagerPropertyUpdater: Could not find generated setter for class com.th3rdwave.safeareacontext.SafeAreaViewManager
09-03 21:15:57.405  5785  5823 W unknown:ViewManagerPropertyUpdater: Could not find generated setter for class com.th3rdwave.safeareacontext.SafeAreaViewShadowNode
09-03 21:15:57.406  5785  5823 W unknown:ViewManagerPropertyUpdater: Could not find generated setter for class com.swmansion.rnscreens.safearea.SafeAreaViewManager
09-03 21:15:57.406  5785  5823 W unknown:ViewManagerPropertyUpdater: Could not find generated setter for class com.swmansion.rnscreens.ScreenViewManager
09-03 21:15:57.406  5785  5823 W unknown:ViewManagerPropertyUpdater: Could not find generated setter for class expo.modules.kotlin.views.SimpleViewManagerWrapper
09-03 21:15:57.406  5785  5823 W unknown:ViewManagerPropertyUpdater: Could not find generated setter for class com.swmansion.rnscreens.ScreenStackViewManager
09-03 21:15:57.406  5785  5823 W unknown:ViewManagerPropertyUpdater: Could not find generated setter for class com.swmansion.rnscreens.gamma.stack.header.config.StackHeaderConfigViewManager
09-03 21:15:57.407  5785  5823 W unknown:ViewManagerPropertyUpdater: Could not find generated setter for class io.sentry.react.RNSentryOnDrawReporterManager
09-03 21:15:57.407  5785  5823 W unknown:ViewManagerPropertyUpdater: Could not find generated setter for class com.th3rdwave.safeareacontext.SafeAreaProviderManager
09-03 21:15:57.407  5785  5823 W unknown:ViewManagerPropertyUpdater: Could not find generated setter for class com.swmansion.rnscreens.SearchBarManager
09-03 21:15:57.407  5785  5823 W unknown:ViewManagerPropertyUpdater: Could not find generated setter for class com.swmansion.rnscreens.gamma.tabs.host.TabsHostViewManager
09-03 21:15:57.408  5785  5823 W unknown:ViewManagerPropertyUpdater: Could not find generated setter for class com.swmansion.rnscreens.gamma.stack.header.subview.StackHeaderSubviewViewManager
09-03 21:15:57.408  5785  5823 W unknown:ViewManagerPropertyUpdater: Could not find generated setter for class com.swmansion.rnscreens.gamma.scrollviewmarker.ScrollViewMarkerViewManager
09-03 21:15:57.408  5785  5823 W unknown:ViewManagerPropertyUpdater: Could not find generated setter for class com.swmansion.rnscreens.ScreenStackHeaderConfigViewManager
09-03 21:15:57.408  5785  5823 W unknown:ViewManagerPropertyUpdater: Could not find generated setter for class com.swmansion.rnscreens.gamma.modals.formsheet.FormSheetContentWrapperViewManager
09-03 21:15:57.409  5785  5823 W unknown:ViewManagerPropertyUpdater: Could not find generated setter for class com.swmansion.rnscreens.ScreenContentWrapperManager
09-03 21:15:57.409  5785  5823 W unknown:ViewManagerPropertyUpdater: Could not find generated setter for class com.swmansion.rnscreens.gamma.stack.host.StackHostViewManager
09-03 21:15:57.409  5785  5823 W unknown:ViewManagerPropertyUpdater: Could not find generated setter for class com.reactnativegooglesignin.RNGoogleSigninButtonViewManager
09-03 21:15:57.409  5785  5823 W unknown:ViewManagerPropertyUpdater: Could not find generated setter for class com.swmansion.rnscreens.ScreenStackHeaderSubviewManager
09-03 21:15:57.410  5785  5823 W unknown:ViewManagerPropertyUpdater: Could not find generated setter for class com.swmansion.rnscreens.gamma.stack.screen.StackScreenViewManager
09-03 21:15:57.410  5785  5823 W unknown:ViewManagerPropertyUpdater: Could not find generated setter for class io.sentry.react.replay.RNSentryReplayMaskManager
09-03 21:15:57.410  5785  5823 W unknown:ViewManagerPropertyUpdater: Could not find generated setter for class com.swmansion.rnscreens.gamma.modals.formsheet.FormSheetHostViewManager
09-03 21:15:57.410  5785  5823 W unknown:ViewManagerPropertyUpdater: Could not find generated setter for class com.swmansion.rnscreens.gamma.tabs.screen.TabsScreenViewManager
09-03 21:15:57.430  5785  5823 W unknown:ViewManagerPropertyUpdater: Could not find generated setter for class com.horcrux.svg.RenderableViewManager$DefsViewManager
09-03 21:15:57.431  5785  5823 W unknown:ViewManagerPropertyUpdater: Could not find generated setter for class com.horcrux.svg.VirtualViewManager$RenderableShadowNode
09-03 21:15:57.433  5785  5823 W unknown:ViewManagerPropertyUpdater: Could not find generated setter for class com.horcrux.svg.RenderableViewManager$FeMergeManager
09-03 21:15:57.435   562   600 I ActivityTaskManager: Displayed com.habitring.app/.MainActivity for user 0: +355ms
09-03 21:15:57.436  5785  5823 W unknown:ViewManagerPropertyUpdater: Could not find generated setter for class com.facebook.react.views.safeareaview.ReactSafeAreaViewManager
09-03 21:15:57.437  5785  5823 W unknown:ViewManagerPropertyUpdater: Could not find generated setter for class com.horcrux.svg.RenderableViewManager$LinearGradientManager
09-03 21:15:57.438  5785  5823 W unknown:ViewManagerPropertyUpdater: Could not find generated setter for class com.horcrux.svg.RenderableViewManager$FeGaussianBlurManager
09-03 21:15:57.439  5785  5823 W unknown:ViewManagerPropertyUpdater: Could not find generated setter for class com.facebook.react.views.progressbar.ReactProgressBarViewManager
09-03 21:15:57.439  5785  5823 W unknown:ViewManagerPropertyUpdater: Could not find generated setter for class com.facebook.react.views.scroll.ReactHorizontalScrollViewManager
09-03 21:15:57.440  5785  5823 W unknown:ViewManagerPropertyUpdater: Could not find generated setter for class com.facebook.react.views.text.ReactTextViewManager
09-03 21:15:57.442  5785  5823 W unknown:ViewManagerPropertyUpdater: Could not find generated setter for class com.horcrux.svg.RenderableViewManager$FeColorMatrixManager
09-03 21:15:57.443  5785  5823 W unknown:ViewManagerPropertyUpdater: Could not find generated setter for class com.facebook.react.views.scroll.ReactHorizontalScrollContainerViewManager
09-03 21:15:57.443  5785  5785 W unknown:BridgelessReact: ReactHost{0}.ReactContext.onHostResume()
09-03 21:15:57.443  5785  5785 W unknown:BridgelessReact: ReactHost{0}.getOrCreateReactInstanceTask(): Executing ReactInstanceEventListeners
09-03 21:15:57.444  5785  5823 W unknown:ViewManagerPropertyUpdater: Could not find generated setter for class com.horcrux.svg.RenderableViewManager$ClipPathViewManager
09-03 21:15:57.448   562  4876 D CompatibilityChangeReporter: Compat change id reported: 214016041; UID 10194; state: ENABLED
09-03 21:15:57.448   562  4876 I ImeTracker: com.habitring.app:3c6ed01c: onRequestHide at ORIGIN_SERVER_HIDE_INPUT reason HIDE_UNSPECIFIED_WINDOW
09-03 21:15:57.449   562  4876 I ImeTracker: com.habitring.app:3c6ed01c: onCancelled at PHASE_SERVER_SHOULD_HIDE
09-03 21:15:57.450  5785  5823 W unknown:ViewManagerPropertyUpdater: Could not find generated setter for class com.horcrux.svg.RenderableViewManager$SymbolManager
09-03 21:15:57.450  1387  1387 I GoogleInputMethodService: GoogleInputMethodService.onFinishInput():3227 
09-03 21:15:57.451  1387  1387 I GoogleInputMethodService: GoogleInputMethodService.updateDeviceLockedStatus():2087 repeatCheckTimes = 0, unlocked = true
09-03 21:15:57.451  1387  1387 I GoogleInputMethodService: GoogleInputMethodService.onStartInput():1877 onStartInput(EditorInfo{inputType=0x0(NULL) imeOptions=0x0 privateImeOptions=null actionName=UNSPECIFIED actionLabel=null actionId=0 initialSelStart=-1 initialSelEnd=-1 initialCapsMode=0x0 hintText=null label=null packageName=com.habitring.app fieldId=0 fieldName=null extras=null}, false)
09-03 21:15:57.451  1387  1387 I GoogleInputMethodService: GoogleInputMethodService.shouldHideHeaderOnInitialState():4008 ShouldHideHeaderOnInitialState = false
09-03 21:15:57.451  1387  1387 I GoogleInputMethodService: GoogleInputMethodService.updateDeviceLockedStatus():2087 repeatCheckTimes = 2, unlocked = true
09-03 21:15:57.453   797   797 D StatusBarIconController: ignoring old pipeline callbacks, because the new mobile icons are enabled
09-03 21:15:57.453  5785  5823 W unknown:ViewManagerPropertyUpdater: Could not find generated setter for class com.horcrux.svg.RenderableViewManager$PatternManager
09-03 21:15:57.454  5785  5823 W unknown:ViewManagerPropertyUpdater: Could not find generated setter for class com.horcrux.svg.RenderableViewManager$FeBlendManager
09-03 21:15:57.454  5785  5823 W unknown:ViewManagerPropertyUpdater: Could not find generated setter for class com.facebook.react.views.view.ReactViewManager
09-03 21:15:57.455  5785  5823 W unknown:ViewManagerPropertyUpdater: Could not find generated setter for class com.horcrux.svg.SvgViewManager
09-03 21:15:57.455  5785  5823 W unknown:ViewManagerPropertyUpdater: Could not find generated setter for class com.facebook.react.views.switchview.ReactSwitchManager
09-03 21:15:57.456  5785  5823 W unknown:ViewManagerPropertyUpdater: Could not find generated setter for class com.horcrux.svg.RenderableViewManager$UseViewManager
09-03 21:15:57.457  5785  5823 W unknown:ViewManagerPropertyUpdater: Could not find generated setter for class com.horcrux.svg.RenderableViewManager$CircleViewManager
09-03 21:15:57.457  5785  5823 W unknown:ViewManagerPropertyUpdater: Could not find generated setter for class com.horcrux.svg.RenderableViewManager$TSpanViewManager
09-03 21:15:57.458  5785  5823 W unknown:ViewManagerPropertyUpdater: Could not find generated setter for class com.horcrux.svg.RenderableViewManager$FilterManager
09-03 21:15:57.458  5785  5823 W unknown:ViewManagerPropertyUpdater: Could not find generated setter for class com.horcrux.svg.RenderableViewManager$MarkerManager
09-03 21:15:57.459  5785  5823 W unknown:ViewManagerPropertyUpdater: Could not find generated setter for class com.facebook.react.views.modal.ReactModalHostManager
09-03 21:15:57.459  5785  5823 W unknown:ViewManagerPropertyUpdater: Could not find generated setter for class com.horcrux.svg.RenderableViewManager$ForeignObjectManager
09-03 21:15:57.460  5785  5823 W unknown:ViewManagerPropertyUpdater: Could not find generated setter for class com.horcrux.svg.RenderableViewManager$EllipseViewManager
09-03 21:15:57.461  5785  5823 W unknown:ViewManagerPropertyUpdater: Could not find generated setter for class com.horcrux.svg.RenderableViewManager$LineViewManager
09-03 21:15:57.461  5785  5823 W unknown:ViewManagerPropertyUpdater: Could not find generated setter for class com.horcrux.svg.RenderableViewManager$FeFloodManager
09-03 21:15:57.465  5785  5823 W unknown:ViewManagerPropertyUpdater: Could not find generated setter for class com.horcrux.svg.RenderableViewManager$GroupViewManager
09-03 21:15:57.467  5785  5823 W unknown:ViewManagerPropertyUpdater: Could not find generated setter for class com.horcrux.svg.RenderableViewManager$TextViewManager
09-03 21:15:57.467  5785  5823 W unknown:ViewManagerPropertyUpdater: Could not find generated setter for class com.horcrux.svg.RenderableViewManager$ImageViewManager
09-03 21:15:57.468  5785  5823 W unknown:ViewManagerPropertyUpdater: Could not find generated setter for class com.horcrux.svg.RenderableViewManager$FeCompositeManager
09-03 21:15:57.469  5785  5823 W unknown:ViewManagerPropertyUpdater: Could not find generated setter for class com.facebook.react.views.image.ReactImageManager
09-03 21:15:57.469  5785  5823 W unknown:ViewManagerPropertyUpdater: Could not find generated setter for class com.horcrux.svg.RenderableViewManager$RadialGradientManager
09-03 21:15:57.470  5785  5823 W unknown:ViewManagerPropertyUpdater: Could not find generated setter for class com.horcrux.svg.RenderableViewManager$MaskManager
09-03 21:15:57.471  5785  5823 W unknown:ViewManagerPropertyUpdater: Could not find generated setter for class com.facebook.react.views.unimplementedview.ReactUnimplementedViewManager
09-03 21:15:57.471  5785  5823 W unknown:ViewManagerPropertyUpdater: Could not find generated setter for class com.horcrux.svg.RenderableViewManager$RectViewManager
09-03 21:15:57.472  5785  5823 W unknown:ViewManagerPropertyUpdater: Could not find generated setter for class com.horcrux.svg.RenderableViewManager$TextPathViewManager
09-03 21:15:57.472  5785  5823 W unknown:ViewManagerPropertyUpdater: Could not find generated setter for class com.facebook.react.views.scroll.ReactScrollViewManager
09-03 21:15:57.473  5785  5823 W unknown:ViewManagerPropertyUpdater: Could not find generated setter for class com.horcrux.svg.RenderableViewManager$FeOffsetManager
09-03 21:15:57.473  5785  5823 W unknown:ViewManagerPropertyUpdater: Could not find generated setter for class com.horcrux.svg.RenderableViewManager$PathViewManager
09-03 21:15:57.475  5785  5823 W unknown:ViewManagerPropertyUpdater: Could not find generated setter for class com.facebook.react.views.drawer.ReactDrawerLayoutManager
09-03 21:15:57.476  5785  5823 W unknown:ViewManagerPropertyUpdater: Could not find generated setter for class com.facebook.react.views.swiperefresh.SwipeRefreshLayoutManager
09-03 21:15:57.476  5785  5823 W unknown:ViewManagerPropertyUpdater: Could not find generated setter for class com.facebook.react.views.textinput.ReactTextInputManager
09-03 21:15:57.477  5785  5823 W unknown:ViewManagerPropertyUpdater: Could not find generated setter for class com.facebook.react.views.text.SelectableTextViewManager
09-03 21:15:57.479  5785  5823 W BridgelessReactContext: [WARNING] Bridgeless doesn't support CatalystInstance. Accessing an API that's not part of the new architecture is not encouraged usage.
09-03 21:15:57.483  5785  5823 I ExpoModulesCore: ✅ JSI interop was installed
09-03 21:15:57.484   562  4876 D CompatibilityChangeReporter: Compat change id reported: 161145287; UID 10194; state: ENABLED
09-03 21:15:57.486  5785  5823 I ExpoModulesCore: ✅ Constants were exported
09-03 21:15:57.489  5785  5823 D CompatibilityChangeReporter: Compat change id reported: 289878283; UID 10194; state: ENABLED
09-03 21:15:57.506  5785  5823 I ReactNativeJS: Running "main"
09-03 21:15:57.513   797   856 V WindowManagerShell: Transition animation finished (aborted=false), notifying core (#26)android.os.BinderProxy@cdb249c@0
09-03 21:15:57.514   562   600 V WindowManager: Finish Transition #26: created at 09-03 21:15:57.079 collect-started=0.037ms request-sent=5.132ms started=7.747ms ready=77.162ms sent=144.487ms finished=435.217ms
09-03 21:15:57.515   797   856 V WindowManagerShell: Track 0 became idle
09-03 21:15:57.515   797   856 V WindowManagerShell: All active transition animations finished
09-03 21:15:57.518  5436  5496 D BtGatt.ScanManager: uid 10128 isForeground true scanMode 1
09-03 21:15:57.518  5436  5496 D BtGatt.ScanManager: uid 10128 isForeground true scanMode 3
09-03 21:15:57.518  5436  5496 D BtGatt.ScanManager: uid 10128 isForeground true scanMode 0
09-03 21:15:57.533   797   890 D EGL_emulation: app_time_stats: avg=567.70ms min=15.90ms max=8901.69ms count=17
09-03 21:15:57.535  1078  1163 I ImeTracker: com.google.android.apps.nexuslauncher:1f0b9f74: onRequestHide at ORIGIN_CLIENT_HIDE_SOFT_INPUT reason HIDE_SOFT_INPUT
09-03 21:15:57.535  1078  1163 I ImeTracker: com.google.android.apps.nexuslauncher:1f0b9f74: onFailed at PHASE_CLIENT_VIEW_SERVED
09-03 21:15:57.535  1078  1735 D OneSearchSuggestProvider: Shut down the binder channel
09-03 21:15:57.535  1078  1123 I IPCThreadState: oneway function results for code 2 on binder at 0x769d19adfea0 will be dropped but finished with status UNKNOWN_TRANSACTION
09-03 21:15:57.583  5785  5824 W unknown:ReactNative: StatusBarModule: Ignored status bar change, current activity is edge-to-edge.
09-03 21:15:57.583  5785  5824 W unknown:ReactNative: StatusBarModule: Ignored status bar change, current activity is edge-to-edge.
09-03 21:15:57.801  5436  5496 D BtGatt.ScanManager: uid 10128 isForeground true scanMode 1
09-03 21:15:57.801  5436  5496 D BtGatt.ScanManager: uid 10128 isForeground true scanMode 3
09-03 21:15:57.801  5436  5496 D BtGatt.ScanManager: uid 10128 isForeground true scanMode 0
09-03 21:15:57.801  1351  2056 I FontLog : Received query Noto Color Emoji Compat, URI content://com.google.android.gms.fonts [CONTEXT service_id=132 ]
09-03 21:15:57.802  1351  2056 I FontLog : Query [emojicompat-emoji-font] resolved to {Noto Color Emoji Compat, wdth 100.0, wght 400, ital 0.0, bestEffort false} [CONTEXT service_id=132 ]
09-03 21:15:57.802  1351  2056 I FontLog : Fetch {Noto Color Emoji Compat, wdth 100.0, wght 400, ital 0.0, bestEffort false} end status Status{statusCode=SUCCESS, resolution=null} [CONTEXT service_id=132 ]
09-03 21:15:57.803  1351  2056 I FontLog : Pulling font file for id = 18, cache size = 10 [CONTEXT service_id=132 ]
09-03 21:15:57.804  1351  2056 I FontLog : Pulling font file for id = 18, cache size = 10 [CONTEXT service_id=132 ]
09-03 21:15:57.833   562  2219 W InputManager-JNI: Input channel object 'e28890d Splash Screen com.habitring.app (client)' was disposed without first being removed with the input manager!
09-03 21:15:58.191  1572  2622 I WorkerManager: dispose()
09-03 21:15:58.191  1572  2622 W A       : Queue length for executor EventBus is now 11. Perhaps some tasks are too long, or the pool is too small.
09-03 21:15:58.532  5785  5817 D EGL_emulation: app_time_stats: avg=5.16ms min=0.64ms max=98.73ms count=60
09-03 21:15:58.550   797   890 D EGL_emulation: app_time_stats: avg=4.95ms min=0.52ms max=35.18ms count=61
09-03 21:16:00.034   797   890 D EGL_emulation: app_time_stats: avg=101.17ms min=1.19ms max=1853.42ms count=24
09-03 21:16:00.035  1467  1891 I AiAiEcho: Predicting[0]: 
09-03 21:16:00.035  1467  1891 I AiAiEcho: EchoTargets: 
09-03 21:16:00.035  1467  1891 I AiAiEcho: Filtered by AiAi flag check: 
09-03 21:16:00.035  1467  1891 I AiAiEcho: Ranked targets strategy: SORT, count: 0, ranking metadata: 
09-03 21:16:00.035  1467  1891 I AiAiEcho: #postPredictionTargets: Sending updates to UISurface lockscreen with targets# 0 (types=[])
09-03 21:16:00.049   797   797 W PageIndicator: Total number of pages invalid: 0. Assuming 1 page.
09-03 21:16:00.595   562  1528 E TaskPersister: File error accessing recents directory (directory doesn't exist?).
09-03 21:16:00.803  1572  1572 E A       : disposing SearchServiceClient after timeout []
09-03 21:16:00.829  1671  5840 I GmscoreIpa: Starting mediastore instant index [CONTEXT service_id=255 ]
09-03 21:16:00.979  1351  3337 I NearbyDiscovery: FastPair: isDestroyable: Scanner is alive. [CONTEXT service_id=265 ]
09-03 21:16:00.980  1351  3337 I NearbyDiscovery: DiscoveryService: Skip stopSelf(), fast pair controller is not destroyable. [CONTEXT service_id=265 ]
09-03 21:16:01.295   781   781 I wpa_supplicant: wlan0: CTRL-EVENT-BEACON-LOSS 
09-03 21:16:03.173  5785  5847 D ProfileInstaller: Skipping profile installation for com.habitring.app
09-03 21:16:03.182   562  2219 D OomAdjuster: Not killing cached processes
09-03 21:16:03.182   562  2219 W ProcessStats: Tracking association SourceState{417f4c4 com.google.android.gms.persistent/10128 BTop #5224} whose proc state 2 is better than process ProcessState{cb4389d com.google.android.gms/10128 pkg=com.google.android.gms} proc state 14 (290 skipped)
09-03 21:16:03.220  5850  5850 W BpBinder: Linking to death on android.gui.ISurfaceComposer but there are no threads (yet?) listening to incoming transactions. See ProcessState::startThreadPool and ProcessState::setThreadPoolMaxThreadCount. Generally you should setup the binder threadpool before other initialization steps.
09-03 21:16:03.220  5850  5850 W ProcessState: Extra binder thread started, but 0 threads requested. Do not use *startThreadPool when zero threads are requested.
09-03 21:16:03.246   170   170 I hwservicemanager: getTransport: Cannot find entry android.hardware.graphics.mapper@4.0::IMapper/default in either framework or device VINTF manifest.
09-03 16:43:01.812     0     0 I servicemanager: Could not find android.hardware.graphics.allocator.IAllocator/default in the VINTF manifest.
09-03 21:16:03.246  5850  5851 I Gralloc4: mapper 4.x is not supported
09-03 21:16:03.408  5852  5852 D AndroidRuntime: >>>>>> START com.android.internal.os.RuntimeInit uid 2000 <<<<<<
09-03 21:16:03.411  5852  5852 I AndroidRuntime: Using default boot image
09-03 21:16:03.411  5852  5852 I AndroidRuntime: Leaving lock profiling enabled
09-03 21:16:03.412  5852  5852 I app_process: Core platform API reporting enabled, enforcing=false
09-03 21:16:03.412  5852  5852 I app_process: Using CollectorTypeCC GC.
09-03 21:16:03.451  5852  5852 D nativeloader: InitDefaultPublicLibraries for_preload=1: libandroid.so:libaaudio.so:libamidi.so:libbinder_ndk.so:libc.so:libcamera2ndk.so:libdl.so:libEGL.so:libGLESv1_CM.so:libGLESv2.so:libGLESv3.so:libicu.so:libicui18n.so:libicuuc.so:libjnigraphics.so:liblog.so:libmediandk.so:libm.so:libnativehelper.so:libnativewindow.so:libOpenMAXAL.so:libOpenSLES.so:libRS.so:libstdc++.so:libsync.so:libvulkan.so:libwebviewchromium_plat_support.so:libz.so
09-03 21:16:03.456  5852  5852 D app_process: Time zone APEX ICU file found: /apex/com.android.tzdata/etc/icu/icu_tzdata.dat
09-03 21:16:03.456  5852  5852 D app_process: I18n APEX ICU file found: /apex/com.android.i18n/etc/icu/icudt72l.dat
09-03 21:16:03.459  5852  5852 W app_process: Unexpected CPU variant for x86: x86_64.
09-03 21:16:03.459  5852  5852 W app_process: Known variants: atom, sandybridge, silvermont, goldmont, goldmont-plus, tremont, kabylake, default
09-03 21:16:03.459  5852  5852 W app_process: ClassLoaderContext shared library size mismatch. Expected=2, found=0 (PCL[]{PCL[/system/framework/android.test.base.jar*836642756]#PCL[/system/framework/android.test.mock.jar*3186112116]} | PCL[])
09-03 21:16:03.460  5852  5852 W app_process: ClassLoaderContext classpath size mismatch. expected=0, found=1 (PCL[]{PCL[/system/framework/android.test.runner.jar*4168958247]{PCL[/system/framework/android.test.base.jar*836642756]#PCL[/system/framework/android.test.mock.jar*3186112116]}#PCL[/system/framework/android.test.base.jar*836642756]} | PCL[/system/framework/android.test.runner.jar*4168958247])
09-03 21:16:03.467  5852  5852 W libc    : Access denied finding property "ro.product.name_for_attestation"
09-03 21:16:03.467  5852  5852 W libc    : Access denied finding property "ro.product.brand_for_attestation"
09-03 21:16:03.467  5852  5852 W libc    : Access denied finding property "ro.product.model_for_attestation"
09-03 21:16:03.468  5852  5852 D AndroidRuntime: Calling main entry com.android.commands.uiautomator.Launcher
09-03 21:16:03.462  5852  5852 W main    : type=1400 audit(0.0:74): avc:  denied  { read } for  name="u:object_r:build_attestation_prop:s0" dev="tmpfs" ino=86 scontext=u:r:shell:s0 tcontext=u:object_r:build_attestation_prop:s0 tclass=file permissive=0
09-03 21:16:03.469  5852  5852 D UiAutomationConnection: Created on user UserHandle{0}
09-03 21:16:03.469  5852  5852 I UiAutomation: Initialized for user 0 on display 0
09-03 21:16:03.469  5852  5852 W UiAutomation: Created with deprecatead constructor, assumes DEFAULT_DISPLAY
09-03 21:16:03.462  5852  5852 W main    : type=1400 audit(0.0:75): avc:  denied  { read } for  name="u:object_r:build_attestation_prop:s0" dev="tmpfs" ino=86 scontext=u:r:shell:s0 tcontext=u:object_r:build_attestation_prop:s0 tclass=file permissive=0
09-03 21:16:03.462  5852  5852 W main    : type=1400 audit(0.0:76): avc:  denied  { read } for  name="u:object_r:build_attestation_prop:s0" dev="tmpfs" ino=86 scontext=u:r:shell:s0 tcontext=u:object_r:build_attestation_prop:s0 tclass=file permissive=0
09-03 21:16:03.471   562  2219 D AccessibilityManagerService: changeCurrentUserForTestAutomationIfNeededLocked(0): ignoring because device doesn't support visible background users
09-03 21:16:03.472   562  2219 I UiAutomationManager: Registering UiTestAutomationService (id=com.android.server.accessibility/UiAutomation) when called by user 0
09-03 21:16:03.472   562  2219 W WindowMagnificationMgr: requestConnection duplicated request: connect=false, mConnectionState=DISCONNECTED
09-03 21:16:03.473  1467  2351 I AiAiEcho: Settings changed for uri: content://settings/secure/accessibility_enabled
09-03 21:16:03.473  5852  5868 V UiAutomation: Init UiAutomation@4dc8672[id=11, displayId=0, flags=0]
09-03 21:16:03.473   562   562 D BatterySaverPolicy: accessibility changed to true, updating policy.
09-03 21:16:03.473  1467  1891 I AiAiEcho: Predicting[0]: 
09-03 21:16:03.473  1467  1891 I AiAiEcho: EchoTargets: 
09-03 21:16:03.473  1467  1891 I AiAiEcho: Filtered by AiAi flag check: 
09-03 21:16:03.473  1467  1891 I AiAiEcho: Ranked targets strategy: SORT, count: 0, ranking metadata: 
09-03 21:16:03.474  1467  1891 I AiAiEcho: Predicting[0]: 
09-03 21:16:03.474  1467  1891 I AiAiEcho: EchoTargets: 
09-03 21:16:03.474  1467  1891 I AiAiEcho: Filtered by AiAi flag check: 
09-03 21:16:03.474  1467  1891 I AiAiEcho: Ranked targets strategy: SORT, count: 0, ranking metadata: 
09-03 21:16:03.474  1467  1891 I AiAiEcho: Predicting[0]: 
09-03 21:16:03.474  1467  1891 I AiAiEcho: EchoTargets: 
09-03 21:16:03.474  1467  1891 I AiAiEcho: Filtered by AiAi flag check: 
09-03 21:16:03.474  1467  1891 I AiAiEcho: Ranked targets strategy: SORT, count: 0, ranking metadata: 
09-03 21:16:03.474  1467  1891 I AiAiEcho: #postPredictionTargets: Sending updates to UISurface home with targets# 0 (types=[])
09-03 21:16:03.474  1467  1891 I AiAiEcho: #postPredictionTargets: Sending updates to UISurface media_data_manager with targets# 0 (types=[])
09-03 21:16:03.474  1467  1891 I AiAiEcho: #postPredictionTargets: Sending updates to UISurface lockscreen with targets# 0 (types=[])
09-03 21:16:03.475  1572  1908 I A       : NGA disabled since it's running Panthera and at least one a11y feature is on.
09-03 21:16:03.475  1572  1908 I A       : Nga state changed to NgaStateDetails{state=DISABLED, isSpecialExperience=false}
09-03 21:16:03.475  1572  5657 I Search.LoginHelperImpl: Successfully received auth token for scope: oauth2:https://www.googleapis.com/auth/googlenow in time 0 ms
09-03 21:16:03.476   562  4876 W WindowMagnificationMgr: requestConnection duplicated request: connect=false, mConnectionState=DISCONNECTED
09-03 21:16:03.476  1486  1512 I A       : APA or Classic session decision: SessionDecision(sessionVariance=CLASSIC, platformVariance=CLASSIC, justification=CURRENT_PLATFORM_VARIANCE).
09-03 21:16:03.476  1486  1512 I A       : [Memory] eligibility: StashEligibility{4}
09-03 21:16:03.476  1467  2351 I AiAiEcho: Settings changed for uri: content://settings/secure/accessibility_enabled
09-03 21:16:03.476  1486  2092 I A       : Unsubscribed to apa or classic variant change.
09-03 21:16:03.476  1467  1891 I AiAiEcho: Predicting[0]: 
09-03 21:16:03.476  1467  1891 I AiAiEcho: EchoTargets: 
09-03 21:16:03.476  1467  1891 I AiAiEcho: Filtered by AiAi flag check: 
09-03 21:16:03.476  1467  1891 I AiAiEcho: Ranked targets strategy: SORT, count: 0, ranking metadata: 
09-03 21:16:03.476  1467  1891 I AiAiEcho: Predicting[0]: 
09-03 21:16:03.477  1467  1891 I AiAiEcho: EchoTargets: 
09-03 21:16:03.477  1467  1891 I AiAiEcho: Filtered by AiAi flag check: 
09-03 21:16:03.477  1467  1891 I AiAiEcho: Ranked targets strategy: SORT, count: 0, ranking metadata: 
09-03 21:16:03.477  1467  1891 I AiAiEcho: Predicting[0]: 
09-03 21:16:03.477  1467  1891 I AiAiEcho: EchoTargets: 
09-03 21:16:03.477  1467  1891 I AiAiEcho: Filtered by AiAi flag check: 
09-03 21:16:03.477  1467  1891 I AiAiEcho: Ranked targets strategy: SORT, count: 0, ranking metadata: 
09-03 21:16:03.477  1467  1891 I AiAiEcho: #postPredictionTargets: Sending updates to UISurface home with targets# 0 (types=[])
09-03 21:16:03.477  1467  1891 I AiAiEcho: #postPredictionTargets: Sending updates to UISurface media_data_manager with targets# 0 (types=[])
09-03 21:16:03.477  1467  1891 I AiAiEcho: #postPredictionTargets: Sending updates to UISurface lockscreen with targets# 0 (types=[])
09-03 21:16:03.478   562  2902 D SafetySourceDataValidator: No cert check requested for package com.google.android.permissioncontroller
09-03 21:16:03.480   797   797 D SsMediaDataProvider: Forwarding Smartspace updates []
09-03 21:16:03.480   797   797 W PageIndicator: Total number of pages invalid: 0. Assuming 1 page.
09-03 21:16:03.481   797   797 D SsMediaDataProvider: Forwarding Smartspace updates []
09-03 21:16:03.481   797   797 W PageIndicator: Total number of pages invalid: 0. Assuming 1 page.
09-03 21:16:03.816  5436  5496 D BtGatt.ScanManager: uid 10128 isForeground true scanMode 1
09-03 21:16:03.816  5436  5496 D BtGatt.ScanManager: uid 10128 isForeground true scanMode 3
09-03 21:16:03.816  5436  5496 D BtGatt.ScanManager: uid 10128 isForeground true scanMode 0
09-03 21:16:04.480  1438  1854 W MediaProvider: isAppCloneUserPair for user 0: false
09-03 21:16:04.482  5852  5852 I AccessibilityNodeInfoDumper: Skipping invisible child: android.view.accessibility.AccessibilityNodeInfo@e922; boundsInParent: Rect(0, 0 - 1080, 0); boundsInScreen: Rect(0, 0 - 1080, 0); boundsInWindow: Rect(0, 0 - 1080, 0); packageName: com.habitring.app; className: android.widget.LinearLayout; text: null; error: null; maxTextLength: -1; stateDescription: null; contentDescription: null; tooltipText: null; containerTitle: null; viewIdResName: null; uniqueId: null; checkable: false; checked: false; focusable: false; focused: false; selected: false; clickable: false; longClickable: false; contextClickable: false; enabled: true; password: false; scrollable: false; importantForAccessibility: false; visible: false; actions: [AccessibilityAction: ACTION_SELECT - null, AccessibilityAction: ACTION_CLEAR_SELECTION - null, AccessibilityAction: ACTION_ACCESSIBILITY_FOCUS - null, AccessibilityAction: ACTION_SHOW_ON_SCREEN - null]; isTextSelectable: false
09-03 21:16:04.482  5852  5852 I AccessibilityNodeInfoDumper: Skipping invisible child: android.view.accessibility.AccessibilityNodeInfo@e561; boundsInParent: Rect(0, 0 - 1080, 0); boundsInScreen: Rect(0, 0 - 1080, 0); boundsInWindow: Rect(0, 0 - 1080, 0); packageName: com.habitring.app; className: android.view.ViewGroup; text: null; error: null; maxTextLength: -1; stateDescription: null; contentDescription: null; tooltipText: null; containerTitle: null; viewIdResName: null; uniqueId: null; checkable: false; checked: false; focusable: false; focused: false; selected: false; clickable: false; longClickable: false; contextClickable: false; enabled: true; password: false; scrollable: false; importantForAccessibility: false; visible: false; actions: [AccessibilityAction: ACTION_SELECT - null, AccessibilityAction: ACTION_CLEAR_SELECTION - null, AccessibilityAction: ACTION_ACCESSIBILITY_FOCUS - null, AccessibilityAction: ACTION_SHOW_ON_SCREEN - null]; isTextSelectable: false
09-03 21:16:04.482  5852  5852 I AccessibilityNodeInfoDumper: Skipping invisible child: android.view.accessibility.AccessibilityNodeInfo@ece3; boundsInParent: Rect(0, 0 - 1080, 158); boundsInScreen: Rect(0, 0 - 1080, -158); boundsInWindow: Rect(0, 0 - 1080, -158); packageName: com.habitring.app; className: android.view.ViewGroup; text: null; error: null; maxTextLength: -1; stateDescription: null; contentDescription: null; tooltipText: null; containerTitle: null; viewIdResName: toastAnimatedContainer; uniqueId: null; checkable: false; checked: false; focusable: false; focused: false; selected: false; clickable: false; longClickable: false; contextClickable: false; enabled: true; password: false; scrollable: false; importantForAccessibility: true; visible: false; actions: [AccessibilityAction: ACTION_SELECT - null, AccessibilityAction: ACTION_CLEAR_SELECTION - null, AccessibilityAction: ACTION_ACCESSIBILITY_FOCUS - null, AccessibilityAction: ACTION_SHOW_ON_SCREEN - null]; isTextSelectable: false
09-03 21:16:04.483  5852  5852 W AccessibilityNodeInfoDumper: Fetch time: 5ms
09-03 21:16:04.485  1467  2351 I AiAiEcho: Settings changed for uri: content://settings/secure/accessibility_enabled
09-03 21:16:04.486  1467  1891 I AiAiEcho: Predicting[0]: 
09-03 21:16:04.486  1467  1891 I AiAiEcho: EchoTargets: 
09-03 21:16:04.486  1467  1891 I AiAiEcho: Filtered by AiAi flag check: 
09-03 21:16:04.485   562  2219 W WindowMagnificationMgr: requestConnection duplicated request: connect=false, mConnectionState=DISCONNECTED
09-03 21:16:04.485   562  2219 D AccessibilityManagerService: restoreCurrentUserForTestAutomationIfNeededLocked(): ignoring because device doesn't support visible background users
09-03 21:16:04.486  1467  1891 I AiAiEcho: Ranked targets strategy: SORT, count: 0, ranking metadata: 
09-03 21:16:04.486  1467  1891 I AiAiEcho: Predicting[0]: 
09-03 21:16:04.486  1467  1891 I AiAiEcho: EchoTargets: 
09-03 21:16:04.486  1467  1891 I AiAiEcho: Filtered by AiAi flag check: 
09-03 21:16:04.486  1467  1891 I AiAiEcho: Ranked targets strategy: SORT, count: 0, ranking metadata: 
09-03 21:16:04.486  1467  1891 I AiAiEcho: Predicting[0]: 
09-03 21:16:04.486  1467  1891 I AiAiEcho: EchoTargets: 
09-03 21:16:04.486  1467  1891 I AiAiEcho: Filtered by AiAi flag check: 
09-03 21:16:04.486  1467  1891 I AiAiEcho: Ranked targets strategy: SORT, count: 0, ranking metadata: 
09-03 21:16:04.486  1467  1891 I AiAiEcho: #postPredictionTargets: Sending updates to UISurface home with targets# 0 (types=[])
09-03 21:16:04.486  5852  5852 D AndroidRuntime: Shutting down VM
09-03 21:16:04.488  1572  1908 I A       : NGA enabled in interactor.
09-03 21:16:04.488  1572  1908 I A       : Nga state changed to NgaStateDetails{state=ENABLED, isSpecialExperience=false}
09-03 21:16:04.488  1467  1891 I AiAiEcho: #postPredictionTargets: Sending updates to UISurface media_data_manager with targets# 0 (types=[])
09-03 21:16:04.488  1467  1891 I AiAiEcho: #postPredictionTargets: Sending updates to UISurface lockscreen with targets# 0 (types=[])
09-03 21:16:04.489  1572  5657 I Search.LoginHelperImpl: Successfully received auth token for scope: oauth2:https://www.googleapis.com/auth/googlenow in time 0 ms
09-03 21:16:04.489  1486  1512 I A       : Initializing all components
09-03 21:16:04.490   562   562 D BatterySaverPolicy: accessibility changed to false, updating policy.
09-03 21:16:04.490  1486  1512 I A       : APA or Classic session decision: SessionDecision(sessionVariance=CLASSIC, platformVariance=CLASSIC, justification=CURRENT_PLATFORM_VARIANCE).
09-03 21:16:04.490  1486  1512 I A       : [Memory] eligibility: StashEligibility{3}
09-03 21:16:04.491  1572  5585 I A       : Using proto config with mendel
09-03 21:16:04.491  1572  5585 I A       : Using proto config with mendel
09-03 21:16:04.491  1486  2092 I A       : onIsEnabledChanged, isEnabled: false
09-03 21:16:04.491  1486  2092 W A       : Disposing empty manager. Did you forgot to subscribe observables?
09-03 21:16:04.491  1486  2092 W A       : Disposing empty manager. Did you forgot to subscribe observables?
09-03 21:16:04.491  1486  2092 W A       : Disposing empty manager. Did you forgot to subscribe observables?
09-03 21:16:04.491  1486  2092 W A       : Disposing empty manager. Did you forgot to subscribe observables?
09-03 21:16:04.491  1486  2092 W A       : Disposing empty manager. Did you forgot to subscribe observables?
09-03 21:16:04.491  1486  2092 W A       : Disposing empty manager. Did you forgot to subscribe observables?
09-03 21:16:04.491  1486  2092 W A       : Disposing empty manager. Did you forgot to subscribe observables?
09-03 21:16:04.491  1486  2092 W A       : Disposing empty manager. Did you forgot to subscribe observables?
09-03 21:16:04.491  1486  2092 W A       : Disposing empty manager. Did you forgot to subscribe observables?
09-03 21:16:04.491  1486  2092 W A       : Disposing empty manager. Did you forgot to subscribe observables?
09-03 21:16:04.491  1486  2092 I A       : onOpaVisibilityChanged: false
09-03 21:16:04.491  1486  2092 W A       : Disposing empty manager. Did you forgot to subscribe observables?
09-03 21:16:04.491  1572  5585 I A       : Using proto config with mendel
09-03 21:16:04.491  1486  2092 W A       : Disposing empty manager. Did you forgot to subscribe observables?
09-03 21:16:04.491  1486  2092 W A       : Disposing empty manager. Did you forgot to subscribe observables?
09-03 21:16:04.491  1572  5585 I A       : Merging legacy hotword config map with new proto.
09-03 21:16:04.491  1486  2092 W A       : Disposing empty manager. Did you forgot to subscribe observables?
09-03 21:16:04.491  1486  2092 W A       : Disposing empty manager. Did you forgot to subscribe observables?
09-03 21:16:04.491  1486  2092 W A       : Disposing empty manager. Did you forgot to subscribe observables?
09-03 21:16:04.491  1572  5585 I A       : Adding from config to map. Locale: cmn-Hant-TW modelPrefix: x_google Location:4e7cae00daee30ec565c34e3aa67a51f isSpeakerIdSupported: true
09-03 21:16:04.491  1572  5585 I A       : Adding from config to map. Locale: id-ID modelPrefix: x_google Location:cfffcc1a4c1c084c003c8eb27f73d770 isSpeakerIdSupported: true
09-03 21:16:04.491  1486  2092 I A       : Setting session to type: NO_SESSION
09-03 21:16:04.491  1572  5585 I A       : Adding from config to map. Locale: ko-KR modelPrefix: x_google Location:0b132163a2eb2c1194b202067475724b isSpeakerIdSupported: true
09-03 21:16:04.491  1486  2092 W A       : Disposing empty manager. Did you forgot to subscribe observables?
09-03 21:16:04.491  1572  5585 I A       : Skipping. Expected model: 2 Found: 1
09-03 21:16:04.491  1572  5585 I A       : Adding from config to map. Locale: zh-TW modelPrefix: x_google Location:4e7cae00daee30ec565c34e3aa67a51f isSpeakerIdSupported: true
09-03 21:16:04.491  1486  2092 W A       : Disposing empty manager. Did you forgot to subscribe observables?
09-03 21:16:04.491  1486  2092 W A       : Disposing empty manager. Did you forgot to subscribe observables?
09-03 21:16:04.491  1486  2092 W A       : Disposing empty manager. Did you forgot to subscribe observables?
09-03 21:16:04.492  1486  2093 I A       : on opa visibility changed false
09-03 21:16:04.491  1486  2092 W A       : Disposing empty manager. Did you forgot to subscribe observables?
09-03 21:16:04.491  1486  2092 W A       : Disposing empty manager. Did you forgot to subscribe observables?
09-03 21:16:04.491  1486  2092 W A       : Disposing empty manager. Did you forgot to subscribe observables?
09-03 21:16:04.491  1486  2092 W A       : Disposing empty manager. Did you forgot to subscribe observables?
09-03 21:16:04.492  1486  2092 I A       : setNavBarVisible: GestureNavBarVisible{navbarVisible=true}
09-03 21:16:04.492  1486  2092 W A       : Disposing empty manager. Did you forgot to subscribe observables?
09-03 21:16:04.492  1486  2093 I A       : State changed: IDLE => IDLE by NGA_STATE_CHANGED and N/A with Optional.empty
09-03 21:16:04.492  1486  2093 I A       : Recognizer choice: (recognizer_type: 1, recognizer_mode: 1, choice_reason: 4)
09-03 21:16:04.492  1486  2092 W A       : Disposing empty manager. Did you forgot to subscribe observables?
09-03 21:16:04.492  1486  2092 W A       : Disposing empty manager. Did you forgot to subscribe observables?
09-03 21:16:04.492  1486  2092 W A       : Disposing empty manager. Did you forgot to subscribe observables?
09-03 21:16:04.492  1486  2092 W A       : Disposing empty manager. Did you forgot to subscribe observables?
09-03 21:16:04.492  1486  2092 W A       : Disposing empty manager. Did you forgot to subscribe observables?
09-03 21:16:04.492  1486  2092 I A       : onDisabled. Registered: false
09-03 21:16:04.492  1486  2093 I A       : onActiveStateChangeEvent: IDLE => IDLE
09-03 21:16:04.493  1486  2093 I A       : #onActiveStateChangeEvent, newState: IDLE, previousState: IDLE.
09-03 21:16:04.493  1486  2093 I A       : stopListening(NGA_PAUSED_UNKNOWN_REASON, NGA_CREATE), idleOverride=NOT_LISTENING
09-03 21:16:04.494  1486  2093 I NgaEntryPointEventSendr: setupConnection
09-03 21:16:04.494  1486  1486 E GsaVoiceSerConnection: gsaVis null binding
09-03 21:16:04.495  1486  2092 I A       : Initialize
09-03 21:16:04.498  1486  2093 I NgaEntryPointEventSendr: State changed: Disconnected => Connecting
09-03 21:16:04.501  1486  2092 I A       : on opa visibility changed false
09-03 21:16:04.501  1572  1572 I A       : Creating pss binder().
09-03 21:16:04.502  1486  1486 V ClearcutMetricXmitter: Transmission is done.
09-03 21:16:04.502  1486  2093 I NgaEntryPointEventSendr: onServiceConnected
09-03 21:16:04.502  1572  2598 I A       : Calling beginBinderSession().
09-03 21:16:04.504  1572  2598 I A       : beginBinderSession(): calling binder
09-03 21:16:04.504  1486  2093 I NgaEntryPointEventSendr: State changed: Connecting => Ready
09-03 21:16:04.505  1486  2092 I A       : Successfully initialized all components
09-03 21:16:04.505   797   797 D SsMediaDataProvider: Forwarding Smartspace updates []
09-03 21:16:04.506   797   797 W PageIndicator: Total number of pages invalid: 0. Assuming 1 page.
09-03 21:16:04.510  1572  1963 W CorpusConfigHelper: Invalid input from icing corpus JSON flag.
09-03 21:16:04.510  1572  1963 W CorpusConfigHelper: android.util.MalformedJsonException: Use JsonReader.setLenient(true) to accept malformed JSON at line 123 column 2
09-03 21:16:04.510  1572  1963 W CorpusConfigHelper: 	at android.util.JsonReader.syntaxError(JsonReader.java:1162)
09-03 21:16:04.510  1572  1963 W CorpusConfigHelper: 	at android.util.JsonReader.checkLenient(JsonReader.java:840)
09-03 21:16:04.510  1572  1963 W CorpusConfigHelper: 	at android.util.JsonReader.nextInArray(JsonReader.java:615)
09-03 21:16:04.510  1572  1963 W CorpusConfigHelper: 	at android.util.JsonReader.peek(JsonReader.java:345)
09-03 21:16:04.510  1572  1963 W CorpusConfigHelper: 	at android.util.JsonReader.hasNext(JsonReader.java:321)
09-03 21:16:04.510  1572  1963 W CorpusConfigHelper: 	at com.google.android.apps.gsa.searchbox.c.b.b.k.c(PG:7)
09-03 21:16:04.510  1572  1963 W CorpusConfigHelper: 	at com.google.android.apps.gsa.searchbox.c.b.b.k.<init>(PG:5)
09-03 21:16:04.510  1572  1963 W CorpusConfigHelper: 	at com.google.android.apps.gsa.staticplugins.searchboxroot.features.n.a.c.<init>(PG:16)
09-03 21:16:04.510  1572  1963 W CorpusConfigHelper: 	at com.google.android.apps.gsa.staticplugins.searchboxroot.b.a(PG:14)
09-03 21:16:04.510  1572  1963 W CorpusConfigHelper: 	at com.google.android.apps.gsa.staticplugins.searchboxroot.x.<init>(PG:7)
09-03 21:16:04.510  1572  1963 W CorpusConfigHelper: 	at com.google.android.apps.gsa.binaries.velvet.app.akd.b(PG:15)
09-03 21:16:04.510  1572  1963 W CorpusConfigHelper: 	at dagger.a.e.b(PG:1)
09-03 21:16:04.510  1572  1963 W CorpusConfigHelper: 	at com.google.android.apps.gsa.staticplugins.searchboxroot.a.a.a(PG:3)
09-03 21:16:04.510  1572  1963 W CorpusConfigHelper: 	at com.google.android.apps.gsa.binaries.velvet.app.ok.f(Unknown Source:2541)
09-03 21:16:04.510  1572  1963 W CorpusConfigHelper: 	at com.google.android.apps.gsa.binaries.velvet.app.ok.b(PG:1)
09-03 21:16:04.510  1572  1963 W CorpusConfigHelper: 	at com.google.android.apps.gsa.search.core.service.g.a.c.a(PG:2)
09-03 21:16:04.510  1572  1963 W CorpusConfigHelper: 	at com.google.android.libraries.gsa.k.a.f.a(PG:2)
09-03 21:16:04.510  1572  1963 W CorpusConfigHelper: 	at com.google.common.util.concurrent.dx.a(PG:1)
09-03 21:16:04.510  1572  1963 W CorpusConfigHelper: 	at com.google.common.util.concurrent.cv.run(PG:4)
09-03 21:16:04.510  1572  1963 W CorpusConfigHelper: 	at com.google.common.util.concurrent.dz.run(PG:1)
09-03 21:16:04.510  1572  1963 W CorpusConfigHelper: 	at com.google.android.libraries.i.ae.run(PG:1)
09-03 21:16:04.510  1572  1963 W CorpusConfigHelper: 	at java.util.concurrent.ThreadPoolExecutor.runWorker(ThreadPoolExecutor.java:1145)
09-03 21:16:04.510  1572  1963 W CorpusConfigHelper: 	at java.util.concurrent.ThreadPoolExecutor$Worker.run(ThreadPoolExecutor.java:644)
09-03 21:16:04.510  1572  1963 W CorpusConfigHelper: 	at com.google.android.libraries.i.k.run(PG:2)
09-03 21:16:04.510  1572  1963 W CorpusConfigHelper: 	at com.google.android.libraries.i.p.run(PG:4)
09-03 21:16:04.510  1572  1963 W CorpusConfigHelper: 	at java.lang.Thread.run(Thread.java:1012)
09-03 21:16:04.511  1572  1963 W A       : Queue length for executor EventBus is now 11. Perhaps some tasks are too long, or the pool is too small.
09-03 21:16:04.516  1572  2622 I A       : Using proto config with mendel
09-03 21:16:04.516  1572  2622 I A       : Using proto config with mendel
09-03 21:16:04.516  1572  2622 I A       : Using proto config with mendel
09-03 21:16:04.516  1572  2622 I A       : Merging legacy hotword config map with new proto.
09-03 21:16:04.516  1572  2622 I A       : Adding from config to map. Locale: cmn-Hant-TW modelPrefix: x_google Location:4e7cae00daee30ec565c34e3aa67a51f isSpeakerIdSupported: true
09-03 21:16:04.517  1572  2622 I A       : Adding from config to map. Locale: id-ID modelPrefix: x_google Location:cfffcc1a4c1c084c003c8eb27f73d770 isSpeakerIdSupported: true
09-03 21:16:04.517  1572  2622 I A       : Adding from config to map. Locale: ko-KR modelPrefix: x_google Location:0b132163a2eb2c1194b202067475724b isSpeakerIdSupported: true
09-03 21:16:04.517  1572  2622 I A       : Skipping. Expected model: 2 Found: 1
09-03 21:16:04.517  1572  2622 I A       : Adding from config to map. Locale: zh-TW modelPrefix: x_google Location:4e7cae00daee30ec565c34e3aa67a51f isSpeakerIdSupported: true
09-03 21:16:04.517  1572  2622 I A       : Using proto config with mendel
09-03 21:16:04.517  1572  2622 I A       : Using proto config with mendel
09-03 21:16:04.517  1572  2622 I A       : Using proto config with mendel
09-03 21:16:04.518   562  2219 W ActivityManager: Unable to start service Intent { cmp=com.google.android.apps.tachyon/.clientapi.ClientApiService } U=0: not found
09-03 21:16:04.518  1351  5766 I NetworkScheduler.Stats: Task com.google.android.gms/com.google.android.gms.ipa.base.IpaGcmTaskService started execution. cause:9 exec_start_elapsed_seconds: 511 [CONTEXT service_id=218 ]
09-03 21:16:04.519  1572  2622 W A       : UiCallbackStub-onGenericEvent[ServiceEvent = 111] task was not run. Callback from Service received after client was disposed.
09-03 21:16:04.519  1486  2092 I NgaEntryPointEventSendr: State changed: Ready => Disconnected (onOpaDisconnected)
09-03 21:16:04.519  1572  2622 W A       : UiCallbackStub-onGenericEvent[ServiceEvent = 60] task was not run. Callback from Service received after client was disposed.
09-03 21:16:04.519  1572  2622 W A       : UiCallbackStub-onGenericEvent[ServiceEvent = 60] task was not run. Callback from Service received after client was disposed.
09-03 21:16:04.519  1572  2622 W A       : UiCallbackStub-onGenericEvent[ServiceEvent = 105] task was not run. Callback from Service received after client was disposed.
09-03 21:16:04.519  1572  2622 W A       : UiCallbackStub-onGenericEvent[ServiceEvent = 107] task was not run. Callback from Service received after client was disposed.
09-03 21:16:04.520  1572  2622 W A       : UiCallbackStub-onGenericEvent[ServiceEvent = 107] task was not run. Callback from Service received after client was disposed.
09-03 21:16:04.520  1572  2622 W A       : UiCallbackStub-onGenericEvent[ServiceEvent = 42] task was not run. Callback from Service received after client was disposed.
09-03 21:16:04.522  1572  2622 W A       : UiCallbackStub-onGenericEvent[ServiceEvent = 67] task was not run. Callback from Service received after client was disposed.
09-03 21:16:04.522  1351  5765 I NetworkScheduler.Stats: Task com.google.android.gms/com.google.android.gms.ipa.base.IpaGcmTaskService finished executing. cause:9 result: 1 elapsed_millis: 19 uptime_millis: 19 exec_start_elapsed_seconds: 511 [CONTEXT service_id=218 ]
09-03 21:16:04.523  1572  2622 I MicroDetectionState: Should stop hotword detection immediately - true
09-03 21:16:04.523  1572  2622 W A       : UiCallbackStub-onGenericEvent[ServiceEvent = 241] task was not run. Callback from Service received after client was disposed.
09-03 21:16:04.523  1572  2622 W A       : UiCallbackStub-onGenericEvent[ServiceEvent = 241] task was not run. Callback from Service received after client was disposed.
09-03 21:16:04.524  1572  2622 W A       : UiCallbackStub-onGenericEvent[ServiceEvent = 60] task was not run. Callback from Service received after client was disposed.
09-03 21:16:04.524  1572  5657 I PBSessionCacheImpl: Deleted sessionId[6915517543541218] from persistence.
09-03 21:16:04.526  1572  2622 W SearchServiceCore: Abort, client detached.
09-03 21:16:04.526  1572  2622 I MicroDetectionState: Should stop hotword detection immediately - true
09-03 21:16:04.526  1572  2622 I A       : Using proto config with mendel
09-03 21:16:04.526  1572  2622 I A       : Using proto config with mendel
