--------- beginning of main
09-03 21:16:25.314  1078  1078 D TaplEvents: TIS / TouchInteractionService.onInputEvent: MotionEvent { action=ACTION_DOWN, actionButton=0, id[0]=0, x[0]=541.0, y[0]=1406.0, toolType[0]=TOOL_TYPE_FINGER, buttonState=0, classification=NONE, metaState=0, flags=0x0, edgeFlags=0x0, pointerCount=1, historySize=0, eventTime=531887, downTime=531887, deviceId=-1, source=0x1002, displayId=0, eventId=-674189530 }
09-03 21:16:25.316  1078  1078 D TaplEvents: TIS / TouchInteractionService.onInputEvent: MotionEvent { action=ACTION_UP, actionButton=0, id[0]=0, x[0]=541.0, y[0]=1406.0, toolType[0]=TOOL_TYPE_FINGER, buttonState=0, classification=NONE, metaState=0, flags=0x0, edgeFlags=0x0, pointerCount=1, historySize=0, eventTime=531887, downTime=531887, deviceId=-1, source=0x1002, displayId=0, eventId=-53991306 }
09-03 21:16:25.334   405   445 D audioserver: FGS Logger Transaction failed
09-03 21:16:25.334   405   445 D audioserver: -129
--------- beginning of system
09-03 21:16:25.335   562  2177 D CompatibilityChangeReporter: Compat change id reported: 261072174; UID 10194; state: ENABLED
09-03 21:16:25.336   562  2177 D OomAdjuster: Not killing cached processes
09-03 21:16:25.337   562  2177 W ProcessStats: Tracking association SourceState{d823100 com.google.android.gms/10128 BTop #5281} whose proc state 2 is better than process ProcessState{5d4a133 com.google.android.gms.persistent/10128 pkg=com.google.android.gms} proc state 4 (3 skipped)
09-03 21:16:25.337  5436  5496 D BtGatt.ScanManager: uid 10128 isForeground true scanMode 1
09-03 21:16:25.337  5436  5496 D BtGatt.ScanManager: uid 10128 isForeground true scanMode 3
09-03 21:16:25.337  5436  5496 D BtGatt.ScanManager: uid 10128 isForeground true scanMode 0
09-03 21:16:25.370   781   781 I wpa_supplicant: wlan0: CTRL-EVENT-BEACON-LOSS 
09-03 21:16:25.370   405   522 D AudioFlinger: mixer(0x73f97a6b2930) throttle end: throttle time(35)
09-03 21:16:25.376  5785  5817 D EGL_emulation: app_time_stats: avg=879.26ms min=0.56ms max=26344.59ms count=30
09-03 21:16:25.385   562  2145 D CompatibilityChangeReporter: Compat change id reported: 265464455; UID 10194; state: DISABLED
09-03 21:16:25.385   562  2145 D CompatibilityChangeReporter: Compat change id reported: 265452344; UID 10194; state: DISABLED
09-03 21:16:25.385   562  2145 D CompatibilityChangeReporter: Compat change id reported: 266124927; UID 10194; state: DISABLED
09-03 21:16:25.385   562  2145 D CompatibilityChangeReporter: Compat change id reported: 265451093; UID 10194; state: DISABLED
09-03 21:16:25.386   562  2145 D CompatibilityChangeReporter: Compat change id reported: 265456536; UID 10194; state: DISABLED
09-03 21:16:25.386   562  2145 D CompatibilityChangeReporter: Compat change id reported: 255940284; UID 10194; state: DISABLED
09-03 21:16:25.386   562  2145 D CompatibilityChangeReporter: Compat change id reported: 236283604; UID 10194; state: DISABLED
09-03 21:16:25.386   562  2145 D CompatibilityChangeReporter: Compat change id reported: 263959004; UID 10194; state: DISABLED
09-03 21:16:25.386   562  2145 D CompatibilityChangeReporter: Compat change id reported: 264304459; UID 10194; state: DISABLED
09-03 21:16:25.386   562  2145 D CompatibilityChangeReporter: Compat change id reported: 264301586; UID 10194; state: DISABLED
09-03 21:16:25.386   562  2145 D CompatibilityChangeReporter: Compat change id reported: 254631730; UID 10194; state: DISABLED
09-03 21:16:25.386   562  2145 D CompatibilityChangeReporter: Compat change id reported: 273509367; UID 10194; state: DISABLED
09-03 21:16:25.386   562  2145 D CompatibilityChangeReporter: Compat change id reported: 263259275; UID 10194; state: DISABLED
09-03 21:16:25.386   562  2145 D CompatibilityChangeReporter: Compat change id reported: 174042980; UID 10194; state: DISABLED
09-03 21:16:25.387   562  2145 D CompatibilityChangeReporter: Compat change id reported: 174042936; UID 10194; state: DISABLED
09-03 21:16:25.387   562  2145 D CompatibilityChangeReporter: Compat change id reported: 181136395; UID 10194; state: DISABLED
09-03 21:16:25.387   562  2145 D CompatibilityChangeReporter: Compat change id reported: 194480991; UID 10194; state: ENABLED
09-03 21:16:25.387   562  2145 D CompatibilityChangeReporter: Compat change id reported: 197654537; UID 10194; state: ENABLED
09-03 21:16:25.387   562  2145 D CompatibilityChangeReporter: Compat change id reported: 184838306; UID 10194; state: DISABLED
09-03 21:16:25.387   562  2145 D CompatibilityChangeReporter: Compat change id reported: 185004937; UID 10194; state: DISABLED
09-03 21:16:25.389   562  2145 E Transition: Trying to add a ready-group twice: Display{#0 state=ON size=1080x2400 ROTATION_0}
09-03 21:16:25.390   562  2145 I ActivityTaskManager: START u0 {act=com.google.android.gms.auth.GOOGLE_SIGN_IN pkg=com.habitring.app cmp=com.habitring.app/com.google.android.gms.auth.api.signin.internal.SignInHubActivity (has extras)} with LAUNCH_MULTIPLE from uid 10194 (BAL_ALLOW_VISIBLE_WINDOW) result code=0
09-03 21:16:25.390   797   856 V WindowManagerShell: Transition requested: android.os.BinderProxy@47a4b89 TransitionRequestInfo { type = OPEN, triggerTask = TaskInfo{userId=0 taskId=128 displayId=0 isRunning=true baseIntent=Intent { flg=0x10000000 cmp=com.habitring.app/.MainActivity } baseActivity=ComponentInfo{com.habitring.app/com.habitring.app.MainActivity} topActivity=ComponentInfo{com.habitring.app/com.google.android.gms.auth.api.signin.internal.SignInHubActivity} origActivity=null realActivity=ComponentInfo{com.habitring.app/com.habitring.app.MainActivity} numActivities=2 lastActiveTime=531963 supportsMultiWindow=true resizeMode=1 isResizeable=true minWidth=-1 minHeight=-1 defaultMinSize=220 token=WCT{android.window.IWindowContainerToken$Stub$Proxy@c178e} topActivityType=1 pictureInPictureParams=null shouldDockBigOverlays=false launchIntoPipHostTaskId=-1 lastParentTaskIdBeforePip=-1 displayCutoutSafeInsets=null topActivityInfo=ActivityInfo{a277baf com.google.android.gms.auth.api.signin.internal.SignInHubActivity} launchCookies=[] positionInParent=Point(0, 0) parentTaskId=-1 isFocused=true isVisible=true isVisibleRequested=true isSleeping=false topActivityInSizeCompat=false topActivityEligibleForLetterboxEducation= false topActivityLetterboxed= false isFromDoubleTap= false topActivityLetterboxVerticalPosition= -1 topActivityLetterboxHorizontalPosition= -1 topActivityLetterboxWidth=-1 topActivityLetterboxHeight=-1 locusId=null displayAreaFeatureId=1 cameraCompatControlState=hidden}, remoteTransition = null, displayChange = null }
09-03 21:16:25.390  5785  5785 W unknown:BridgelessReact: ReactHost{0}.onUserLeaveHint(activity)
09-03 21:16:25.391  5785  5785 W unknown:BridgelessReact: ReactHost{0}.onHostPause(activity)
09-03 21:16:25.391  5785  5785 W unknown:BridgelessReact: ReactHost{0}.ReactContext.onHostPause()
09-03 21:16:25.396   411   411 I BpBinder: onLastStrongRef automatically unlinking death recipients: 
09-03 21:16:25.397   562  1888 I ActivityTaskManager: START u0 {act=com.google.android.gms.auth.GOOGLE_SIGN_IN pkg=com.google.android.gms cmp=com.google.android.gms/.auth.api.signin.ui.SignInActivity (has extras)} with LAUNCH_MULTIPLE from uid 10194 (BAL_ALLOW_VISIBLE_WINDOW) result code=0
09-03 21:16:25.417   562  2145 D CompatibilityChangeReporter: Compat change id reported: 168419799; UID 10194; state: DISABLED
09-03 21:16:25.417   562  2145 D CompatibilityChangeReporter: Compat change id reported: 273564678; UID 10194; state: DISABLED
09-03 21:16:25.418   562  2145 D CoreBackPreview: Window{287467b u0 com.habitring.app/com.google.android.gms.auth.api.signin.internal.SignInHubActivity}: Setting back callback OnBackInvokedCallbackInfo{mCallback=android.window.IOnBackInvokedCallback$Stub$Proxy@d93fcf1, mPriority=-1, mIsAnimationCallback=false}
09-03 21:16:25.451  5785  5817 E OpenGLRenderer: Unable to match the desired swap behavior.
09-03 21:16:25.530   405   522 D audioserver: FGS Logger Transaction failed
09-03 21:16:25.530   405   522 D audioserver: -129
09-03 21:16:25.539   562  1888 D ActivityManager: quick sync unfreeze 4072 for 1
09-03 21:16:25.541   562   603 D ActivityManager: sync unfroze 4072 com.google.android.gms.ui for 1
09-03 21:16:25.559  4072  4072 I ContentCaptureHelper: Setting logging level to DEBUG
09-03 21:16:25.559  4072  4072 D ContentCaptureManager: setFlushViewTreeAppearingEventDisabled(): setting to false
09-03 21:16:25.559  4072  4072 D ContentCaptureManager: updateWindowAttributes(): window flags=8388610
09-03 21:16:25.566   562  1888 D CoreBackPreview: Window{f664ddc u0 com.google.android.gms/com.google.android.gms.auth.api.signin.ui.SignInActivity}: Setting back callback OnBackInvokedCallbackInfo{mCallback=android.window.IOnBackInvokedCallback$Stub$Proxy@ce05dba, mPriority=0, mIsAnimationCallback=false}
09-03 21:16:25.590  4072  4686 W OpenGLRenderer: Failed to choose config with EGL_SWAP_BEHAVIOR_PRESERVED, retrying without...
09-03 21:16:25.590  4072  4686 W OpenGLRenderer: Failed to initialize 101010-2 format, error = EGL_SUCCESS
09-03 21:16:25.629  4072  4686 E OpenGLRenderer: Unable to match the desired swap behavior.
09-03 21:16:25.635   562   600 I ActivityTaskManager: Displayed com.google.android.gms/.auth.api.signin.ui.SignInActivity for user 0: +250ms
09-03 21:16:25.635   562   600 V WindowManager: Sent Transition #27 createdAt=09-03 21:16:25.387 via request=TransitionRequestInfo { type = OPEN, triggerTask = TaskInfo{userId=0 taskId=128 displayId=0 isRunning=true baseIntent=Intent { flg=0x10000000 cmp=com.habitring.app/.MainActivity } baseActivity=ComponentInfo{com.habitring.app/com.habitring.app.MainActivity} topActivity=ComponentInfo{com.habitring.app/com.google.android.gms.auth.api.signin.internal.SignInHubActivity} origActivity=null realActivity=ComponentInfo{com.habitring.app/com.habitring.app.MainActivity} numActivities=2 lastActiveTime=531963 supportsMultiWindow=true resizeMode=1 isResizeable=true minWidth=-1 minHeight=-1 defaultMinSize=220 token=WCT{RemoteToken{d21a740 Task{bc32736 #128 type=standard A=10194:com.habitring.app}}} topActivityType=1 pictureInPictureParams=null shouldDockBigOverlays=false launchIntoPipHostTaskId=-1 lastParentTaskIdBeforePip=-1 displayCutoutSafeInsets=null topActivityInfo=ActivityInfo{740ea12 com.google.android.gms.auth.api.signin.internal.SignInHubActivity} launchCookies=[] positionInParent=Point(0, 0) parentTaskId=-1 isFocused=true isVisible=true isVisibleRequested=true isSleeping=false topActivityInSizeCompat=false topActivityEligibleForLetterboxEducation= false topActivityLetterboxed= false isFromDoubleTap= false topActivityLetterboxVerticalPosition= -1 topActivityLetterboxHorizontalPosition= -1 topActivityLetterboxWidth=-1 topActivityLetterboxHeight=-1 locusId=null displayAreaFeatureId=1 cameraCompatControlState=hidden}, remoteTransition = null, displayChange = null }
09-03 21:16:25.635   562   600 V WindowManager:     startWCT=WindowContainerTransaction { changes = {} hops = [] errorCallbackToken=null taskFragmentOrganizer=null }
09-03 21:16:25.635   562   600 V WindowManager:     info={id=27 t=OPEN f=0x0 trk=0 r=[0@Point(0, 0)] c=[{null m=OPEN f=TRANSLUCENT|FILLS_TASK leash=Surface(name=ActivityRecord{10121ac u0 com.google.android.gms/.auth.api.signin.ui.SignInActivity)/@0x20c7c74 sb=Rect(0, 0 - 0, 0) eb=Rect(0, 0 - 1080, 2400) d=-1->0 r=-1->0:-1},{null m=OPEN f=TRANSLUCENT|FILLS_TASK leash=Surface(name=ActivityRecord{86d0fb9 u0 com.habitring.app/com.google.android.gms.auth.api.signin.internal.SignInHubActivity)/@0x9773c47 sb=Rect(0, 0 - 0, 0) eb=Rect(0, 0 - 1080, 2400) d=-1->0 r=-1->0:-1}]}
09-03 21:16:25.636   797   856 V WindowManagerShell: onTransitionReady android.os.BinderProxy@47a4b89: {id=27 t=OPEN f=0x0 trk=0 r=[0@Point(0, 0)] c=[{null m=OPEN f=TRANSLUCENT|FILLS_TASK leash=Surface(name=ActivityRecord{10121ac u0 com.google.android.gms/.auth.api.signin.ui.SignInActivity)/@0xcc33680 sb=Rect(0, 0 - 0, 0) eb=Rect(0, 0 - 1080, 2400) d=-1->0 r=-1->0:-1},{null m=OPEN f=TRANSLUCENT|FILLS_TASK leash=Surface(name=ActivityRecord{86d0fb9 u0 com.habitring.app/com.google.android.gms.auth.api.signin.internal.SignInHubActivity)/@0xb964b9 sb=Rect(0, 0 - 0, 0) eb=Rect(0, 0 - 1080, 2400) d=-1->0 r=-1->0:-1}]}
09-03 21:16:25.636   797   856 V WindowManagerShell: Playing animation for (#27)android.os.BinderProxy@47a4b89@0
09-03 21:16:25.636   797   856 V WindowManagerShell:  try handler com.android.wm.shell.transition.DefaultMixedHandler@3c43119
09-03 21:16:25.636   797   856 V WindowManagerShell:  try handler com.android.wm.shell.keyguard.KeyguardTransitionHandler@3d4b5de
09-03 21:16:25.636   797   856 V WindowManagerShell:  try handler com.android.wm.shell.activityembedding.ActivityEmbeddingController@8af43bf
09-03 21:16:25.636   797   856 V WindowManagerShell:  try handler com.android.wm.shell.recents.RecentsTransitionHandler@dfe3a8c
09-03 21:16:25.636   797   856 V ShellRecents: RecentsTransitionHandler.startAnimation: no controller found
09-03 21:16:25.636   797   856 V WindowManagerShell:  try handler com.android.wm.shell.pip.PipTransition@f5dc5d5
09-03 21:16:25.636   797   856 V WindowManagerShell:  try handler com.android.wm.shell.splitscreen.StageCoordinator@4f251ea
09-03 21:16:25.636   797   856 V WindowManagerShell:  try handler com.android.wm.shell.transition.RemoteTransitionHandler@51e5cdb
09-03 21:16:25.636   797   856 V WindowManagerShell: Transition doesn't have explicit remote, search filters for match for {id=27 t=OPEN f=0x0 trk=0 r=[0@Point(0, 0)] c=[{null m=OPEN f=TRANSLUCENT|FILLS_TASK leash=Surface(name=ActivityRecord{10121ac u0 com.google.android.gms/.auth.api.signin.ui.SignInActivity)/@0xcc33680 sb=Rect(0, 0 - 0, 0) eb=Rect(0, 0 - 1080, 2400) d=-1->0 r=-1->0:-1},{null m=OPEN f=TRANSLUCENT|FILLS_TASK leash=Surface(name=ActivityRecord{86d0fb9 u0 com.habitring.app/com.google.android.gms.auth.api.signin.internal.SignInHubActivity)/@0xb964b9 sb=Rect(0, 0 - 0, 0) eb=Rect(0, 0 - 1080, 2400) d=-1->0 r=-1->0:-1}]}
09-03 21:16:25.636   797   856 V WindowManagerShell:  Checking filter Pair{{types=[] flags=0x0] notFlags=0x0 checks=[{atype=dream independent=true modes=[OPEN,TO_FRONT] flags=NONE mustBeTask=false order=ANY topActivity=null},{atype=home independent=true modes=[CLOSE,TO_BACK] flags=NONE mustBeTask=false order=ANY topActivity=null}]} RemoteTransition { remoteTransition = android.window.IRemoteTransition$Stub$Proxy@be57b62, appThread = android.app.IApplicationThread$Stub$Proxy@c1994f3, debugName = LauncherToDream }}
09-03 21:16:25.636   797   856 V WindowManagerShell:  Checking filter Pair{{types=[] flags=0x0] notFlags=0x100 checks=[{atype=home independent=true modes=[OPEN,TO_FRONT] flags=NONE mustBeTask=false order=TOP topActivity=ComponentInfo{com.google.android.apps.nexuslauncher/com.google.android.apps.nexuslauncher.NexusLauncherActivity}},{atype=standard independent=true modes=[CLOSE,TO_BACK] flags=NONE mustBeTask=false order=ANY topActivity=null}]} RemoteTransition { remoteTransition = android.window.IRemoteTransition$Stub$Proxy@938a5b0, appThread = android.app.IApplicationThread$Stub$Proxy@5ba5c29, debugName = QuickstepLaunchHome }}
09-03 21:16:25.636   797   856 V WindowManagerShell:  Delegate animation for #27 to null
09-03 21:16:25.636   797   856 V WindowManagerShell:  try handler com.android.wm.shell.transition.DefaultTransitionHandler@ebf4f24
09-03 21:16:25.636   797   856 V WindowManagerShell: start default transition animation, info = {id=27 t=OPEN f=0x0 trk=0 r=[0@Point(0, 0)] c=[{null m=OPEN f=TRANSLUCENT|FILLS_TASK leash=Surface(name=ActivityRecord{10121ac u0 com.google.android.gms/.auth.api.signin.ui.SignInActivity)/@0xcc33680 sb=Rect(0, 0 - 0, 0) eb=Rect(0, 0 - 1080, 2400) d=-1->0 r=-1->0:-1},{null m=OPEN f=TRANSLUCENT|FILLS_TASK leash=Surface(name=ActivityRecord{86d0fb9 u0 com.habitring.app/com.google.android.gms.auth.api.signin.internal.SignInHubActivity)/@0xb964b9 sb=Rect(0, 0 - 0, 0) eb=Rect(0, 0 - 1080, 2400) d=-1->0 r=-1->0:-1}]}
09-03 21:16:25.636   797   856 V WindowManagerShell: loadAnimation: anim=null animAttr=0x4 type=OPEN isEntrance=true
09-03 21:16:25.636   797   856 V WindowManagerShell: loadAnimation: anim=null animAttr=0x4 type=OPEN isEntrance=true
09-03 21:16:25.637   797   856 V WindowManagerShell: Transition animation finished (aborted=false), notifying core (#27)android.os.BinderProxy@47a4b89@0
09-03 21:16:25.638   562   600 V WindowManager: Finish Transition #27: created at 09-03 21:16:25.387 collect-started=0.03ms request-sent=1.896ms started=3.254ms ready=153.498ms sent=247.965ms finished=250.732ms
09-03 21:16:25.638   797   856 V WindowManagerShell: Track 0 became idle
09-03 21:16:25.638   797   856 V WindowManagerShell: All active transition animations finished
09-03 21:16:25.638   797   856 V WindowManagerShell:  animated by com.android.wm.shell.transition.DefaultTransitionHandler@ebf4f24
09-03 21:16:25.638   797   856 V WindowManagerShell: Track 0 became idle
09-03 21:16:25.639   797   856 V WindowManagerShell: All active transition animations finished
09-03 21:16:25.639   562  1888 E Transition: Trying to add a ready-group twice: Display{#0 state=ON size=1080x2400 ROTATION_0}
09-03 21:16:25.640   797   856 V WindowManagerShell: Transition requested: android.os.BinderProxy@e653aac TransitionRequestInfo { type = OPEN, triggerTask = TaskInfo{userId=0 taskId=128 displayId=0 isRunning=true baseIntent=Intent { flg=0x10000000 cmp=com.habitring.app/.MainActivity } baseActivity=ComponentInfo{com.habitring.app/com.habitring.app.MainActivity} topActivity=ComponentInfo{com.google.android.gms/com.google.android.gms.common.api.GoogleApiActivity} origActivity=null realActivity=ComponentInfo{com.habitring.app/com.habitring.app.MainActivity} numActivities=4 lastActiveTime=532214 supportsMultiWindow=true resizeMode=1 isResizeable=true minWidth=-1 minHeight=-1 defaultMinSize=220 token=WCT{android.window.IWindowContainerToken$Stub$Proxy@6029375} topActivityType=1 pictureInPictureParams=null shouldDockBigOverlays=false launchIntoPipHostTaskId=-1 lastParentTaskIdBeforePip=-1 displayCutoutSafeInsets=Rect(0, 136 - 0, 0) topActivityInfo=ActivityInfo{9849f0a com.google.android.gms.common.api.GoogleApiActivity} launchCookies=[] positionInParent=Point(0, 0) parentTaskId=-1 isFocused=true isVisible=true isVisibleRequested=true isSleeping=false topActivityInSizeCompat=false topActivityEligibleForLetterboxEducation= false topActivityLetterboxed= false isFromDoubleTap= false topActivityLetterboxVerticalPosition= -1 topActivityLetterboxHorizontalPosition= -1 topActivityLetterboxWidth=-1 topActivityLetterboxHeight=-1 locusId=null displayAreaFeatureId=1 cameraCompatControlState=hidden}, remoteTransition = null, displayChange = null }
09-03 21:16:25.640   562  1888 I ActivityTaskManager: START u0 {cmp=com.google.android.gms/.common.api.GoogleApiActivity (has extras)} with LAUNCH_MULTIPLE from uid 10128 (BAL_ALLOW_VISIBLE_WINDOW) result code=0
09-03 21:16:25.646   562  1888 I ActivityTaskManager: START u0 {act=com.google.android.gms.signin.action.SIGN_IN pkg=com.google.android.gms cmp=com.google.android.gms/.signin.activity.SignInActivity (has extras)} with LAUNCH_MULTIPLE from uid 10128 (BAL_ALLOW_VISIBLE_WINDOW) result code=0
09-03 21:16:25.648  4072  4072 I ContentCaptureHelper: Setting logging level to DEBUG
09-03 21:16:25.649  4072  4072 D ContentCaptureManager: setFlushViewTreeAppearingEventDisabled(): setting to false
09-03 21:16:25.649  4072  4072 D ContentCaptureManager: updateWindowAttributes(): window flags=8454400
09-03 21:16:25.652  4072  4072 D MainContentCaptureSession: handleScheduleFlush(act:com.google.android.gms/.common.api.GoogleApiActivity [state=1 (WAITING_FOR_SERVER), disabled=false], reason=FORCE_FLUSH): not a timeout reason because mDirectServiceInterface is not ready yet
09-03 21:16:25.663   562  1888 D CoreBackPreview: Window{201eaa4 u0 com.google.android.gms/com.google.android.gms.common.api.GoogleApiActivity}: Setting back callback OnBackInvokedCallbackInfo{mCallback=android.window.IOnBackInvokedCallback$Stub$Proxy@cc37dd3, mPriority=0, mIsAnimationCallback=false}
09-03 21:16:25.673  4072  4686 E OpenGLRenderer: Unable to match the desired swap behavior.
09-03 21:16:25.673   797   890 D EGL_emulation: app_time_stats: avg=25639.08ms min=25639.08ms max=25639.08ms count=1
09-03 21:16:25.679   411   411 I BpBinder: onLastStrongRef automatically unlinking death recipients: 
09-03 21:16:25.690   562  1888 I ImeTracker: com.google.android.gms:4364ec8: onRequestHide at ORIGIN_SERVER_HIDE_INPUT reason HIDE_UNSPECIFIED_WINDOW
09-03 21:16:25.690   562  1888 I ImeTracker: com.google.android.gms:4364ec8: onCancelled at PHASE_SERVER_SHOULD_HIDE
09-03 21:16:25.692  1387  1387 I GoogleInputMethodService: GoogleInputMethodService.onFinishInput():3227 
09-03 21:16:25.692  1387  1387 I GoogleInputMethodService: GoogleInputMethodService.updateDeviceLockedStatus():2087 repeatCheckTimes = 0, unlocked = true
09-03 21:16:25.692  1387  1387 I GoogleInputMethodService: GoogleInputMethodService.onStartInput():1877 onStartInput(EditorInfo{inputType=0x0(NULL) imeOptions=0x0 privateImeOptions=null actionName=UNSPECIFIED actionLabel=null actionId=0 initialSelStart=-1 initialSelEnd=-1 initialCapsMode=0x0 hintText=null label=null packageName=com.google.android.gms fieldId=0 fieldName=null extras=null}, false)
09-03 21:16:25.692  1387  1387 I GoogleInputMethodService: GoogleInputMethodService.shouldHideHeaderOnInitialState():4008 ShouldHideHeaderOnInitialState = false
09-03 21:16:25.693  1387  1387 I GoogleInputMethodService: GoogleInputMethodService.updateDeviceLockedStatus():2087 repeatCheckTimes = 2, unlocked = true
09-03 21:16:25.698  4072  4072 I ContentCaptureHelper: Setting logging level to DEBUG
09-03 21:16:25.698  4072  4072 D ContentCaptureManager: setFlushViewTreeAppearingEventDisabled(): setting to false
09-03 21:16:25.698  4072  4072 D ContentCaptureManager: updateWindowAttributes(): window flags=8388610
09-03 21:16:25.702   562  1888 D CoreBackPreview: Window{dda54e6 u0 com.google.android.gms/com.google.android.gms.signin.activity.SignInActivity}: Setting back callback OnBackInvokedCallbackInfo{mCallback=android.window.IOnBackInvokedCallback$Stub$Proxy@f0744d4, mPriority=0, mIsAnimationCallback=false}
09-03 21:16:25.705  4072  4686 E OpenGLRenderer: Unable to match the desired swap behavior.
09-03 21:16:25.708  4072  4072 D MainContentCaptureSession: handleScheduleFlush(act:com.google.android.gms/.signin.activity.SignInActivity [state=1 (WAITING_FOR_SERVER), disabled=false], reason=FORCE_FLUSH): not a timeout reason because mDirectServiceInterface is not ready yet
09-03 21:16:25.709   562   600 I ActivityTaskManager: Displayed com.google.android.gms/.signin.activity.SignInActivity for user 0: +69ms
09-03 21:16:25.709   797   856 V WindowManagerShell: onTransitionReady android.os.BinderProxy@e653aac: {id=28 t=OPEN f=0x0 trk=0 r=[0@Point(0, 0)] c=[{null m=OPEN f=TRANSLUCENT|FILLS_TASK leash=Surface(name=ActivityRecord{9cec7d1 u0 com.google.android.gms/.signin.activity.SignInActivity)/@0xda58f90 sb=Rect(0, 0 - 0, 0) eb=Rect(0, 0 - 1080, 2400) d=-1->0 r=-1->0:-1},{null m=OPEN f=TRANSLUCENT|FILLS_TASK leash=Surface(name=ActivityRecord{e3f955e u0 com.google.android.gms/.common.api.GoogleApiActivity)/@0xa9c3089 sb=Rect(0, 0 - 0, 0) eb=Rect(0, 0 - 1080, 2400) d=-1->0 r=-1->0:-1}]}
09-03 21:16:25.709   562   600 V WindowManager: Sent Transition #28 createdAt=09-03 21:16:25.638 via request=TransitionRequestInfo { type = OPEN, triggerTask = TaskInfo{userId=0 taskId=128 displayId=0 isRunning=true baseIntent=Intent { flg=0x10000000 cmp=com.habitring.app/.MainActivity } baseActivity=ComponentInfo{com.habitring.app/com.habitring.app.MainActivity} topActivity=ComponentInfo{com.google.android.gms/com.google.android.gms.common.api.GoogleApiActivity} origActivity=null realActivity=ComponentInfo{com.habitring.app/com.habitring.app.MainActivity} numActivities=4 lastActiveTime=532214 supportsMultiWindow=true resizeMode=1 isResizeable=true minWidth=-1 minHeight=-1 defaultMinSize=220 token=WCT{RemoteToken{d21a740 Task{bc32736 #128 type=standard A=10194:com.habitring.app}}} topActivityType=1 pictureInPictureParams=null shouldDockBigOverlays=false launchIntoPipHostTaskId=-1 lastParentTaskIdBeforePip=-1 displayCutoutSafeInsets=Rect(0, 136 - 0, 0) topActivityInfo=ActivityInfo{9065a6c com.google.android.gms.common.api.GoogleApiActivity} launchCookies=[] positionInParent=Point(0, 0) parentTaskId=-1 isFocused=true isVisible=true isVisibleRequested=true isSleeping=false topActivityInSizeCompat=false topActivityEligibleForLetterboxEducation= false topActivityLetterboxed= false isFromDoubleTap= false topActivityLetterboxVerticalPosition= -1 topActivityLetterboxHorizontalPosition= -1 topActivityLetterboxWidth=-1 topActivityLetterboxHeight=-1 locusId=null displayAreaFeatureId=1 cameraCompatControlState=hidden}, remoteTransition = null, displayChange = null }
09-03 21:16:25.709   797   856 V WindowManagerShell: Playing animation for (#28)android.os.BinderProxy@e653aac@0
09-03 21:16:25.709   562   600 V WindowManager:     startWCT=WindowContainerTransaction { changes = {} hops = [] errorCallbackToken=null taskFragmentOrganizer=null }
09-03 21:16:25.709   562   600 V WindowManager:     info={id=28 t=OPEN f=0x0 trk=0 r=[0@Point(0, 0)] c=[{null m=OPEN f=TRANSLUCENT|FILLS_TASK leash=Surface(name=ActivityRecord{9cec7d1 u0 com.google.android.gms/.signin.activity.SignInActivity)/@0xac51abe sb=Rect(0, 0 - 0, 0) eb=Rect(0, 0 - 1080, 2400) d=-1->0 r=-1->0:-1},{null m=OPEN f=TRANSLUCENT|FILLS_TASK leash=Surface(name=ActivityRecord{e3f955e u0 com.google.android.gms/.common.api.GoogleApiActivity)/@0x3159d79 sb=Rect(0, 0 - 0, 0) eb=Rect(0, 0 - 1080, 2400) d=-1->0 r=-1->0:-1}]}
09-03 21:16:25.710   797   856 V WindowManagerShell:  try handler com.android.wm.shell.transition.DefaultMixedHandler@3c43119
09-03 21:16:25.710   797   856 V WindowManagerShell:  try handler com.android.wm.shell.keyguard.KeyguardTransitionHandler@3d4b5de
09-03 21:16:25.710   797   856 V WindowManagerShell:  try handler com.android.wm.shell.activityembedding.ActivityEmbeddingController@8af43bf
09-03 21:16:25.710   797   856 V WindowManagerShell:  try handler com.android.wm.shell.recents.RecentsTransitionHandler@dfe3a8c
09-03 21:16:25.710   797   856 V ShellRecents: RecentsTransitionHandler.startAnimation: no controller found
09-03 21:16:25.710   797   856 V WindowManagerShell:  try handler com.android.wm.shell.pip.PipTransition@f5dc5d5
09-03 21:16:25.710   797   856 V WindowManagerShell:  try handler com.android.wm.shell.splitscreen.StageCoordinator@4f251ea
09-03 21:16:25.710   797   856 V WindowManagerShell:  try handler com.android.wm.shell.transition.RemoteTransitionHandler@51e5cdb
09-03 21:16:25.710   797   856 V WindowManagerShell: Transition doesn't have explicit remote, search filters for match for {id=28 t=OPEN f=0x0 trk=0 r=[0@Point(0, 0)] c=[{null m=OPEN f=TRANSLUCENT|FILLS_TASK leash=Surface(name=ActivityRecord{9cec7d1 u0 com.google.android.gms/.signin.activity.SignInActivity)/@0xda58f90 sb=Rect(0, 0 - 0, 0) eb=Rect(0, 0 - 1080, 2400) d=-1->0 r=-1->0:-1},{null m=OPEN f=TRANSLUCENT|FILLS_TASK leash=Surface(name=ActivityRecord{e3f955e u0 com.google.android.gms/.common.api.GoogleApiActivity)/@0xa9c3089 sb=Rect(0, 0 - 0, 0) eb=Rect(0, 0 - 1080, 2400) d=-1->0 r=-1->0:-1}]}
09-03 21:16:25.710   797   856 V WindowManagerShell:  Checking filter Pair{{types=[] flags=0x0] notFlags=0x0 checks=[{atype=dream independent=true modes=[OPEN,TO_FRONT] flags=NONE mustBeTask=false order=ANY topActivity=null},{atype=home independent=true modes=[CLOSE,TO_BACK] flags=NONE mustBeTask=false order=ANY topActivity=null}]} RemoteTransition { remoteTransition = android.window.IRemoteTransition$Stub$Proxy@be57b62, appThread = android.app.IApplicationThread$Stub$Proxy@c1994f3, debugName = LauncherToDream }}
09-03 21:16:25.710   797   856 V WindowManagerShell:  Checking filter Pair{{types=[] flags=0x0] notFlags=0x100 checks=[{atype=home independent=true modes=[OPEN,TO_FRONT] flags=NONE mustBeTask=false order=TOP topActivity=ComponentInfo{com.google.android.apps.nexuslauncher/com.google.android.apps.nexuslauncher.NexusLauncherActivity}},{atype=standard independent=true modes=[CLOSE,TO_BACK] flags=NONE mustBeTask=false order=ANY topActivity=null}]} RemoteTransition { remoteTransition = android.window.IRemoteTransition$Stub$Proxy@938a5b0, appThread = android.app.IApplicationThread$Stub$Proxy@5ba5c29, debugName = QuickstepLaunchHome }}
09-03 21:16:25.710   797   856 V WindowManagerShell:  Delegate animation for #28 to null
09-03 21:16:25.710   797   856 V WindowManagerShell:  try handler com.android.wm.shell.transition.DefaultTransitionHandler@ebf4f24
09-03 21:16:25.710   797   856 V WindowManagerShell: start default transition animation, info = {id=28 t=OPEN f=0x0 trk=0 r=[0@Point(0, 0)] c=[{null m=OPEN f=TRANSLUCENT|FILLS_TASK leash=Surface(name=ActivityRecord{9cec7d1 u0 com.google.android.gms/.signin.activity.SignInActivity)/@0xda58f90 sb=Rect(0, 0 - 0, 0) eb=Rect(0, 0 - 1080, 2400) d=-1->0 r=-1->0:-1},{null m=OPEN f=TRANSLUCENT|FILLS_TASK leash=Surface(name=ActivityRecord{e3f955e u0 com.google.android.gms/.common.api.GoogleApiActivity)/@0xa9c3089 sb=Rect(0, 0 - 0, 0) eb=Rect(0, 0 - 1080, 2400) d=-1->0 r=-1->0:-1}]}
09-03 21:16:25.711  4072  4243 E enyj    : *~*~*~ Previous channel {0} was not shutdown properly!!! ~*~*~*
09-03 21:16:25.711  4072  4243 E enyj    :     Make sure to call shutdown()/shutdownNow() and wait until awaitTermination() returns true.
09-03 21:16:25.711  4072  4243 E enyj    : java.lang.RuntimeException: ManagedChannel allocation site
09-03 21:16:25.711  4072  4243 E enyj    : 	at enyi.<init>(:com.google.android.gms@231818047@23.18.18 (190800-535401451):3)
09-03 21:16:25.711  4072  4243 E enyj    : 	at enyj.<init>(:com.google.android.gms@231818047@23.18.18 (190800-535401451):2)
09-03 21:16:25.711  4072  4243 E enyj    : 	at enyh.a(:com.google.android.gms@231818047@23.18.18 (190800-535401451):21)
09-03 21:16:25.711  4072  4243 E enyj    : 	at enqe.a(:com.google.android.gms@231818047@23.18.18 (190800-535401451):0)
09-03 21:16:25.711  4072  4243 E enyj    : 	at abxw.H(:com.google.android.gms@231818047@23.18.18 (190800-535401451):22)
09-03 21:16:25.711  4072  4243 E enyj    : 	at abxw.f(:com.google.android.gms@231818047@23.18.18 (190800-535401451):2)
09-03 21:16:25.711  4072  4243 E enyj    : 	at cbgk.call(:com.google.android.gms@231818047@23.18.18 (190800-535401451):34)
09-03 21:16:25.711  4072  4243 E enyj    : 	at java.util.concurrent.FutureTask.run(FutureTask.java:264)
09-03 21:16:25.711  4072  4243 E enyj    : 	at aced.c(:com.google.android.gms@231818047@23.18.18 (190800-535401451):6)
09-03 21:16:25.711  4072  4243 E enyj    : 	at aced.run(:com.google.android.gms@231818047@23.18.18 (190800-535401451):7)
09-03 21:16:25.711  4072  4243 E enyj    : 	at java.util.concurrent.ThreadPoolExecutor.runWorker(ThreadPoolExecutor.java:1145)
09-03 21:16:25.711  4072  4243 E enyj    : 	at java.util.concurrent.ThreadPoolExecutor$Worker.run(ThreadPoolExecutor.java:644)
09-03 21:16:25.711  4072  4243 E enyj    : 	at acjn.run(:com.google.android.gms@231818047@23.18.18 (190800-535401451):0)
09-03 21:16:25.711  4072  4243 E enyj    : 	at java.lang.Thread.run(Thread.java:1012)
09-03 21:16:25.710   797   856 V WindowManagerShell: loadAnimation: anim=null animAttr=0x4 type=OPEN isEntrance=true
09-03 21:16:25.710   797   856 V WindowManagerShell: loadAnimation: anim=null animAttr=0x4 type=OPEN isEntrance=true
09-03 21:16:25.712   797   856 V WindowManagerShell: Transition animation finished (aborted=false), notifying core (#28)android.os.BinderProxy@e653aac@0
09-03 21:16:25.712   367  5906 I resolv  : GetAddrInfoHandler::run: {101 786533 101 983141 10128 0}
09-03 21:16:25.712   562   600 V WindowManager: Finish Transition #28: created at 09-03 21:16:25.638 collect-started=0.007ms request-sent=1.046ms started=2.208ms ready=12.645ms sent=70.171ms finished=73.331ms
09-03 21:16:25.713   367  5908 I resolv  : res_nmkquery: (QUERY, IN, A)
09-03 21:16:25.713   367  5907 I resolv  : res_nmkquery: (QUERY, IN, AAAA)
09-03 21:16:25.714   797   856 V WindowManagerShell: Track 0 became idle
09-03 21:16:25.714   797   856 V WindowManagerShell: All active transition animations finished
09-03 21:16:25.714   797   856 V WindowManagerShell:  animated by com.android.wm.shell.transition.DefaultTransitionHandler@ebf4f24
09-03 21:16:25.714   797   856 V WindowManagerShell: Track 0 became idle
09-03 21:16:25.714   797   856 V WindowManagerShell: All active transition animations finished
09-03 21:16:25.716   562  1888 I ImeTracker: com.google.android.gms:41e8f92c: onRequestHide at ORIGIN_SERVER_HIDE_INPUT reason HIDE_UNSPECIFIED_WINDOW
09-03 21:16:25.717   562  1888 I ImeTracker: com.google.android.gms:41e8f92c: onCancelled at PHASE_SERVER_SHOULD_HIDE
09-03 21:16:25.718  1387  1387 I GoogleInputMethodService: GoogleInputMethodService.onFinishInput():3227 
09-03 21:16:25.718  1387  1387 I GoogleInputMethodService: GoogleInputMethodService.updateDeviceLockedStatus():2087 repeatCheckTimes = 0, unlocked = true
09-03 21:16:25.718  1387  1387 I GoogleInputMethodService: GoogleInputMethodService.onStartInput():1877 onStartInput(EditorInfo{inputType=0x0(NULL) imeOptions=0x0 privateImeOptions=null actionName=UNSPECIFIED actionLabel=null actionId=0 initialSelStart=-1 initialSelEnd=-1 initialCapsMode=0x0 hintText=null label=null packageName=com.google.android.gms fieldId=0 fieldName=null extras=null}, false)
09-03 21:16:25.718  1387  1387 I GoogleInputMethodService: GoogleInputMethodService.shouldHideHeaderOnInitialState():4008 ShouldHideHeaderOnInitialState = false
09-03 21:16:25.718  1387  1387 I GoogleInputMethodService: GoogleInputMethodService.updateDeviceLockedStatus():2087 repeatCheckTimes = 2, unlocked = true
09-03 21:16:25.784   797   890 D EGL_emulation: app_time_stats: avg=665.74ms min=0.42ms max=26570.10ms count=40
09-03 21:16:26.067   367  5908 I resolv  : res_nsend: used send_dg 177 terrno: 0
09-03 21:16:26.067   367  5908 I resolv  : doQuery: rcode=0, ancount=8, return value=177
09-03 21:16:26.067   367  5907 I resolv  : res_nsend: used send_dg 273 terrno: 0
09-03 21:16:26.067   367  5907 I resolv  : doQuery: rcode=0, ancount=8, return value=273
09-03 21:16:26.068  4072  4716 D TrafficStats: tagSocket(106) with statsTag=0x20006501, statsUid=-1
09-03 21:16:26.383  5785  5817 D EGL_emulation: app_time_stats: avg=18.10ms min=1.23ms max=94.49ms count=55
09-03 21:16:26.569  4072  4716 W Conscrypt: Could not set socket write timeout: java.net.SocketException: Socket closed
09-03 21:16:26.569  4072  4716 W Conscrypt: 	at com.google.android.gms.org.conscrypt.Platform.setSocketWriteTimeout(:com.google.android.gms@231818047@23.18.18 (190800-535401451):2)
09-03 21:16:26.569  4072  4716 W Conscrypt: 	at com.google.android.gms.org.conscrypt.ConscryptFileDescriptorSocket.setSoWriteTimeout(:com.google.android.gms@231818047@23.18.18 (190800-535401451):0)
09-03 21:16:26.798   797   890 D EGL_emulation: app_time_stats: avg=16.64ms min=10.15ms max=32.50ms count=59
09-03 21:16:26.864   797   797 D StatusBarIconController: ignoring old pipeline callback because the new wifi icon is enabled
09-03 21:16:27.087  4072  4716 W Conscrypt: Could not set socket write timeout: java.net.SocketException: Socket closed
09-03 21:16:27.087  4072  4716 W Conscrypt: 	at com.google.android.gms.org.conscrypt.Platform.setSocketWriteTimeout(:com.google.android.gms@231818047@23.18.18 (190800-535401451):2)
09-03 21:16:27.087  4072  4716 W Conscrypt: 	at com.google.android.gms.org.conscrypt.ConscryptFileDescriptorSocket.setSoWriteTimeout(:com.google.android.gms@231818047@23.18.18 (190800-535401451):0)
09-03 21:16:27.278   562  1888 E Transition: Trying to add a ready-group twice: Display{#0 state=ON size=1080x2400 ROTATION_0}
09-03 21:16:27.278   562  1888 I ActivityTaskManager: START u0 {act=com.google.android.gms.common.account.CHOOSE_ACCOUNT_USERTILE pkg=com.google.android.gms cmp=com.google.android.gms/.common.account.AccountChipAccountPickerActivity (has extras)} with LAUNCH_MULTIPLE from uid 10128 (BAL_ALLOW_VISIBLE_WINDOW) result code=0
09-03 21:16:27.278   797   856 V WindowManagerShell: Transition requested: android.os.BinderProxy@d11a36c TransitionRequestInfo { type = OPEN, triggerTask = TaskInfo{userId=0 taskId=128 displayId=0 isRunning=true baseIntent=Intent { flg=0x10000000 cmp=com.habitring.app/.MainActivity } baseActivity=ComponentInfo{com.habitring.app/com.habitring.app.MainActivity} topActivity=ComponentInfo{com.google.android.gms/com.google.android.gms.common.account.AccountChipAccountPickerActivity} origActivity=null realActivity=ComponentInfo{com.habitring.app/com.habitring.app.MainActivity} numActivities=6 lastActiveTime=533852 supportsMultiWindow=true resizeMode=1 isResizeable=true minWidth=-1 minHeight=-1 defaultMinSize=220 token=WCT{android.window.IWindowContainerToken$Stub$Proxy@1d5ad35} topActivityType=1 pictureInPictureParams=null shouldDockBigOverlays=false launchIntoPipHostTaskId=-1 lastParentTaskIdBeforePip=-1 displayCutoutSafeInsets=Rect(0, 136 - 0, 0) topActivityInfo=ActivityInfo{ebf15ca com.google.android.gms.common.account.AccountChipAccountPickerActivity} launchCookies=[] positionInParent=Point(0, 0) parentTaskId=-1 isFocused=true isVisible=true isVisibleRequested=true isSleeping=false topActivityInSizeCompat=false topActivityEligibleForLetterboxEducation= false topActivityLetterboxed= false isFromDoubleTap= false topActivityLetterboxVerticalPosition= -1 topActivityLetterboxHorizontalPosition= -1 topActivityLetterboxWidth=-1 topActivityLetterboxHeight=-1 locusId=null displayAreaFeatureId=1 cameraCompatControlState=hidden}, remoteTransition = null, displayChange = null }
09-03 21:16:27.287   562  2902 I ActivityTaskManager: START u0 {flg=0x2000000 cmp=com.google.android.gms/.common.account.AccountPickerActivity (has extras)} with LAUNCH_MULTIPLE from uid 10128 (BAL_ALLOW_VISIBLE_WINDOW) result code=0
09-03 21:16:27.299  4072  4072 I ContentCaptureHelper: Setting logging level to DEBUG
09-03 21:16:27.299  4072  4072 D ContentCaptureManager: setFlushViewTreeAppearingEventDisabled(): setting to false
09-03 21:16:27.299  4072  4072 D ContentCaptureManager: updateWindowAttributes(): window flags=8388610
09-03 21:16:27.302  1671  1994 E BasePeopleOperation: Failed to load OwnerAvatar from MDI with cause: %s
09-03 21:16:27.302  1671  1994 E BasePeopleOperation: java.util.concurrent.ExecutionException: crlg
09-03 21:16:27.302  1671  1994 E BasePeopleOperation: 	at dlnv.s(:com.google.android.gms@231818047@23.18.18 (190800-535401451):3)
09-03 21:16:27.302  1671  1994 E BasePeopleOperation: 	at dlnv.get(:com.google.android.gms@231818047@23.18.18 (190800-535401451):7)
09-03 21:16:27.302  1671  1994 E BasePeopleOperation: 	at btxq.e(:com.google.android.gms@231818047@23.18.18 (190800-535401451):7)
09-03 21:16:27.302  1671  1994 E BasePeopleOperation: 	at btxm.b(:com.google.android.gms@231818047@23.18.18 (190800-535401451):1)
09-03 21:16:27.302  1671  1994 E BasePeopleOperation: 	at btxk.d(:com.google.android.gms@231818047@23.18.18 (190800-535401451):3)
09-03 21:16:27.302  1671  1994 E BasePeopleOperation: 	at busi.f(:com.google.android.gms@231818047@23.18.18 (190800-535401451):1)
09-03 21:16:27.302  1671  1994 E BasePeopleOperation: 	at avsy.eo(:com.google.android.gms@231818047@23.18.18 (190800-535401451):1)
09-03 21:16:27.302  1671  1994 E BasePeopleOperation: 	at avtf.run(:com.google.android.gms@231818047@23.18.18 (190800-535401451):14)
09-03 21:16:27.302  1671  1994 E BasePeopleOperation: 	at dfhf.run(:com.google.android.gms@231818047@23.18.18 (190800-535401451):2)
09-03 21:16:27.302  1671  1994 E BasePeopleOperation: 	at aced.c(:com.google.android.gms@231818047@23.18.18 (190800-535401451):6)
09-03 21:16:27.302  1671  1994 E BasePeopleOperation: 	at aced.run(:com.google.android.gms@231818047@23.18.18 (190800-535401451):7)
09-03 21:16:27.302  1671  1994 E BasePeopleOperation: 	at java.util.concurrent.ThreadPoolExecutor.runWorker(ThreadPoolExecutor.java:1145)
09-03 21:16:27.302  1671  1994 E BasePeopleOperation: 	at java.util.concurrent.ThreadPoolExecutor$Worker.run(ThreadPoolExecutor.java:644)
09-03 21:16:27.302  1671  1994 E BasePeopleOperation: 	at acjn.run(:com.google.android.gms@231818047@23.18.18 (190800-535401451):0)
09-03 21:16:27.302  1671  1994 E BasePeopleOperation: 	at java.lang.Thread.run(Thread.java:1012)
09-03 21:16:27.302  1671  1994 E BasePeopleOperation: Caused by: crlg
09-03 21:16:27.302  1671  1994 E BasePeopleOperation: 	at crlr.a(:com.google.android.gms@231818047@23.18.18 (190800-535401451):2)
09-03 21:16:27.302  1671  1994 E BasePeopleOperation: 	at dfhi.a(:com.google.android.gms@231818047@23.18.18 (190800-535401451):2)
09-03 21:16:27.302  1671  1994 E BasePeopleOperation: 	at dlnx.d(:com.google.android.gms@231818047@23.18.18 (190800-535401451):2)
09-03 21:16:27.302  1671  1994 E BasePeopleOperation: 	at dlnz.run(:com.google.android.gms@231818047@23.18.18 (190800-535401451):9)
09-03 21:16:27.302  1671  1994 E BasePeopleOperation: 	at dlpk.execute(:com.google.android.gms@231818047@23.18.18 (190800-535401451):0)
09-03 21:16:27.302  1671  1994 E BasePeopleOperation: 	at dlnv.h(:com.google.android.gms@231818047@23.18.18 (190800-535401451):1)
09-03 21:16:27.302  1671  1994 E BasePeopleOperation: 	at dlnv.l(:com.google.android.gms@231818047@23.18.18 (190800-535401451):10)
09-03 21:16:27.302  1671  1994 E BasePeopleOperation: 	at dlnv.o(:com.google.android.gms@231818047@23.18.18 (190800-535401451):0)
09-03 21:16:27.302  1671  1994 E BasePeopleOperation: 	at dlnf.run(:com.google.android.gms@231818047@23.18.18 (190800-535401451):8)
09-03 21:16:27.302  1671  1994 E BasePeopleOperation: 	at dlpk.execute(:com.google.android.gms@231818047@23.18.18 (190800-535401451):0)
09-03 21:16:27.302  1671  1994 E BasePeopleOperation: 	at dlnv.h(:com.google.android.gms@231818047@23.18.18 (190800-535401451):1)
09-03 21:16:27.302  1671  1994 E BasePeopleOperation: 	at dlnv.l(:com.google.android.gms@231818047@23.18.18 (190800-535401451):10)
09-03 21:16:27.302  1671  1994 E BasePeopleOperation: 	at dlnv.o(:com.google.android.gms@231818047@23.18.18 (190800-535401451):0)
09-03 21:16:27.302  1671  1994 E BasePeopleOperation: 	at dlny.e(:com.google.android.gms@231818047@23.18.18 (190800-535401451):0)
09-03 21:16:27.302  1671  1994 E BasePeopleOperation: 	at dlnz.run(:com.google.android.gms@231818047@23.18.18 (190800-535401451):13)
09-03 21:16:27.302  1671  1994 E BasePeopleOperation: 	at dlpk.execute(:com.google.android.gms@231818047@23.18.18 (190800-535401451):0)
09-03 21:16:27.302  1671  1994 E BasePeopleOperation: 	at dlnv.h(:com.google.android.gms@231818047@23.18.18 (190800-535401451):1)
09-03 21:16:27.302  1671  1994 E BasePeopleOperation: 	at dlnv.l(:com.google.android.gms@231818047@23.18.18 (190800-535401451):10)
09-03 21:16:27.302  1671  1994 E BasePeopleOperation: 	at dlnv.r(:com.google.android.gms@231818047@23.18.18 (190800-535401451):2)
09-03 21:16:27.302  1671  1994 E BasePeopleOperation: 	at dlrr.e(:com.google.android.gms@231818047@23.18.18 (190800-535401451):2)
09-03 21:16:27.302  1671  1994 E BasePeopleOperation: 	at dlqs.run(:com.google.android.gms@231818047@23.18.18 (190800-535401451):6)
09-03 21:16:27.302  1671  1994 E BasePeopleOperation: 	at dlrt.run(:com.google.android.gms@231818047@23.18.18 (190800-535401451):0)
09-03 21:16:27.302  1671  1994 E BasePeopleOperation: 	... 6 more
09-03 21:16:27.305  4072  4072 W DividerItem: @android:attr/listDivider was not set in the theme used for this DividerItemDecoration. Please set that attribute all call setDrawable()
09-03 21:16:27.311  4072  4072 D MainContentCaptureSession: handleScheduleFlush(act:com.google.android.gms/.common.account.AccountPickerActivity [state=1 (WAITING_FOR_SERVER), disabled=false], reason=FORCE_FLUSH): not a timeout reason because mDirectServiceInterface is not ready yet
09-03 21:16:27.313   562  2902 D CoreBackPreview: Window{4e7a21 u0 com.google.android.gms/com.google.android.gms.common.account.AccountPickerActivity}: Setting back callback OnBackInvokedCallbackInfo{mCallback=android.window.IOnBackInvokedCallback$Stub$Proxy@4660807, mPriority=0, mIsAnimationCallback=false}
09-03 21:16:27.315   411   411 I BpBinder: onLastStrongRef automatically unlinking death recipients: 
09-03 21:16:27.322  4072  4686 E OpenGLRenderer: Unable to match the desired swap behavior.
09-03 21:16:27.338  4072  4072 W TextView: onProvideContentCaptureStructure(): calling assumeLayout()
09-03 21:16:27.339   562   600 I ActivityTaskManager: Displayed com.google.android.gms/.common.account.AccountPickerActivity for user 0: +67ms
09-03 21:16:27.339   562   600 V WindowManager: Sent Transition #29 createdAt=09-03 21:16:27.271 via request=TransitionRequestInfo { type = OPEN, triggerTask = TaskInfo{userId=0 taskId=128 displayId=0 isRunning=true baseIntent=Intent { flg=0x10000000 cmp=com.habitring.app/.MainActivity } baseActivity=ComponentInfo{com.habitring.app/com.habitring.app.MainActivity} topActivity=ComponentInfo{com.google.android.gms/com.google.android.gms.common.account.AccountChipAccountPickerActivity} origActivity=null realActivity=ComponentInfo{com.habitring.app/com.habitring.app.MainActivity} numActivities=6 lastActiveTime=533852 supportsMultiWindow=true resizeMode=1 isResizeable=true minWidth=-1 minHeight=-1 defaultMinSize=220 token=WCT{RemoteToken{d21a740 Task{bc32736 #128 type=standard A=10194:com.habitring.app}}} topActivityType=1 pictureInPictureParams=null shouldDockBigOverlays=false launchIntoPipHostTaskId=-1 lastParentTaskIdBeforePip=-1 displayCutoutSafeInsets=Rect(0, 136 - 0, 0) topActivityInfo=ActivityInfo{fb8d01e com.google.android.gms.common.account.AccountChipAccountPickerActivity} launchCookies=[] positionInParent=Point(0, 0) parentTaskId=-1 isFocused=true isVisible=true isVisibleRequested=true isSleeping=false topActivityInSizeCompat=false topActivityEligibleForLetterboxEducation= false topActivityLetterboxed= false isFromDoubleTap= false topActivityLetterboxVerticalPosition= -1 topActivityLetterboxHorizontalPosition= -1 topActivityLetterboxWidth=-1 topActivityLetterboxHeight=-1 locusId=null displayAreaFeatureId=1 cameraCompatControlState=hidden}, remoteTransition = null, displayChange = null }
09-03 21:16:27.339   562   600 V WindowManager:     startWCT=WindowContainerTransaction { changes = {} hops = [] errorCallbackToken=null taskFragmentOrganizer=null }
09-03 21:16:27.339   562   600 V WindowManager:     info={id=29 t=OPEN f=0x0 trk=0 r=[0@Point(0, 0)] c=[{null m=OPEN f=TRANSLUCENT|FILLS_TASK leash=Surface(name=ActivityRecord{8cbaf6e u0 com.google.android.gms/.common.account.AccountPickerActivity)/@0x5a378a0 sb=Rect(0, 0 - 0, 0) eb=Rect(0, 0 - 1080, 2400) d=-1->0 r=-1->0:-1}]}
09-03 21:16:27.340   797   856 V WindowManagerShell: onTransitionReady android.os.BinderProxy@d11a36c: {id=29 t=OPEN f=0x0 trk=0 r=[0@Point(0, 0)] c=[{null m=OPEN f=TRANSLUCENT|FILLS_TASK leash=Surface(name=ActivityRecord{8cbaf6e u0 com.google.android.gms/.common.account.AccountPickerActivity)/@0x22a2213 sb=Rect(0, 0 - 0, 0) eb=Rect(0, 0 - 1080, 2400) d=-1->0 r=-1->0:-1}]}
09-03 21:16:27.340   797   856 V WindowManagerShell: Playing animation for (#29)android.os.BinderProxy@d11a36c@0
09-03 21:16:27.340   797   856 V WindowManagerShell:  try handler com.android.wm.shell.transition.DefaultMixedHandler@3c43119
09-03 21:16:27.340   797   856 V WindowManagerShell:  try handler com.android.wm.shell.keyguard.KeyguardTransitionHandler@3d4b5de
09-03 21:16:27.340   797   856 V WindowManagerShell:  try handler com.android.wm.shell.activityembedding.ActivityEmbeddingController@8af43bf
09-03 21:16:27.340   797   856 V WindowManagerShell:  try handler com.android.wm.shell.recents.RecentsTransitionHandler@dfe3a8c
09-03 21:16:27.340   797   856 V ShellRecents: RecentsTransitionHandler.startAnimation: no controller found
09-03 21:16:27.340   797   856 V WindowManagerShell:  try handler com.android.wm.shell.pip.PipTransition@f5dc5d5
09-03 21:16:27.340   797   856 V WindowManagerShell:  try handler com.android.wm.shell.splitscreen.StageCoordinator@4f251ea
09-03 21:16:27.340   797   856 V WindowManagerShell:  try handler com.android.wm.shell.transition.RemoteTransitionHandler@51e5cdb
09-03 21:16:27.340   797   856 V WindowManagerShell: Transition doesn't have explicit remote, search filters for match for {id=29 t=OPEN f=0x0 trk=0 r=[0@Point(0, 0)] c=[{null m=OPEN f=TRANSLUCENT|FILLS_TASK leash=Surface(name=ActivityRecord{8cbaf6e u0 com.google.android.gms/.common.account.AccountPickerActivity)/@0x22a2213 sb=Rect(0, 0 - 0, 0) eb=Rect(0, 0 - 1080, 2400) d=-1->0 r=-1->0:-1}]}
09-03 21:16:27.340   797   856 V WindowManagerShell:  Checking filter Pair{{types=[] flags=0x0] notFlags=0x0 checks=[{atype=dream independent=true modes=[OPEN,TO_FRONT] flags=NONE mustBeTask=false order=ANY topActivity=null},{atype=home independent=true modes=[CLOSE,TO_BACK] flags=NONE mustBeTask=false order=ANY topActivity=null}]} RemoteTransition { remoteTransition = android.window.IRemoteTransition$Stub$Proxy@be57b62, appThread = android.app.IApplicationThread$Stub$Proxy@c1994f3, debugName = LauncherToDream }}
09-03 21:16:27.340   797   856 V WindowManagerShell:  Checking filter Pair{{types=[] flags=0x0] notFlags=0x100 checks=[{atype=home independent=true modes=[OPEN,TO_FRONT] flags=NONE mustBeTask=false order=TOP topActivity=ComponentInfo{com.google.android.apps.nexuslauncher/com.google.android.apps.nexuslauncher.NexusLauncherActivity}},{atype=standard independent=true modes=[CLOSE,TO_BACK] flags=NONE mustBeTask=false order=ANY topActivity=null}]} RemoteTransition { remoteTransition = android.window.IRemoteTransition$Stub$Proxy@938a5b0, appThread = android.app.IApplicationThread$Stub$Proxy@5ba5c29, debugName = QuickstepLaunchHome }}
09-03 21:16:27.340   797   856 V WindowManagerShell:  Delegate animation for #29 to null
09-03 21:16:27.340   797   856 V WindowManagerShell:  try handler com.android.wm.shell.transition.DefaultTransitionHandler@ebf4f24
09-03 21:16:27.340   797   856 V WindowManagerShell: start default transition animation, info = {id=29 t=OPEN f=0x0 trk=0 r=[0@Point(0, 0)] c=[{null m=OPEN f=TRANSLUCENT|FILLS_TASK leash=Surface(name=ActivityRecord{8cbaf6e u0 com.google.android.gms/.common.account.AccountPickerActivity)/@0x22a2213 sb=Rect(0, 0 - 0, 0) eb=Rect(0, 0 - 1080, 2400) d=-1->0 r=-1->0:-1}]}
09-03 21:16:27.340   797   856 V WindowManagerShell: loadAnimation: anim=null animAttr=0x4 type=OPEN isEntrance=true
09-03 21:16:27.340   797   856 V WindowManagerShell: Transition animation finished (aborted=false), notifying core (#29)android.os.BinderProxy@d11a36c@0
09-03 21:16:27.340   562   600 V WindowManager: Finish Transition #29: created at 09-03 21:16:27.271 collect-started=0.038ms request-sent=6.751ms started=7.962ms ready=18.351ms sent=67.406ms finished=69.48ms
09-03 21:16:27.341   797   856 V WindowManagerShell: Track 0 became idle
09-03 21:16:27.341   797   856 V WindowManagerShell: All active transition animations finished
09-03 21:16:27.341   797   856 V WindowManagerShell:  animated by com.android.wm.shell.transition.DefaultTransitionHandler@ebf4f24
09-03 21:16:27.341   797   856 V WindowManagerShell: Track 0 became idle
09-03 21:16:27.341   797   856 V WindowManagerShell: All active transition animations finished
09-03 21:16:27.355  4072  4686 E OpenGLRenderer: Unable to match the desired swap behavior.
09-03 21:16:27.357  4072  4072 I ContentCaptureHelper: Setting logging level to DEBUG
09-03 21:16:27.357  4072  4072 D ContentCaptureManager: setFlushViewTreeAppearingEventDisabled(): setting to false
09-03 21:16:27.357  4072  4072 D MainContentCaptureSession: Destroying session (ctx=com.google.android.gms.common.account.AccountChipAccountPickerActivity@cce4216, id=669447534) with 0 event(s) for pkg:com.google.android.gms [state=0 (UNKNOWN), disabled=false]
09-03 21:16:27.358   562  2902 D ContentCapturePerUserService: finishSession(): no session with id669447534
09-03 21:16:27.370   562  2902 I ImeTracker: com.google.android.gms:7a5fb04: onRequestHide at ORIGIN_SERVER_HIDE_INPUT reason HIDE_UNSPECIFIED_WINDOW
09-03 21:16:27.370   562  2902 I ImeTracker: com.google.android.gms:7a5fb04: onCancelled at PHASE_SERVER_SHOULD_HIDE
09-03 21:16:27.371  1387  1387 I GoogleInputMethodService: GoogleInputMethodService.onFinishInput():3227 
09-03 21:16:27.371  1387  1387 I GoogleInputMethodService: GoogleInputMethodService.updateDeviceLockedStatus():2087 repeatCheckTimes = 0, unlocked = true
09-03 21:16:27.371  1387  1387 I GoogleInputMethodService: GoogleInputMethodService.onStartInput():1877 onStartInput(EditorInfo{inputType=0x0(NULL) imeOptions=0x0 privateImeOptions=null actionName=UNSPECIFIED actionLabel=null actionId=0 initialSelStart=-1 initialSelEnd=-1 initialCapsMode=0x0 hintText=null label=null packageName=com.google.android.gms fieldId=0 fieldName=null extras=null}, false)
09-03 21:16:27.371  1387  1387 I GoogleInputMethodService: GoogleInputMethodService.shouldHideHeaderOnInitialState():4008 ShouldHideHeaderOnInitialState = false
09-03 21:16:27.371  1387  1387 I GoogleInputMethodService: GoogleInputMethodService.updateDeviceLockedStatus():2087 repeatCheckTimes = 2, unlocked = true
09-03 21:16:27.384  5785  5817 D EGL_emulation: app_time_stats: avg=16.64ms min=12.74ms max=20.27ms count=60
09-03 21:16:27.414   797   797 D StatusBarIconController: ignoring old pipeline callbacks, because the new mobile icons are enabled
09-03 21:16:27.415   797   890 D EGL_emulation: app_time_stats: avg=193.41ms min=10.93ms max=1616.32ms count=9
09-03 21:16:27.622   562   669 D ActivityManager: freezing 4900 com.android.keychain
09-03 21:16:27.623   562   669 D ActivityManager: freezing 1444 com.google.process.gservices
09-03 21:16:27.623   562   669 D ActivityManager: freezing 965 com.android.settings
09-03 21:16:27.623   562   669 D ActivityManager: freezing 3799 com.google.android.settings.intelligence
09-03 21:16:27.624   562   669 D ActivityManager: freezing 3121 com.android.dynsystem:dynsystem
09-03 21:16:27.624   562   669 D ActivityManager: freezing 3087 com.android.dynsystem
09-03 21:16:27.625   562   669 D ActivityManager: freezing 2558 com.android.localtransport
09-03 21:16:28.384  5785  5817 D EGL_emulation: app_time_stats: avg=16.63ms min=15.36ms max=18.09ms count=60
09-03 21:16:28.415  5914  5914 W BpBinder: Linking to death on android.gui.ISurfaceComposer but there are no threads (yet?) listening to incoming transactions. See ProcessState::startThreadPool and ProcessState::setThreadPoolMaxThreadCount. Generally you should setup the binder threadpool before other initialization steps.
09-03 21:16:28.415  5914  5914 W ProcessState: Extra binder thread started, but 0 threads requested. Do not use *startThreadPool when zero threads are requested.
09-03 21:16:28.420   373  3690 D android.hardware.audio@7.1-impl.ranchu: threadLoop: entering standby, frames: 1270784
09-03 21:16:28.438   170   170 I hwservicemanager: getTransport: Cannot find entry android.hardware.graphics.mapper@4.0::IMapper/default in either framework or device VINTF manifest.
09-03 21:16:28.438  5914  5915 I Gralloc4: mapper 4.x is not supported
--------- beginning of kernel
09-03 16:43:27.004     0     0 I servicemanager: Could not find android.hardware.graphics.allocator.IAllocator/default in the VINTF manifest.
09-03 21:16:28.591  5916  5916 D AndroidRuntime: >>>>>> START com.android.internal.os.RuntimeInit uid 2000 <<<<<<
09-03 21:16:28.594  5916  5916 I AndroidRuntime: Using default boot image
09-03 21:16:28.594  5916  5916 I AndroidRuntime: Leaving lock profiling enabled
09-03 21:16:28.595  5916  5916 I app_process: Core platform API reporting enabled, enforcing=false
09-03 21:16:28.595  5916  5916 I app_process: Using CollectorTypeCC GC.
09-03 21:16:28.634  5916  5916 D nativeloader: InitDefaultPublicLibraries for_preload=1: libandroid.so:libaaudio.so:libamidi.so:libbinder_ndk.so:libc.so:libcamera2ndk.so:libdl.so:libEGL.so:libGLESv1_CM.so:libGLESv2.so:libGLESv3.so:libicu.so:libicui18n.so:libicuuc.so:libjnigraphics.so:liblog.so:libmediandk.so:libm.so:libnativehelper.so:libnativewindow.so:libOpenMAXAL.so:libOpenSLES.so:libRS.so:libstdc++.so:libsync.so:libvulkan.so:libwebviewchromium_plat_support.so:libz.so
09-03 21:16:28.640  5916  5916 D app_process: Time zone APEX ICU file found: /apex/com.android.tzdata/etc/icu/icu_tzdata.dat
09-03 21:16:28.640  5916  5916 D app_process: I18n APEX ICU file found: /apex/com.android.i18n/etc/icu/icudt72l.dat
09-03 21:16:28.642  5916  5916 W app_process: Unexpected CPU variant for x86: x86_64.
09-03 21:16:28.642  5916  5916 W app_process: Known variants: atom, sandybridge, silvermont, goldmont, goldmont-plus, tremont, kabylake, default
09-03 21:16:28.643  5916  5916 W app_process: ClassLoaderContext shared library size mismatch. Expected=2, found=0 (PCL[]{PCL[/system/framework/android.test.base.jar*836642756]#PCL[/system/framework/android.test.mock.jar*3186112116]} | PCL[])
09-03 21:16:28.644  5916  5916 W app_process: ClassLoaderContext classpath size mismatch. expected=0, found=1 (PCL[]{PCL[/system/framework/android.test.runner.jar*4168958247]{PCL[/system/framework/android.test.base.jar*836642756]#PCL[/system/framework/android.test.mock.jar*3186112116]}#PCL[/system/framework/android.test.base.jar*836642756]} | PCL[/system/framework/android.test.runner.jar*4168958247])
09-03 21:16:28.652  5916  5916 W libc    : Access denied finding property "ro.product.name_for_attestation"
09-03 21:16:28.652  5916  5916 W libc    : Access denied finding property "ro.product.brand_for_attestation"
09-03 21:16:28.652  5916  5916 W libc    : Access denied finding property "ro.product.model_for_attestation"
09-03 21:16:28.653  5916  5916 D AndroidRuntime: Calling main entry com.android.commands.uiautomator.Launcher
09-03 21:16:28.646  5916  5916 W main    : type=1400 audit(0.0:77): avc:  denied  { read } for  name="u:object_r:build_attestation_prop:s0" dev="tmpfs" ino=86 scontext=u:r:shell:s0 tcontext=u:object_r:build_attestation_prop:s0 tclass=file permissive=0
09-03 21:16:28.654  5916  5916 D UiAutomationConnection: Created on user UserHandle{0}
09-03 21:16:28.654  5916  5916 I UiAutomation: Initialized for user 0 on display 0
09-03 21:16:28.654  5916  5916 W UiAutomation: Created with deprecatead constructor, assumes DEFAULT_DISPLAY
09-03 21:16:28.646  5916  5916 W main    : type=1400 audit(0.0:78): avc:  denied  { read } for  name="u:object_r:build_attestation_prop:s0" dev="tmpfs" ino=86 scontext=u:r:shell:s0 tcontext=u:object_r:build_attestation_prop:s0 tclass=file permissive=0
09-03 21:16:28.655   562  2902 D AccessibilityManagerService: changeCurrentUserForTestAutomationIfNeededLocked(0): ignoring because device doesn't support visible background users
09-03 21:16:28.655   562  2902 I UiAutomationManager: Registering UiTestAutomationService (id=com.android.server.accessibility/UiAutomation) when called by user 0
09-03 21:16:28.656   562  2902 W WindowMagnificationMgr: requestConnection duplicated request: connect=false, mConnectionState=DISCONNECTED
09-03 21:16:28.646  5916  5916 W main    : type=1400 audit(0.0:79): avc:  denied  { read } for  name="u:object_r:build_attestation_prop:s0" dev="tmpfs" ino=86 scontext=u:r:shell:s0 tcontext=u:object_r:build_attestation_prop:s0 tclass=file permissive=0
09-03 21:16:28.656  1467  2351 I AiAiEcho: Settings changed for uri: content://settings/secure/accessibility_enabled
09-03 21:16:28.657  1467  1891 I AiAiEcho: Predicting[0]: 
09-03 21:16:28.657  1467  1891 I AiAiEcho: EchoTargets: 
09-03 21:16:28.657  1467  1891 I AiAiEcho: Filtered by AiAi flag check: 
09-03 21:16:28.657  1467  1891 I AiAiEcho: Ranked targets strategy: SORT, count: 0, ranking metadata: 
09-03 21:16:28.657  1467  1891 I AiAiEcho: Predicting[0]: 
09-03 21:16:28.657  1467  1891 I AiAiEcho: EchoTargets: 
09-03 21:16:28.657  1467  1891 I AiAiEcho: Filtered by AiAi flag check: 
09-03 21:16:28.657  1467  1891 I AiAiEcho: Ranked targets strategy: SORT, count: 0, ranking metadata: 
09-03 21:16:28.657  1467  1891 I AiAiEcho: Predicting[0]: 
09-03 21:16:28.658  5916  5932 V UiAutomation: Init UiAutomation@6bd9ab3[id=12, displayId=0, flags=0]
09-03 21:16:28.658  1467  1891 I AiAiEcho: EchoTargets: 
09-03 21:16:28.658  1467  1891 I AiAiEcho: Filtered by AiAi flag check: 
09-03 21:16:28.658  1467  1891 I AiAiEcho: Ranked targets strategy: SORT, count: 0, ranking metadata: 
09-03 21:16:28.658  1572  1908 I A       : NGA disabled since it's running Panthera and at least one a11y feature is on.
09-03 21:16:28.658   562   562 D BatterySaverPolicy: accessibility changed to true, updating policy.
09-03 21:16:28.658  1572  1908 I A       : Nga state changed to NgaStateDetails{state=DISABLED, isSpecialExperience=false}
09-03 21:16:28.658  1467  1891 I AiAiEcho: #postPredictionTargets: Sending updates to UISurface home with targets# 0 (types=[])
09-03 21:16:28.659  1572  5657 I Search.LoginHelperImpl: Successfully received auth token for scope: oauth2:https://www.googleapis.com/auth/googlenow in time 0 ms
09-03 21:16:28.659  1467  1891 I AiAiEcho: #postPredictionTargets: Sending updates to UISurface media_data_manager with targets# 0 (types=[])
09-03 21:16:28.659  1467  1891 I AiAiEcho: #postPredictionTargets: Sending updates to UISurface lockscreen with targets# 0 (types=[])
09-03 21:16:28.660  1486  1512 I A       : APA or Classic session decision: SessionDecision(sessionVariance=CLASSIC, platformVariance=CLASSIC, justification=CURRENT_PLATFORM_VARIANCE).
09-03 21:16:28.660  1486  1512 I A       : [Memory] eligibility: StashEligibility{4}
09-03 21:16:28.660  1486  2092 I A       : Unsubscribed to apa or classic variant change.
09-03 21:16:28.663   562  1888 W WindowMagnificationMgr: requestConnection duplicated request: connect=false, mConnectionState=DISCONNECTED
09-03 21:16:28.664  1467  2351 I AiAiEcho: Settings changed for uri: content://settings/secure/accessibility_enabled
09-03 21:16:28.665  1467  1891 I AiAiEcho: Predicting[0]: 
09-03 21:16:28.665  1467  1891 I AiAiEcho: EchoTargets: 
09-03 21:16:28.665  1467  1891 I AiAiEcho: Filtered by AiAi flag check: 
09-03 21:16:28.665  1467  1891 I AiAiEcho: Ranked targets strategy: SORT, count: 0, ranking metadata: 
09-03 21:16:28.665  1467  1891 I AiAiEcho: Predicting[0]: 
09-03 21:16:28.665  1467  1891 I AiAiEcho: EchoTargets: 
09-03 21:16:28.665  1467  1891 I AiAiEcho: Filtered by AiAi flag check: 
09-03 21:16:28.665  1467  1891 I AiAiEcho: Ranked targets strategy: SORT, count: 0, ranking metadata: 
09-03 21:16:28.665  1467  1891 I AiAiEcho: Predicting[0]: 
09-03 21:16:28.665  1467  1891 I AiAiEcho: EchoTargets: 
09-03 21:16:28.665  1467  1891 I AiAiEcho: Filtered by AiAi flag check: 
09-03 21:16:28.665  1467  1891 I AiAiEcho: Ranked targets strategy: SORT, count: 0, ranking metadata: 
09-03 21:16:28.665  1467  1891 I AiAiEcho: #postPredictionTargets: Sending updates to UISurface home with targets# 0 (types=[])
09-03 21:16:28.665  1467  1891 I AiAiEcho: #postPredictionTargets: Sending updates to UISurface media_data_manager with targets# 0 (types=[])
09-03 21:16:28.665  1467  1891 I AiAiEcho: #postPredictionTargets: Sending updates to UISurface lockscreen with targets# 0 (types=[])
09-03 21:16:28.668   797   797 D SsMediaDataProvider: Forwarding Smartspace updates []
09-03 21:16:28.668   797   797 W PageIndicator: Total number of pages invalid: 0. Assuming 1 page.
09-03 21:16:28.669   797   797 D SsMediaDataProvider: Forwarding Smartspace updates []
09-03 21:16:28.669   797   797 W PageIndicator: Total number of pages invalid: 0. Assuming 1 page.
09-03 21:16:28.690  1387  1399 I putmethod.latin: JIT allocated 84KB for compiled code of boolean dsd.a(ikb, java.lang.Object[])
09-03 21:16:28.690  1387  1399 I putmethod.latin: Compiler allocated 4231KB to compile boolean dsd.a(ikb, java.lang.Object[])
09-03 21:16:29.151   562  1528 E TaskPersister: File error accessing recents directory (directory doesn't exist?).
09-03 21:16:29.384  5785  5817 D EGL_emulation: app_time_stats: avg=16.38ms min=1.39ms max=29.96ms count=59
09-03 21:16:29.665  1438  1951 W MediaProvider: isAppCloneUserPair for user 0: false
09-03 21:16:29.667  5916  5916 W AccessibilityNodeInfoDumper: Fetch time: 4ms
09-03 21:16:29.668   562   597 W WindowMagnificationMgr: requestConnection duplicated request: connect=false, mConnectionState=DISCONNECTED
09-03 21:16:29.668   562   597 D AccessibilityManagerService: restoreCurrentUserForTestAutomationIfNeededLocked(): ignoring because device doesn't support visible background users
09-03 21:16:29.668  1467  2351 I AiAiEcho: Settings changed for uri: content://settings/secure/accessibility_enabled
09-03 21:16:29.669  1467  1891 I AiAiEcho: Predicting[0]: 
09-03 21:16:29.669  1467  1891 I AiAiEcho: EchoTargets: 
09-03 21:16:29.669  1467  1891 I AiAiEcho: Filtered by AiAi flag check: 
09-03 21:16:29.669  5916  5916 D AndroidRuntime: Shutting down VM
09-03 21:16:29.669  1467  1891 I AiAiEcho: Ranked targets strategy: SORT, count: 0, ranking metadata: 
09-03 21:16:29.670  1467  1891 I AiAiEcho: Predicting[0]: 
09-03 21:16:29.670  1467  1891 I AiAiEcho: EchoTargets: 
09-03 21:16:29.670  1467  1891 I AiAiEcho: Filtered by AiAi flag check: 
09-03 21:16:29.670  1467  1891 I AiAiEcho: Ranked targets strategy: SORT, count: 0, ranking metadata: 
09-03 21:16:29.670  1572  1899 I A       : NGA enabled in interactor.
09-03 21:16:29.670  1572  1899 I A       : Nga state changed to NgaStateDetails{state=ENABLED, isSpecialExperience=false}
09-03 21:16:29.670  1467  1891 I AiAiEcho: Predicting[0]: 
09-03 21:16:29.670  1467  1891 I AiAiEcho: EchoTargets: 
09-03 21:16:29.670  1467  1891 I AiAiEcho: Filtered by AiAi flag check: 
09-03 21:16:29.670  1467  1891 I AiAiEcho: Ranked targets strategy: SORT, count: 0, ranking metadata: 
09-03 21:16:29.671  1467  1891 I AiAiEcho: #postPredictionTargets: Sending updates to UISurface home with targets# 0 (types=[])
09-03 21:16:29.670  1572  5657 I Search.LoginHelperImpl: Successfully received auth token for scope: oauth2:https://www.googleapis.com/auth/googlenow in time 0 ms
09-03 21:16:29.671  1467  1891 I AiAiEcho: #postPredictionTargets: Sending updates to UISurface media_data_manager with targets# 0 (types=[])
09-03 21:16:29.671  1467  1891 I AiAiEcho: #postPredictionTargets: Sending updates to UISurface lockscreen with targets# 0 (types=[])
09-03 21:16:29.672  1486  1512 I A       : Initializing all components
09-03 21:16:29.673  1486  2092 I A       : onIsEnabledChanged, isEnabled: false
09-03 21:16:29.673  1486  2092 W A       : Disposing empty manager. Did you forgot to subscribe observables?
09-03 21:16:29.673  1486  1512 I A       : APA or Classic session decision: SessionDecision(sessionVariance=CLASSIC, platformVariance=CLASSIC, justification=CURRENT_PLATFORM_VARIANCE).
09-03 21:16:29.673  1486  1512 I A       : [Memory] eligibility: StashEligibility{3}
09-03 21:16:29.673   562   562 D BatterySaverPolicy: accessibility changed to false, updating policy.
09-03 21:16:29.674  1486  2093 I A       : on opa visibility changed false
09-03 21:16:29.674  1486  2093 I A       : State changed: IDLE => IDLE by NGA_STATE_CHANGED and N/A with Optional.empty
09-03 21:16:29.674  1486  2093 I A       : Recognizer choice: (recognizer_type: 1, recognizer_mode: 1, choice_reason: 4)
09-03 21:16:29.674  1572  5584 I A       : Using proto config with mendel
09-03 21:16:29.675  1572  5584 I A       : Using proto config with mendel
09-03 21:16:29.675  1486  2092 W A       : Disposing empty manager. Did you forgot to subscribe observables?
09-03 21:16:29.675  1572  5584 I A       : Using proto config with mendel
09-03 21:16:29.675  1572  5584 I A       : Merging legacy hotword config map with new proto.
09-03 21:16:29.675  1572  5584 I A       : Adding from config to map. Locale: cmn-Hant-TW modelPrefix: x_google Location:4e7cae00daee30ec565c34e3aa67a51f isSpeakerIdSupported: true
09-03 21:16:29.675  1486  2092 W A       : Disposing empty manager. Did you forgot to subscribe observables?
09-03 21:16:29.675  1572  5584 I A       : Adding from config to map. Locale: id-ID modelPrefix: x_google Location:cfffcc1a4c1c084c003c8eb27f73d770 isSpeakerIdSupported: true
09-03 21:16:29.675  1572  5584 I A       : Adding from config to map. Locale: ko-KR modelPrefix: x_google Location:0b132163a2eb2c1194b202067475724b isSpeakerIdSupported: true
09-03 21:16:29.675  1486  2092 W A       : Disposing empty manager. Did you forgot to subscribe observables?
09-03 21:16:29.675  1572  5584 I A       : Skipping. Expected model: 2 Found: 1
09-03 21:16:29.675  1486  2092 W A       : Disposing empty manager. Did you forgot to subscribe observables?
09-03 21:16:29.675  1572  5584 I A       : Adding from config to map. Locale: zh-TW modelPrefix: x_google Location:4e7cae00daee30ec565c34e3aa67a51f isSpeakerIdSupported: true
09-03 21:16:29.675  1486  2092 W A       : Disposing empty manager. Did you forgot to subscribe observables?
09-03 21:16:29.675  1486  2092 W A       : Disposing empty manager. Did you forgot to subscribe observables?
09-03 21:16:29.675  1486  2092 W A       : Disposing empty manager. Did you forgot to subscribe observables?
09-03 21:16:29.675  1486  2092 W A       : Disposing empty manager. Did you forgot to subscribe observables?
09-03 21:16:29.675  1486  2092 W A       : Disposing empty manager. Did you forgot to subscribe observables?
09-03 21:16:29.675  1486  2092 I A       : onOpaVisibilityChanged: false
09-03 21:16:29.675  1486  2092 W A       : Disposing empty manager. Did you forgot to subscribe observables?
09-03 21:16:29.675  1486  2092 W A       : Disposing empty manager. Did you forgot to subscribe observables?
09-03 21:16:29.675  1486  2092 W A       : Disposing empty manager. Did you forgot to subscribe observables?
09-03 21:16:29.675  1486  2092 W A       : Disposing empty manager. Did you forgot to subscribe observables?
09-03 21:16:29.676  1486  2092 W A       : Disposing empty manager. Did you forgot to subscribe observables?
09-03 21:16:29.676  1486  2093 I A       : onActiveStateChangeEvent: IDLE => IDLE
09-03 21:16:29.676  1486  2092 W A       : Disposing empty manager. Did you forgot to subscribe observables?
09-03 21:16:29.676  1486  2093 I A       : #onActiveStateChangeEvent, newState: IDLE, previousState: IDLE.
09-03 21:16:29.676  1486  2092 I A       : Setting session to type: NO_SESSION
09-03 21:16:29.676  1486  2092 W A       : Disposing empty manager. Did you forgot to subscribe observables?
09-03 21:16:29.676  1486  2092 W A       : Disposing empty manager. Did you forgot to subscribe observables?
09-03 21:16:29.676  1486  2092 W A       : Disposing empty manager. Did you forgot to subscribe observables?
09-03 21:16:29.676  1486  2092 W A       : Disposing empty manager. Did you forgot to subscribe observables?
09-03 21:16:29.676  1486  2092 W A       : Disposing empty manager. Did you forgot to subscribe observables?
09-03 21:16:29.676  1486  2092 W A       : Disposing empty manager. Did you forgot to subscribe observables?
09-03 21:16:29.676  1486  2092 W A       : Disposing empty manager. Did you forgot to subscribe observables?
09-03 21:16:29.676  1486  2092 W A       : Disposing empty manager. Did you forgot to subscribe observables?
09-03 21:16:29.676  1486  2092 I A       : setNavBarVisible: GestureNavBarVisible{navbarVisible=true}
09-03 21:16:29.676  1486  2092 W A       : Disposing empty manager. Did you forgot to subscribe observables?
09-03 21:16:29.676  1486  2092 W A       : Disposing empty manager. Did you forgot to subscribe observables?
09-03 21:16:29.676  1486  2092 W A       : Disposing empty manager. Did you forgot to subscribe observables?
09-03 21:16:29.676  1486  2092 W A       : Disposing empty manager. Did you forgot to subscribe observables?
09-03 21:16:29.676  1486  2092 W A       : Disposing empty manager. Did you forgot to subscribe observables?
09-03 21:16:29.676  1486  2092 W A       : Disposing empty manager. Did you forgot to subscribe observables?
09-03 21:16:29.676  1486  2092 I A       : onDisabled. Registered: false
09-03 21:16:29.680   797   797 D SsMediaDataProvider: Forwarding Smartspace updates []
09-03 21:16:29.680   797   797 W PageIndicator: Total number of pages invalid: 0. Assuming 1 page.
09-03 21:16:29.680  1486  2092 I NgaEntryPointEventSendr: setupConnection
09-03 21:16:29.681  1486  1486 E GsaVoiceSerConnection: gsaVis null binding
09-03 21:16:29.682  1486  2093 I A       : Initialize
09-03 21:16:29.683  1486  2093 I A       : stopListening(NGA_PAUSED_UNKNOWN_REASON, NGA_CREATE), idleOverride=NOT_LISTENING
09-03 21:16:29.684  1486  2092 I NgaEntryPointEventSendr: State changed: Disconnected => Connecting
09-03 21:16:29.685  1572  1572 I A       : Creating pss binder().
09-03 21:16:29.685  1486  2093 I A       : on opa visibility changed false
09-03 21:16:29.686  1486  2092 I NgaEntryPointEventSendr: onServiceConnected
09-03 21:16:29.686  1572  5702 I A       : Calling beginBinderSession().
09-03 21:16:29.686  1572  5702 I A       : beginBinderSession(): calling binder
09-03 21:16:29.686  1486  2092 I NgaEntryPointEventSendr: State changed: Connecting => Ready
09-03 21:16:29.688  1486  2092 I A       : Successfully initialized all components
09-03 21:16:29.692  1572  1942 W CorpusConfigHelper: Invalid input from icing corpus JSON flag.
09-03 21:16:29.692  1572  1942 W CorpusConfigHelper: android.util.MalformedJsonException: Use JsonReader.setLenient(true) to accept malformed JSON at line 123 column 2
09-03 21:16:29.692  1572  1942 W CorpusConfigHelper: 	at android.util.JsonReader.syntaxError(JsonReader.java:1162)
09-03 21:16:29.692  1572  1942 W CorpusConfigHelper: 	at android.util.JsonReader.checkLenient(JsonReader.java:840)
09-03 21:16:29.692  1572  1942 W CorpusConfigHelper: 	at android.util.JsonReader.nextInArray(JsonReader.java:615)
09-03 21:16:29.692  1572  1942 W CorpusConfigHelper: 	at android.util.JsonReader.peek(JsonReader.java:345)
09-03 21:16:29.692  1572  1942 W CorpusConfigHelper: 	at android.util.JsonReader.hasNext(JsonReader.java:321)
09-03 21:16:29.692  1572  1942 W CorpusConfigHelper: 	at com.google.android.apps.gsa.searchbox.c.b.b.k.c(PG:7)
09-03 21:16:29.692  1572  1942 W CorpusConfigHelper: 	at com.google.android.apps.gsa.searchbox.c.b.b.k.<init>(PG:5)
09-03 21:16:29.692  1572  1942 W CorpusConfigHelper: 	at com.google.android.apps.gsa.staticplugins.searchboxroot.features.n.a.c.<init>(PG:16)
09-03 21:16:29.692  1572  1942 W CorpusConfigHelper: 	at com.google.android.apps.gsa.staticplugins.searchboxroot.b.a(PG:14)
09-03 21:16:29.692  1572  1942 W CorpusConfigHelper: 	at com.google.android.apps.gsa.staticplugins.searchboxroot.x.<init>(PG:7)
09-03 21:16:29.692  1572  1942 W CorpusConfigHelper: 	at com.google.android.apps.gsa.binaries.velvet.app.akd.b(PG:15)
09-03 21:16:29.692  1572  1942 W CorpusConfigHelper: 	at dagger.a.e.b(PG:1)
09-03 21:16:29.692  1572  1942 W CorpusConfigHelper: 	at com.google.android.apps.gsa.staticplugins.searchboxroot.a.a.a(PG:3)
09-03 21:16:29.692  1572  1942 W CorpusConfigHelper: 	at com.google.android.apps.gsa.binaries.velvet.app.ok.f(Unknown Source:2541)
09-03 21:16:29.692  1572  1942 W CorpusConfigHelper: 	at com.google.android.apps.gsa.binaries.velvet.app.ok.b(PG:1)
09-03 21:16:29.692  1572  1942 W CorpusConfigHelper: 	at com.google.android.apps.gsa.search.core.service.g.a.c.a(PG:2)
09-03 21:16:29.692  1572  1942 W CorpusConfigHelper: 	at com.google.android.libraries.gsa.k.a.f.a(PG:2)
09-03 21:16:29.692  1572  1942 W CorpusConfigHelper: 	at com.google.common.util.concurrent.dx.a(PG:1)
09-03 21:16:29.692  1572  1942 W CorpusConfigHelper: 	at com.google.common.util.concurrent.cv.run(PG:4)
09-03 21:16:29.692  1572  1942 W CorpusConfigHelper: 	at com.google.common.util.concurrent.dz.run(PG:1)
09-03 21:16:29.692  1572  1942 W CorpusConfigHelper: 	at com.google.android.libraries.i.ae.run(PG:1)
09-03 21:16:29.692  1572  1942 W CorpusConfigHelper: 	at java.util.concurrent.ThreadPoolExecutor.runWorker(ThreadPoolExecutor.java:1145)
09-03 21:16:29.692  1572  1942 W CorpusConfigHelper: 	at java.util.concurrent.ThreadPoolExecutor$Worker.run(ThreadPoolExecutor.java:644)
09-03 21:16:29.692  1572  1942 W CorpusConfigHelper: 	at com.google.android.libraries.i.k.run(PG:2)
09-03 21:16:29.692  1572  1942 W CorpusConfigHelper: 	at com.google.android.libraries.i.p.run(PG:4)
09-03 21:16:29.692  1572  1942 W CorpusConfigHelper: 	at java.lang.Thread.run(Thread.java:1012)
09-03 21:16:29.692  1572  1963 W A       : Queue length for executor EventBus is now 11. Perhaps some tasks are too long, or the pool is too small.
09-03 21:16:29.693  1572  2622 I A       : Using proto config with mendel
09-03 21:16:29.693  1572  2622 I A       : Using proto config with mendel
09-03 21:16:29.693  1572  2622 I A       : Using proto config with mendel
09-03 21:16:29.693  1572  2622 I A       : Merging legacy hotword config map with new proto.
09-03 21:16:29.693  1572  2622 I A       : Adding from config to map. Locale: cmn-Hant-TW modelPrefix: x_google Location:4e7cae00daee30ec565c34e3aa67a51f isSpeakerIdSupported: true
09-03 21:16:29.693  1572  2622 I A       : Adding from config to map. Locale: id-ID modelPrefix: x_google Location:cfffcc1a4c1c084c003c8eb27f73d770 isSpeakerIdSupported: true
09-03 21:16:29.693  1572  2622 I A       : Adding from config to map. Locale: ko-KR modelPrefix: x_google Location:0b132163a2eb2c1194b202067475724b isSpeakerIdSupported: true
09-03 21:16:29.693  1572  2622 I A       : Skipping. Expected model: 2 Found: 1
09-03 21:16:29.693  1572  2622 I A       : Adding from config to map. Locale: zh-TW modelPrefix: x_google Location:4e7cae00daee30ec565c34e3aa67a51f isSpeakerIdSupported: true
09-03 21:16:29.693  1572  2622 I A       : Using proto config with mendel
09-03 21:16:29.694  1572  2622 I A       : Using proto config with mendel
09-03 21:16:29.694  1572  2622 I A       : Using proto config with mendel
09-03 21:16:29.695   562  2177 W ActivityManager: Unable to start service Intent { cmp=com.google.android.apps.tachyon/.clientapi.ClientApiService } U=0: not found
09-03 21:16:29.695  1572  2622 W A       : UiCallbackStub-onGenericEvent[ServiceEvent = 111] task was not run. Callback from Service received after client was disposed.
09-03 21:16:29.695  1572  2622 W A       : UiCallbackStub-onGenericEvent[ServiceEvent = 60] task was not run. Callback from Service received after client was disposed.
09-03 21:16:29.696  1572  2622 W A       : UiCallbackStub-onGenericEvent[ServiceEvent = 60] task was not run. Callback from Service received after client was disposed.
09-03 21:16:29.696  1572  2622 W A       : UiCallbackStub-onGenericEvent[ServiceEvent = 105] task was not run. Callback from Service received after client was disposed.
09-03 21:16:29.696  1572  2622 W A       : UiCallbackStub-onGenericEvent[ServiceEvent = 107] task was not run. Callback from Service received after client was disposed.
09-03 21:16:29.696  1572  2622 W A       : UiCallbackStub-onGenericEvent[ServiceEvent = 107] task was not run. Callback from Service received after client was disposed.
09-03 21:16:29.696  1572  2622 W A       : UiCallbackStub-onGenericEvent[ServiceEvent = 42] task was not run. Callback from Service received after client was disposed.
09-03 21:16:29.697  1486  2093 I NgaEntryPointEventSendr: State changed: Ready => Disconnected (onOpaDisconnected)
09-03 21:16:29.698  1572  2622 W A       : UiCallbackStub-onGenericEvent[ServiceEvent = 67] task was not run. Callback from Service received after client was disposed.
09-03 21:16:29.699  1572  2622 I MicroDetectionState: Should stop hotword detection immediately - true
09-03 21:16:29.699  1572  2622 W A       : UiCallbackStub-onGenericEvent[ServiceEvent = 241] task was not run. Callback from Service received after client was disposed.
09-03 21:16:29.699  1572  2622 W A       : UiCallbackStub-onGenericEvent[ServiceEvent = 241] task was not run. Callback from Service received after client was disposed.
09-03 21:16:29.700  1572  2622 W A       : UiCallbackStub-onGenericEvent[ServiceEvent = 60] task was not run. Callback from Service received after client was disposed.
09-03 21:16:29.700  1351  5870 I NetworkScheduler.Stats: Task com.google.android.gms/com.google.android.gms.ipa.base.IpaGcmTaskService started execution. cause:9 exec_start_elapsed_seconds: 536 [CONTEXT service_id=218 ]
09-03 21:16:29.700  1572  5657 I PBSessionCacheImpl: Deleted sessionId[6915517543541221] from persistence.
09-03 21:16:29.701  1572  2622 W SearchServiceCore: Abort, client detached.
09-03 21:16:29.701  1572  2622 I MicroDetectionState: Should stop hotword detection immediately - true
09-03 21:16:29.702  1572  2622 I A       : Using proto config with mendel
09-03 21:16:29.702  1572  2622 I A       : Using proto config with mendel
09-03 21:16:29.703  1351  5933 I NetworkScheduler.Stats: Task com.google.android.gms/com.google.android.gms.ipa.base.IpaGcmTaskService finished executing. cause:9 result: 1 elapsed_millis: 11 uptime_millis: 11 exec_start_elapsed_seconds: 536 [CONTEXT service_id=218 ]
09-03 21:16:30.400  5785  5817 D EGL_emulation: app_time_stats: avg=16.40ms min=13.59ms max=18.56ms count=61
