--------- beginning of main
09-03 21:16:54.112  1078  1078 D TaplEvents: TIS / TouchInteractionService.onInputEvent: MotionEvent { action=ACTION_DOWN, actionButton=0, id[0]=0, x[0]=540.0, y[0]=1247.0, toolType[0]=TOOL_TYPE_FINGER, buttonState=0, classification=NONE, metaState=0, flags=0x0, edgeFlags=0x0, pointerCount=1, historySize=0, eventTime=560686, downTime=560686, deviceId=-1, source=0x1002, displayId=0, eventId=-917101642 }
09-03 21:16:54.114  1078  1078 D TaplEvents: TIS / TouchInteractionService.onInputEvent: MotionEvent { action=ACTION_UP, actionButton=0, id[0]=0, x[0]=540.0, y[0]=1247.0, toolType[0]=TOOL_TYPE_FINGER, buttonState=0, classification=NONE, metaState=0, flags=0x0, edgeFlags=0x0, pointerCount=1, historySize=0, eventTime=560686, downTime=560686, deviceId=-1, source=0x1002, displayId=0, eventId=-664692957 }
09-03 21:16:54.133   405   445 D audioserver: FGS Logger Transaction failed
09-03 21:16:54.133   405   445 D audioserver: -129
--------- beginning of system
09-03 21:16:54.134   797   856 V WindowManagerShell: Transition requested: android.os.BinderProxy@1ba7595 TransitionRequestInfo { type = CLOSE, triggerTask = null, remoteTransition = null, displayChange = null }
09-03 21:16:54.135   405   522 D AudioFlinger: mixer(0x73f97a6b2930) throttle end: throttle time(37)
09-03 21:16:54.138  4072  4686 D EGL_emulation: app_time_stats: avg=2961.17ms min=0.54ms max=26641.01ms count=9
09-03 21:16:54.147   411   411 I BpBinder: onLastStrongRef automatically unlinking death recipients: 
09-03 21:16:54.150   562   600 V WindowManager: Sent Transition #30 createdAt=09-03 21:16:54.132 via request=TransitionRequestInfo { type = CLOSE, triggerTask = null, remoteTransition = null, displayChange = null }
09-03 21:16:54.150   797   856 V WindowManagerShell: onTransitionReady android.os.BinderProxy@1ba7595: {id=30 t=CLOSE f=0x0 trk=0 r=[0@Point(0, 0)] c=[{null m=CLOSE f=TRANSLUCENT|FILLS_TASK leash=Surface(name=ActivityRecord{8cbaf6e u0 com.google.android.gms/.common.account.AccountPickerActivity)/@0xb46fab0 sb=Rect(0, 0 - 1080, 2400) eb=Rect(0, 0 - 1080, 2400) d=0}]}
09-03 21:16:54.151   562   600 V WindowManager:     startWCT=WindowContainerTransaction { changes = {} hops = [] errorCallbackToken=null taskFragmentOrganizer=null }
09-03 21:16:54.150   797   856 V WindowManagerShell: Playing animation for (#30)android.os.BinderProxy@1ba7595@0
09-03 21:16:54.150   797   856 V WindowManagerShell:  try handler com.android.wm.shell.transition.DefaultMixedHandler@3c43119
09-03 21:16:54.151   797   856 V WindowManagerShell:  try handler com.android.wm.shell.keyguard.KeyguardTransitionHandler@3d4b5de
09-03 21:16:54.151   797   856 V WindowManagerShell:  try handler com.android.wm.shell.activityembedding.ActivityEmbeddingController@8af43bf
09-03 21:16:54.151   797   856 V WindowManagerShell:  try handler com.android.wm.shell.recents.RecentsTransitionHandler@dfe3a8c
09-03 21:16:54.151   797   856 V ShellRecents: RecentsTransitionHandler.startAnimation: no controller found
09-03 21:16:54.151   797   856 V WindowManagerShell:  try handler com.android.wm.shell.pip.PipTransition@f5dc5d5
09-03 21:16:54.151   797   856 V WindowManagerShell:  try handler com.android.wm.shell.splitscreen.StageCoordinator@4f251ea
09-03 21:16:54.151   797   856 V WindowManagerShell:  try handler com.android.wm.shell.transition.RemoteTransitionHandler@51e5cdb
09-03 21:16:54.151   562   600 V WindowManager:     info={id=30 t=CLOSE f=0x0 trk=0 r=[0@Point(0, 0)] c=[{null m=CLOSE f=TRANSLUCENT|FILLS_TASK leash=Surface(name=ActivityRecord{8cbaf6e u0 com.google.android.gms/.common.account.AccountPickerActivity)/@0x5a378a0 sb=Rect(0, 0 - 1080, 2400) eb=Rect(0, 0 - 1080, 2400) d=0}]}
09-03 21:16:54.151   797   856 V WindowManagerShell: Transition doesn't have explicit remote, search filters for match for {id=30 t=CLOSE f=0x0 trk=0 r=[0@Point(0, 0)] c=[{null m=CLOSE f=TRANSLUCENT|FILLS_TASK leash=Surface(name=ActivityRecord{8cbaf6e u0 com.google.android.gms/.common.account.AccountPickerActivity)/@0xb46fab0 sb=Rect(0, 0 - 1080, 2400) eb=Rect(0, 0 - 1080, 2400) d=0}]}
09-03 21:16:54.151   797   856 V WindowManagerShell:  Checking filter Pair{{types=[] flags=0x0] notFlags=0x0 checks=[{atype=dream independent=true modes=[OPEN,TO_FRONT] flags=NONE mustBeTask=false order=ANY topActivity=null},{atype=home independent=true modes=[CLOSE,TO_BACK] flags=NONE mustBeTask=false order=ANY topActivity=null}]} RemoteTransition { remoteTransition = android.window.IRemoteTransition$Stub$Proxy@be57b62, appThread = android.app.IApplicationThread$Stub$Proxy@c1994f3, debugName = LauncherToDream }}
09-03 21:16:54.151   797   856 V WindowManagerShell:  Checking filter Pair{{types=[] flags=0x0] notFlags=0x100 checks=[{atype=home independent=true modes=[OPEN,TO_FRONT] flags=NONE mustBeTask=false order=TOP topActivity=ComponentInfo{com.google.android.apps.nexuslauncher/com.google.android.apps.nexuslauncher.NexusLauncherActivity}},{atype=standard independent=true modes=[CLOSE,TO_BACK] flags=NONE mustBeTask=false order=ANY topActivity=null}]} RemoteTransition { remoteTransition = android.window.IRemoteTransition$Stub$Proxy@938a5b0, appThread = android.app.IApplicationThread$Stub$Proxy@5ba5c29, debugName = QuickstepLaunchHome }}
09-03 21:16:54.151   797   856 V WindowManagerShell:  Delegate animation for #30 to null
09-03 21:16:54.151   797   856 V WindowManagerShell:  try handler com.android.wm.shell.transition.DefaultTransitionHandler@ebf4f24
09-03 21:16:54.151   797   856 V WindowManagerShell: start default transition animation, info = {id=30 t=CLOSE f=0x0 trk=0 r=[0@Point(0, 0)] c=[{null m=CLOSE f=TRANSLUCENT|FILLS_TASK leash=Surface(name=ActivityRecord{8cbaf6e u0 com.google.android.gms/.common.account.AccountPickerActivity)/@0xb46fab0 sb=Rect(0, 0 - 1080, 2400) eb=Rect(0, 0 - 1080, 2400) d=0}]}
09-03 21:16:54.152   797   856 V WindowManagerShell: loadAnimation: anim=null animAttr=0x7 type=CLOSE isEntrance=false
09-03 21:16:54.152   797   856 V WindowManagerShell: Transition animation finished (aborted=false), notifying core (#30)android.os.BinderProxy@1ba7595@0
09-03 21:16:54.152   562   600 V WindowManager: Finish Transition #30: created at 09-03 21:16:54.132 collect-started=0.012ms request-sent=0.051ms started=2.351ms ready=17.156ms sent=18.22ms finished=20.209ms
09-03 21:16:54.154   562  2177 D OomAdjuster: Not killing cached processes
09-03 21:16:54.154   562  2177 W ProcessStats: Tracking association SourceState{aac5de1 com.google.android.gms.ui/10128 BTop #5350} whose proc state 2 is better than process ProcessState{5d4a133 com.google.android.gms.persistent/10128 pkg=com.google.android.gms} proc state 4 (34 skipped)
09-03 21:16:54.154   797   856 V WindowManagerShell: Track 0 became idle
09-03 21:16:54.154   797   856 V WindowManagerShell: All active transition animations finished
09-03 21:16:54.154   797   856 V WindowManagerShell:  animated by com.android.wm.shell.transition.DefaultTransitionHandler@ebf4f24
09-03 21:16:54.154   797   856 V WindowManagerShell: Track 0 became idle
09-03 21:16:54.154   797   856 V WindowManagerShell: All active transition animations finished
09-03 21:16:54.166  4072  4072 W WindowOnBackDispatcher: sendCancelIfRunning: isInProgress=falsecallback=android.view.ViewRootImpl$$ExternalSyntheticLambda17@5b8a08e
09-03 21:16:54.166   562  4876 D CoreBackPreview: Window{4e7a21 u0 com.google.android.gms/com.google.android.gms.common.account.AccountPickerActivity}: Setting back callback null
09-03 21:16:54.167  4072  4686 D OpenGLRenderer: endAllActiveAnimators on 0x769e59a912b0 (RippleDrawable) with handle 0x769d19ac2680
09-03 21:16:54.167   562  4876 W InputManager-JNI: Input channel object '4e7a21 com.google.android.gms/com.google.android.gms.common.account.AccountPickerActivity (client)' was disposed without first being removed with the input manager!
09-03 21:16:54.168  4072  4072 D MainContentCaptureSession: Destroying session (ctx=com.google.android.gms.common.account.AccountPickerActivity@af73a06, id=1540079549) with 0 event(s) for act:com.google.android.gms/.common.account.AccountPickerActivity [state=2 (ACTIVE), disabled=false]
09-03 21:16:54.178  1351  1575 V NativeCrypto: Read error: ssl=0x769e99a843d8: I/O error during system call, Connection reset by peer
09-03 21:16:54.178  1351  1575 V NativeCrypto: SSL shutdown failed: ssl=0x769e99a843d8: I/O error during system call, Broken pipe
09-03 21:16:54.178   367  5950 I resolv  : GetAddrInfoHandler::run: {101 786533 101 983141 10128 0}
09-03 21:16:54.179   367  5951 I resolv  : res_nmkquery: (QUERY, IN, AAAA)
09-03 21:16:54.179   367  5952 I resolv  : res_nmkquery: (QUERY, IN, A)
09-03 21:16:54.182   405   522 D AudioFlinger: mixer(0x73f97a6b2930) throttle end: throttle time(33)
09-03 21:16:54.182   562   647 I ImeTracker: com.google.android.gms:15c5b18b: onRequestHide at ORIGIN_SERVER_HIDE_INPUT reason HIDE_UNSPECIFIED_WINDOW
09-03 21:16:54.182   562   647 I ImeTracker: com.google.android.gms:15c5b18b: onCancelled at PHASE_SERVER_SHOULD_HIDE
09-03 21:16:54.183  1387  1387 I GoogleInputMethodService: GoogleInputMethodService.onFinishInput():3227 
09-03 21:16:54.184  1387  1387 I GoogleInputMethodService: GoogleInputMethodService.updateDeviceLockedStatus():2087 repeatCheckTimes = 0, unlocked = true
09-03 21:16:54.184  1387  1387 I GoogleInputMethodService: GoogleInputMethodService.onStartInput():1877 onStartInput(EditorInfo{inputType=0x0(NULL) imeOptions=0x0 privateImeOptions=null actionName=UNSPECIFIED actionLabel=null actionId=0 initialSelStart=-1 initialSelEnd=-1 initialCapsMode=0x0 hintText=null label=null packageName=com.google.android.gms fieldId=0 fieldName=null extras=null}, false)
09-03 21:16:54.184  1387  1387 I GoogleInputMethodService: GoogleInputMethodService.shouldHideHeaderOnInitialState():4008 ShouldHideHeaderOnInitialState = false
09-03 21:16:54.184  1387  1387 I GoogleInputMethodService: GoogleInputMethodService.updateDeviceLockedStatus():2087 repeatCheckTimes = 2, unlocked = true
09-03 21:16:54.295   405   522 D audioserver: FGS Logger Transaction failed
09-03 21:16:54.295   405   522 D audioserver: -129
09-03 21:16:54.486   367  5952 I resolv  : res_nsend: used send_dg 168 terrno: 0
09-03 21:16:54.486   367  5952 I resolv  : doQuery: rcode=0, ancount=8, return value=168
09-03 21:16:54.486   367  5951 I resolv  : res_nsend: used send_dg 264 terrno: 0
09-03 21:16:54.486   367  5951 I resolv  : doQuery: rcode=0, ancount=8, return value=264
09-03 21:16:54.487  1351  1575 D TrafficStats: tagSocket(98) with statsTag=0x20000401, statsUid=10194
09-03 21:16:54.584  5785  5817 D EGL_emulation: app_time_stats: avg=16.36ms min=13.24ms max=17.78ms count=60
09-03 21:16:54.986  1351  1575 W Conscrypt: Could not set socket write timeout: java.net.SocketException: Socket closed
09-03 21:16:54.987  1351  1575 W Conscrypt: 	at com.google.android.gms.org.conscrypt.Platform.setSocketWriteTimeout(:com.google.android.gms@231818047@23.18.18 (190800-535401451):2)
09-03 21:16:54.987  1351  1575 W Conscrypt: 	at com.google.android.gms.org.conscrypt.ConscryptFileDescriptorSocket.setSoWriteTimeout(:com.google.android.gms@231818047@23.18.18 (190800-535401451):0)
09-03 21:16:55.491  1351  1575 W Conscrypt: Could not set socket write timeout: java.net.SocketException: Socket closed
09-03 21:16:55.491  1351  1575 W Conscrypt: 	at com.google.android.gms.org.conscrypt.Platform.setSocketWriteTimeout(:com.google.android.gms@231818047@23.18.18 (190800-535401451):2)
09-03 21:16:55.491  1351  1575 W Conscrypt: 	at com.google.android.gms.org.conscrypt.ConscryptFileDescriptorSocket.setSoWriteTimeout(:com.google.android.gms@231818047@23.18.18 (190800-535401451):0)
09-03 21:16:55.600  5785  5817 D EGL_emulation: app_time_stats: avg=16.26ms min=13.29ms max=19.18ms count=61
09-03 21:16:56.045   797   856 V WindowManagerShell: Transition requested: android.os.BinderProxy@5e98dc0 TransitionRequestInfo { type = CLOSE, triggerTask = null, remoteTransition = null, displayChange = null }
09-03 21:16:56.048   562   600 V WindowManager: Sent Transition #31 createdAt=09-03 21:16:56.044 via request=TransitionRequestInfo { type = CLOSE, triggerTask = null, remoteTransition = null, displayChange = null }
09-03 21:16:56.048   797   856 V WindowManagerShell: onTransitionReady android.os.BinderProxy@5e98dc0: {id=31 t=CLOSE f=0x0 trk=0 r=[0@Point(0, 0)] c=[{null m=CLOSE f=TRANSLUCENT|FILLS_TASK leash=Surface(name=ActivityRecord{9cec7d1 u0 com.google.android.gms/.signin.activity.SignInActivity)/@0xfe15a77 sb=Rect(0, 0 - 1080, 2400) eb=Rect(0, 0 - 1080, 2400) d=0}]}
09-03 21:16:56.048   797   856 V WindowManagerShell: Playing animation for (#31)android.os.BinderProxy@5e98dc0@0
09-03 21:16:56.049   797   856 V WindowManagerShell:  try handler com.android.wm.shell.transition.DefaultMixedHandler@3c43119
09-03 21:16:56.049   797   856 V WindowManagerShell:  try handler com.android.wm.shell.keyguard.KeyguardTransitionHandler@3d4b5de
09-03 21:16:56.049   797   856 V WindowManagerShell:  try handler com.android.wm.shell.activityembedding.ActivityEmbeddingController@8af43bf
09-03 21:16:56.049   797   856 V WindowManagerShell:  try handler com.android.wm.shell.recents.RecentsTransitionHandler@dfe3a8c
09-03 21:16:56.049   797   856 V ShellRecents: RecentsTransitionHandler.startAnimation: no controller found
09-03 21:16:56.049   797   856 V WindowManagerShell:  try handler com.android.wm.shell.pip.PipTransition@f5dc5d5
09-03 21:16:56.049   797   856 V WindowManagerShell:  try handler com.android.wm.shell.splitscreen.StageCoordinator@4f251ea
09-03 21:16:56.049   562   600 V WindowManager:     startWCT=WindowContainerTransaction { changes = {} hops = [] errorCallbackToken=null taskFragmentOrganizer=null }
09-03 21:16:56.049   797   856 V WindowManagerShell:  try handler com.android.wm.shell.transition.RemoteTransitionHandler@51e5cdb
09-03 21:16:56.049   797   856 V WindowManagerShell: Transition doesn't have explicit remote, search filters for match for {id=31 t=CLOSE f=0x0 trk=0 r=[0@Point(0, 0)] c=[{null m=CLOSE f=TRANSLUCENT|FILLS_TASK leash=Surface(name=ActivityRecord{9cec7d1 u0 com.google.android.gms/.signin.activity.SignInActivity)/@0xfe15a77 sb=Rect(0, 0 - 1080, 2400) eb=Rect(0, 0 - 1080, 2400) d=0}]}
09-03 21:16:56.049   797   856 V WindowManagerShell:  Checking filter Pair{{types=[] flags=0x0] notFlags=0x0 checks=[{atype=dream independent=true modes=[OPEN,TO_FRONT] flags=NONE mustBeTask=false order=ANY topActivity=null},{atype=home independent=true modes=[CLOSE,TO_BACK] flags=NONE mustBeTask=false order=ANY topActivity=null}]} RemoteTransition { remoteTransition = android.window.IRemoteTransition$Stub$Proxy@be57b62, appThread = android.app.IApplicationThread$Stub$Proxy@c1994f3, debugName = LauncherToDream }}
09-03 21:16:56.049   562   600 V WindowManager:     info={id=31 t=CLOSE f=0x0 trk=0 r=[0@Point(0, 0)] c=[{null m=CLOSE f=TRANSLUCENT|FILLS_TASK leash=Surface(name=ActivityRecord{9cec7d1 u0 com.google.android.gms/.signin.activity.SignInActivity)/@0xac51abe sb=Rect(0, 0 - 1080, 2400) eb=Rect(0, 0 - 1080, 2400) d=0}]}
09-03 21:16:56.049   797   856 V WindowManagerShell:  Checking filter Pair{{types=[] flags=0x0] notFlags=0x100 checks=[{atype=home independent=true modes=[OPEN,TO_FRONT] flags=NONE mustBeTask=false order=TOP topActivity=ComponentInfo{com.google.android.apps.nexuslauncher/com.google.android.apps.nexuslauncher.NexusLauncherActivity}},{atype=standard independent=true modes=[CLOSE,TO_BACK] flags=NONE mustBeTask=false order=ANY topActivity=null}]} RemoteTransition { remoteTransition = android.window.IRemoteTransition$Stub$Proxy@938a5b0, appThread = android.app.IApplicationThread$Stub$Proxy@5ba5c29, debugName = QuickstepLaunchHome }}
09-03 21:16:56.049   797   856 V WindowManagerShell:  Delegate animation for #31 to null
09-03 21:16:56.049   797   856 V WindowManagerShell:  try handler com.android.wm.shell.transition.DefaultTransitionHandler@ebf4f24
09-03 21:16:56.049   797   856 V WindowManagerShell: start default transition animation, info = {id=31 t=CLOSE f=0x0 trk=0 r=[0@Point(0, 0)] c=[{null m=CLOSE f=TRANSLUCENT|FILLS_TASK leash=Surface(name=ActivityRecord{9cec7d1 u0 com.google.android.gms/.signin.activity.SignInActivity)/@0xfe15a77 sb=Rect(0, 0 - 1080, 2400) eb=Rect(0, 0 - 1080, 2400) d=0}]}
09-03 21:16:56.049   797   856 V WindowManagerShell: loadAnimation: anim=null animAttr=0x7 type=CLOSE isEntrance=false
09-03 21:16:56.050   797   856 V WindowManagerShell: Transition animation finished (aborted=false), notifying core (#31)android.os.BinderProxy@5e98dc0@0
09-03 21:16:56.051   562   600 V WindowManager: Finish Transition #31: created at 09-03 21:16:56.044 collect-started=0.034ms request-sent=0.122ms started=1.68ms ready=3.538ms sent=4.428ms finished=7.141ms
09-03 21:16:56.052   797   856 V WindowManagerShell: Track 0 became idle
09-03 21:16:56.052   797   856 V WindowManagerShell: All active transition animations finished
09-03 21:16:56.052   797   856 V WindowManagerShell:  animated by com.android.wm.shell.transition.DefaultTransitionHandler@ebf4f24
09-03 21:16:56.052   797   856 V WindowManagerShell: Track 0 became idle
09-03 21:16:56.052   797   856 V WindowManagerShell: All active transition animations finished
09-03 21:16:56.052   797   856 V WindowManagerShell: Transition requested: android.os.BinderProxy@be38202 TransitionRequestInfo { type = CLOSE, triggerTask = null, remoteTransition = null, displayChange = null }
09-03 21:16:56.054   562   600 V WindowManager: Sent Transition #32 createdAt=09-03 21:16:56.050 via request=TransitionRequestInfo { type = CLOSE, triggerTask = null, remoteTransition = null, displayChange = null }
09-03 21:16:56.054   562   600 V WindowManager:     startWCT=WindowContainerTransaction { changes = {} hops = [] errorCallbackToken=null taskFragmentOrganizer=null }
09-03 21:16:56.054   797   856 V WindowManagerShell: onTransitionReady android.os.BinderProxy@be38202: {id=32 t=CLOSE f=0x0 trk=1 r=[0@Point(0, 0)] c=[{null m=CLOSE f=TRANSLUCENT|FILLS_TASK leash=Surface(name=ActivityRecord{e3f955e u0 com.google.android.gms/.common.api.GoogleApiActivity)/@0x1072713 sb=Rect(0, 0 - 1080, 2400) eb=Rect(0, 0 - 1080, 2400) d=0}]}
09-03 21:16:56.054   797   856 V WindowManagerShell: Playing animation for (#32)android.os.BinderProxy@be38202@1
09-03 21:16:56.055   797   856 V WindowManagerShell:  try handler com.android.wm.shell.transition.DefaultMixedHandler@3c43119
09-03 21:16:56.055   797   856 V WindowManagerShell:  try handler com.android.wm.shell.keyguard.KeyguardTransitionHandler@3d4b5de
09-03 21:16:56.055   797   856 V WindowManagerShell:  try handler com.android.wm.shell.activityembedding.ActivityEmbeddingController@8af43bf
09-03 21:16:56.055   797   856 V WindowManagerShell:  try handler com.android.wm.shell.recents.RecentsTransitionHandler@dfe3a8c
09-03 21:16:56.055   797   856 V ShellRecents: RecentsTransitionHandler.startAnimation: no controller found
09-03 21:16:56.055   562   600 V WindowManager:     info={id=32 t=CLOSE f=0x0 trk=1 r=[0@Point(0, 0)] c=[{null m=CLOSE f=TRANSLUCENT|FILLS_TASK leash=Surface(name=ActivityRecord{e3f955e u0 com.google.android.gms/.common.api.GoogleApiActivity)/@0x3159d79 sb=Rect(0, 0 - 1080, 2400) eb=Rect(0, 0 - 1080, 2400) d=0}]}
09-03 21:16:56.055   797   856 V WindowManagerShell:  try handler com.android.wm.shell.pip.PipTransition@f5dc5d5
09-03 21:16:56.055   797   856 V WindowManagerShell:  try handler com.android.wm.shell.splitscreen.StageCoordinator@4f251ea
09-03 21:16:56.055   797   856 V WindowManagerShell:  try handler com.android.wm.shell.transition.RemoteTransitionHandler@51e5cdb
09-03 21:16:56.055   797   856 V WindowManagerShell: Transition doesn't have explicit remote, search filters for match for {id=32 t=CLOSE f=0x0 trk=1 r=[0@Point(0, 0)] c=[{null m=CLOSE f=TRANSLUCENT|FILLS_TASK leash=Surface(name=ActivityRecord{e3f955e u0 com.google.android.gms/.common.api.GoogleApiActivity)/@0x1072713 sb=Rect(0, 0 - 1080, 2400) eb=Rect(0, 0 - 1080, 2400) d=0}]}
09-03 21:16:56.055   797   856 V WindowManagerShell:  Checking filter Pair{{types=[] flags=0x0] notFlags=0x0 checks=[{atype=dream independent=true modes=[OPEN,TO_FRONT] flags=NONE mustBeTask=false order=ANY topActivity=null},{atype=home independent=true modes=[CLOSE,TO_BACK] flags=NONE mustBeTask=false order=ANY topActivity=null}]} RemoteTransition { remoteTransition = android.window.IRemoteTransition$Stub$Proxy@be57b62, appThread = android.app.IApplicationThread$Stub$Proxy@c1994f3, debugName = LauncherToDream }}
09-03 21:16:56.055   797   856 V WindowManagerShell:  Checking filter Pair{{types=[] flags=0x0] notFlags=0x100 checks=[{atype=home independent=true modes=[OPEN,TO_FRONT] flags=NONE mustBeTask=false order=TOP topActivity=ComponentInfo{com.google.android.apps.nexuslauncher/com.google.android.apps.nexuslauncher.NexusLauncherActivity}},{atype=standard independent=true modes=[CLOSE,TO_BACK] flags=NONE mustBeTask=false order=ANY topActivity=null}]} RemoteTransition { remoteTransition = android.window.IRemoteTransition$Stub$Proxy@938a5b0, appThread = android.app.IApplicationThread$Stub$Proxy@5ba5c29, debugName = QuickstepLaunchHome }}
09-03 21:16:56.055   797   856 V WindowManagerShell:  Delegate animation for #32 to null
09-03 21:16:56.055   797   856 V WindowManagerShell:  try handler com.android.wm.shell.transition.DefaultTransitionHandler@ebf4f24
09-03 21:16:56.055   797   856 V WindowManagerShell: start default transition animation, info = {id=32 t=CLOSE f=0x0 trk=1 r=[0@Point(0, 0)] c=[{null m=CLOSE f=TRANSLUCENT|FILLS_TASK leash=Surface(name=ActivityRecord{e3f955e u0 com.google.android.gms/.common.api.GoogleApiActivity)/@0x1072713 sb=Rect(0, 0 - 1080, 2400) eb=Rect(0, 0 - 1080, 2400) d=0}]}
09-03 21:16:56.055   797   856 V WindowManagerShell: loadAnimation: anim=null animAttr=0x7 type=CLOSE isEntrance=false
09-03 21:16:56.055   797   856 V WindowManagerShell: Transition animation finished (aborted=false), notifying core (#32)android.os.BinderProxy@be38202@1
09-03 21:16:56.056   562   600 V WindowManager: Finish Transition #32: created at 09-03 21:16:56.050 collect-started=0.006ms request-sent=0.038ms started=1.807ms ready=2.819ms sent=3.791ms finished=5.362ms
09-03 21:16:56.056   797   856 V WindowManagerShell: Track 1 became idle
09-03 21:16:56.056   797   856 V WindowManagerShell: All active transition animations finished
09-03 21:16:56.056   797   856 V WindowManagerShell:  animated by com.android.wm.shell.transition.DefaultTransitionHandler@ebf4f24
09-03 21:16:56.056   797   856 V WindowManagerShell: Track 1 became idle
09-03 21:16:56.056   797   856 V WindowManagerShell: All active transition animations finished
09-03 21:16:56.067  4072  4072 W WindowOnBackDispatcher: sendCancelIfRunning: isInProgress=falsecallback=android.view.ViewRootImpl$$ExternalSyntheticLambda17@79b93e9
09-03 21:16:56.068   562  1888 D CoreBackPreview: Window{dda54e6 u0 com.google.android.gms/com.google.android.gms.signin.activity.SignInActivity}: Setting back callback null
09-03 21:16:56.068   562   647 W InputManager-JNI: Input channel object 'dda54e6 com.google.android.gms/com.google.android.gms.signin.activity.SignInActivity (client)' was disposed without first being removed with the input manager!
09-03 21:16:56.069  4072  4072 W WindowOnBackDispatcher: sendCancelIfRunning: isInProgress=falsecallback=android.view.ViewRootImpl$$ExternalSyntheticLambda17@722b29d
09-03 21:16:56.070   562  4876 D CoreBackPreview: Window{201eaa4 u0 com.google.android.gms/com.google.android.gms.common.api.GoogleApiActivity}: Setting back callback null
09-03 21:16:56.070   562  2177 W InputManager-JNI: Input channel object '201eaa4 com.google.android.gms/com.google.android.gms.common.api.GoogleApiActivity (client)' was disposed without first being removed with the input manager!
09-03 21:16:56.072   562  4876 I ImeTracker: com.google.android.gms:bdaa3974: onRequestHide at ORIGIN_SERVER_HIDE_INPUT reason HIDE_UNSPECIFIED_WINDOW
09-03 21:16:56.072   562  4876 I ImeTracker: com.google.android.gms:bdaa3974: onCancelled at PHASE_SERVER_SHOULD_HIDE
09-03 21:16:56.072  4072  4072 D MainContentCaptureSession: Destroying session (ctx=com.google.android.gms.signin.activity.SignInActivity@27c2258, id=-772733888) with 0 event(s) for act:com.google.android.gms/.signin.activity.SignInActivity [state=2 (ACTIVE), disabled=false]
09-03 21:16:56.072  1387  1387 I GoogleInputMethodService: GoogleInputMethodService.onFinishInput():3227 
09-03 21:16:56.072  4072  4072 D MainContentCaptureSession: Destroying session (ctx=com.google.android.gms.common.api.GoogleApiActivity@8b53486, id=565004938) with 0 event(s) for act:com.google.android.gms/.common.api.GoogleApiActivity [state=2 (ACTIVE), disabled=false]
09-03 21:16:56.073  1387  1387 I GoogleInputMethodService: GoogleInputMethodService.updateDeviceLockedStatus():2087 repeatCheckTimes = 0, unlocked = true
09-03 21:16:56.073  1387  1387 I GoogleInputMethodService: GoogleInputMethodService.onStartInput():1877 onStartInput(EditorInfo{inputType=0x0(NULL) imeOptions=0x0 privateImeOptions=null actionName=UNSPECIFIED actionLabel=null actionId=0 initialSelStart=-1 initialSelEnd=-1 initialCapsMode=0x0 hintText=null label=null packageName=com.google.android.gms fieldId=0 fieldName=null extras=null}, false)
09-03 21:16:56.073  1387  1387 I GoogleInputMethodService: GoogleInputMethodService.shouldHideHeaderOnInitialState():4008 ShouldHideHeaderOnInitialState = false
09-03 21:16:56.073  1387  1387 I GoogleInputMethodService: GoogleInputMethodService.updateDeviceLockedStatus():2087 repeatCheckTimes = 2, unlocked = true
09-03 21:16:56.082   797   856 V WindowManagerShell: Transition requested: android.os.BinderProxy@d1b09ca TransitionRequestInfo { type = CLOSE, triggerTask = null, remoteTransition = null, displayChange = null }
09-03 21:16:56.088  5785  5785 D CompatibilityChangeReporter: Compat change id reported: 78294732; UID 10194; state: ENABLED
09-03 21:16:56.090   797   856 V WindowManagerShell: onTransitionReady android.os.BinderProxy@d1b09ca: {id=33 t=CLOSE f=0x0 trk=0 r=[0@Point(0, 0)] c=[{null m=CLOSE f=TRANSLUCENT|FILLS_TASK leash=Surface(name=ActivityRecord{10121ac u0 com.google.android.gms/.auth.api.signin.ui.SignInActivity)/@0xdbae73b sb=Rect(0, 0 - 1080, 2400) eb=Rect(0, 0 - 1080, 2400) d=0}]}
09-03 21:16:56.090   797   856 V WindowManagerShell: Playing animation for (#33)android.os.BinderProxy@d1b09ca@0
09-03 21:16:56.090   797   856 V WindowManagerShell:  try handler com.android.wm.shell.transition.DefaultMixedHandler@3c43119
09-03 21:16:56.090   797   856 V WindowManagerShell:  try handler com.android.wm.shell.keyguard.KeyguardTransitionHandler@3d4b5de
09-03 21:16:56.090   562   600 V WindowManager: Sent Transition #33 createdAt=09-03 21:16:56.081 via request=TransitionRequestInfo { type = CLOSE, triggerTask = null, remoteTransition = null, displayChange = null }
09-03 21:16:56.090   562   600 V WindowManager:     startWCT=WindowContainerTransaction { changes = {} hops = [] errorCallbackToken=null taskFragmentOrganizer=null }
09-03 21:16:56.090   562   600 V WindowManager:     info={id=33 t=CLOSE f=0x0 trk=0 r=[0@Point(0, 0)] c=[{null m=CLOSE f=TRANSLUCENT|FILLS_TASK leash=Surface(name=ActivityRecord{10121ac u0 com.google.android.gms/.auth.api.signin.ui.SignInActivity)/@0x20c7c74 sb=Rect(0, 0 - 1080, 2400) eb=Rect(0, 0 - 1080, 2400) d=0}]}
09-03 21:16:56.091   797   856 V WindowManagerShell:  try handler com.android.wm.shell.activityembedding.ActivityEmbeddingController@8af43bf
09-03 21:16:56.091   797   856 V WindowManagerShell:  try handler com.android.wm.shell.recents.RecentsTransitionHandler@dfe3a8c
09-03 21:16:56.091   797   856 V ShellRecents: RecentsTransitionHandler.startAnimation: no controller found
09-03 21:16:56.091   797   856 V WindowManagerShell:  try handler com.android.wm.shell.pip.PipTransition@f5dc5d5
09-03 21:16:56.091   797   856 V WindowManagerShell:  try handler com.android.wm.shell.splitscreen.StageCoordinator@4f251ea
09-03 21:16:56.091   797   856 V WindowManagerShell:  try handler com.android.wm.shell.transition.RemoteTransitionHandler@51e5cdb
09-03 21:16:56.091   797   856 V WindowManagerShell: Transition doesn't have explicit remote, search filters for match for {id=33 t=CLOSE f=0x0 trk=0 r=[0@Point(0, 0)] c=[{null m=CLOSE f=TRANSLUCENT|FILLS_TASK leash=Surface(name=ActivityRecord{10121ac u0 com.google.android.gms/.auth.api.signin.ui.SignInActivity)/@0xdbae73b sb=Rect(0, 0 - 1080, 2400) eb=Rect(0, 0 - 1080, 2400) d=0}]}
09-03 21:16:56.091   797   856 V WindowManagerShell:  Checking filter Pair{{types=[] flags=0x0] notFlags=0x0 checks=[{atype=dream independent=true modes=[OPEN,TO_FRONT] flags=NONE mustBeTask=false order=ANY topActivity=null},{atype=home independent=true modes=[CLOSE,TO_BACK] flags=NONE mustBeTask=false order=ANY topActivity=null}]} RemoteTransition { remoteTransition = android.window.IRemoteTransition$Stub$Proxy@be57b62, appThread = android.app.IApplicationThread$Stub$Proxy@c1994f3, debugName = LauncherToDream }}
09-03 21:16:56.091   797   856 V WindowManagerShell:  Checking filter Pair{{types=[] flags=0x0] notFlags=0x100 checks=[{atype=home independent=true modes=[OPEN,TO_FRONT] flags=NONE mustBeTask=false order=TOP topActivity=ComponentInfo{com.google.android.apps.nexuslauncher/com.google.android.apps.nexuslauncher.NexusLauncherActivity}},{atype=standard independent=true modes=[CLOSE,TO_BACK] flags=NONE mustBeTask=false order=ANY topActivity=null}]} RemoteTransition { remoteTransition = android.window.IRemoteTransition$Stub$Proxy@938a5b0, appThread = android.app.IApplicationThread$Stub$Proxy@5ba5c29, debugName = QuickstepLaunchHome }}
09-03 21:16:56.091   797   856 V WindowManagerShell:  Delegate animation for #33 to null
09-03 21:16:56.091   797   856 V WindowManagerShell:  try handler com.android.wm.shell.transition.DefaultTransitionHandler@ebf4f24
09-03 21:16:56.091   797   856 V WindowManagerShell: start default transition animation, info = {id=33 t=CLOSE f=0x0 trk=0 r=[0@Point(0, 0)] c=[{null m=CLOSE f=TRANSLUCENT|FILLS_TASK leash=Surface(name=ActivityRecord{10121ac u0 com.google.android.gms/.auth.api.signin.ui.SignInActivity)/@0xdbae73b sb=Rect(0, 0 - 1080, 2400) eb=Rect(0, 0 - 1080, 2400) d=0}]}
09-03 21:16:56.092   797   856 V WindowManagerShell: loadAnimation: anim=null animAttr=0x7 type=CLOSE isEntrance=false
09-03 21:16:56.092   797   856 V WindowManagerShell: Transition animation finished (aborted=false), notifying core (#33)android.os.BinderProxy@d1b09ca@0
09-03 21:16:56.092   562   600 V WindowManager: Finish Transition #33: created at 09-03 21:16:56.081 collect-started=0.009ms request-sent=0.043ms started=4.608ms ready=6.565ms sent=8.118ms finished=10.761ms
09-03 21:16:56.092   797   856 V WindowManagerShell: Track 0 became idle
09-03 21:16:56.092   797   856 V WindowManagerShell: All active transition animations finished
09-03 21:16:56.092   797   856 V WindowManagerShell:  animated by com.android.wm.shell.transition.DefaultTransitionHandler@ebf4f24
09-03 21:16:56.093   797   856 V WindowManagerShell: Track 0 became idle
09-03 21:16:56.093   797   856 V WindowManagerShell: All active transition animations finished
09-03 21:16:56.093   797   856 V WindowManagerShell: Transition requested: android.os.BinderProxy@5c7f896 TransitionRequestInfo { type = CLOSE, triggerTask = null, remoteTransition = null, displayChange = null }
09-03 21:16:56.102   562   600 V WindowManager: Sent Transition #34 createdAt=09-03 21:16:56.090 via request=TransitionRequestInfo { type = CLOSE, triggerTask = null, remoteTransition = null, displayChange = null }
09-03 21:16:56.103   562   600 V WindowManager:     startWCT=WindowContainerTransaction { changes = {} hops = [] errorCallbackToken=null taskFragmentOrganizer=null }
09-03 21:16:56.103   562   647 I ImeTracker: com.habitring.app:301507a2: onRequestHide at ORIGIN_SERVER_HIDE_INPUT reason HIDE_UNSPECIFIED_WINDOW
09-03 21:16:56.103   562   600 V WindowManager:     info={id=34 t=CLOSE f=0x0 trk=1 r=[0@Point(0, 0)] c=[{null m=CLOSE f=TRANSLUCENT|FILLS_TASK leash=Surface(name=ActivityRecord{86d0fb9 u0 com.habitring.app/com.google.android.gms.auth.api.signin.internal.SignInHubActivity)/@0x9773c47 sb=Rect(0, 0 - 1080, 2400) eb=Rect(0, 0 - 1080, 2400) d=0}]}
09-03 21:16:56.103   562   647 I ImeTracker: com.habitring.app:301507a2: onCancelled at PHASE_SERVER_SHOULD_HIDE
09-03 21:16:56.104  1387  1387 I GoogleInputMethodService: GoogleInputMethodService.onFinishInput():3227 
09-03 21:16:56.104   797   856 V WindowManagerShell: onTransitionReady android.os.BinderProxy@5c7f896: {id=34 t=CLOSE f=0x0 trk=1 r=[0@Point(0, 0)] c=[{null m=CLOSE f=TRANSLUCENT|FILLS_TASK leash=Surface(name=ActivityRecord{86d0fb9 u0 com.habitring.app/com.google.android.gms.auth.api.signin.internal.SignInHubActivity)/@0xe4c685 sb=Rect(0, 0 - 1080, 2400) eb=Rect(0, 0 - 1080, 2400) d=0}]}
09-03 21:16:56.104   797   856 V WindowManagerShell: Playing animation for (#34)android.os.BinderProxy@5c7f896@1
09-03 21:16:56.104   797   856 V WindowManagerShell:  try handler com.android.wm.shell.transition.DefaultMixedHandler@3c43119
09-03 21:16:56.104   797   856 V WindowManagerShell:  try handler com.android.wm.shell.keyguard.KeyguardTransitionHandler@3d4b5de
09-03 21:16:56.105   797   856 V WindowManagerShell:  try handler com.android.wm.shell.activityembedding.ActivityEmbeddingController@8af43bf
09-03 21:16:56.105   797   856 V WindowManagerShell:  try handler com.android.wm.shell.recents.RecentsTransitionHandler@dfe3a8c
09-03 21:16:56.105   797   856 V ShellRecents: RecentsTransitionHandler.startAnimation: no controller found
09-03 21:16:56.105  5785  5785 W unknown:BridgelessReact: ReactHost{0}.onHostResume(activity)
09-03 21:16:56.105  5785  5785 W unknown:BridgelessReact: ReactHost{0}.ReactContext.onHostResume()
09-03 21:16:56.105   797   856 V WindowManagerShell:  try handler com.android.wm.shell.pip.PipTransition@f5dc5d5
09-03 21:16:56.105   797   856 V WindowManagerShell:  try handler com.android.wm.shell.splitscreen.StageCoordinator@4f251ea
09-03 21:16:56.105   797   856 V WindowManagerShell:  try handler com.android.wm.shell.transition.RemoteTransitionHandler@51e5cdb
09-03 21:16:56.105   797   856 V WindowManagerShell: Transition doesn't have explicit remote, search filters for match for {id=34 t=CLOSE f=0x0 trk=1 r=[0@Point(0, 0)] c=[{null m=CLOSE f=TRANSLUCENT|FILLS_TASK leash=Surface(name=ActivityRecord{86d0fb9 u0 com.habitring.app/com.google.android.gms.auth.api.signin.internal.SignInHubActivity)/@0xe4c685 sb=Rect(0, 0 - 1080, 2400) eb=Rect(0, 0 - 1080, 2400) d=0}]}
09-03 21:16:56.105   797   856 V WindowManagerShell:  Checking filter Pair{{types=[] flags=0x0] notFlags=0x0 checks=[{atype=dream independent=true modes=[OPEN,TO_FRONT] flags=NONE mustBeTask=false order=ANY topActivity=null},{atype=home independent=true modes=[CLOSE,TO_BACK] flags=NONE mustBeTask=false order=ANY topActivity=null}]} RemoteTransition { remoteTransition = android.window.IRemoteTransition$Stub$Proxy@be57b62, appThread = android.app.IApplicationThread$Stub$Proxy@c1994f3, debugName = LauncherToDream }}
09-03 21:16:56.105   797   856 V WindowManagerShell:  Checking filter Pair{{types=[] flags=0x0] notFlags=0x100 checks=[{atype=home independent=true modes=[OPEN,TO_FRONT] flags=NONE mustBeTask=false order=TOP topActivity=ComponentInfo{com.google.android.apps.nexuslauncher/com.google.android.apps.nexuslauncher.NexusLauncherActivity}},{atype=standard independent=true modes=[CLOSE,TO_BACK] flags=NONE mustBeTask=false order=ANY topActivity=null}]} RemoteTransition { remoteTransition = android.window.IRemoteTransition$Stub$Proxy@938a5b0, appThread = android.app.IApplicationThread$Stub$Proxy@5ba5c29, debugName = QuickstepLaunchHome }}
09-03 21:16:56.105   797   856 V WindowManagerShell:  Delegate animation for #34 to null
09-03 21:16:56.105   797   856 V WindowManagerShell:  try handler com.android.wm.shell.transition.DefaultTransitionHandler@ebf4f24
09-03 21:16:56.105   797   856 V WindowManagerShell: start default transition animation, info = {id=34 t=CLOSE f=0x0 trk=1 r=[0@Point(0, 0)] c=[{null m=CLOSE f=TRANSLUCENT|FILLS_TASK leash=Surface(name=ActivityRecord{86d0fb9 u0 com.habitring.app/com.google.android.gms.auth.api.signin.internal.SignInHubActivity)/@0xe4c685 sb=Rect(0, 0 - 1080, 2400) eb=Rect(0, 0 - 1080, 2400) d=0}]}
09-03 21:16:56.105   797   856 V WindowManagerShell: loadAnimation: anim=null animAttr=0x7 type=CLOSE isEntrance=false
09-03 21:16:56.106   797   856 V WindowManagerShell: Transition animation finished (aborted=false), notifying core (#34)android.os.BinderProxy@5c7f896@1
09-03 21:16:56.107  1387  1387 I GoogleInputMethodService: GoogleInputMethodService.updateDeviceLockedStatus():2087 repeatCheckTimes = 0, unlocked = true
09-03 21:16:56.107  1387  1387 I GoogleInputMethodService: GoogleInputMethodService.onStartInput():1877 onStartInput(EditorInfo{inputType=0x0(NULL) imeOptions=0x0 privateImeOptions=null actionName=UNSPECIFIED actionLabel=null actionId=0 initialSelStart=-1 initialSelEnd=-1 initialCapsMode=0x0 hintText=null label=null packageName=com.habitring.app fieldId=0 fieldName=null extras=null}, false)
09-03 21:16:56.107  1387  1387 I GoogleInputMethodService: GoogleInputMethodService.shouldHideHeaderOnInitialState():4008 ShouldHideHeaderOnInitialState = false
09-03 21:16:56.107  1387  1387 I GoogleInputMethodService: GoogleInputMethodService.updateDeviceLockedStatus():2087 repeatCheckTimes = 2, unlocked = true
09-03 21:16:56.108   562   600 V WindowManager: Finish Transition #34: created at 09-03 21:16:56.090 collect-started=0.006ms request-sent=0.055ms started=2.802ms ready=11.71ms sent=12.442ms finished=17.877ms
09-03 21:16:56.108   797   856 V WindowManagerShell: Track 1 became idle
09-03 21:16:56.108   797   856 V WindowManagerShell: All active transition animations finished
09-03 21:16:56.108   797   856 V WindowManagerShell:  animated by com.android.wm.shell.transition.DefaultTransitionHandler@ebf4f24
09-03 21:16:56.108   797   856 V WindowManagerShell: Track 1 became idle
09-03 21:16:56.108   797   856 V WindowManagerShell: All active transition animations finished
09-03 21:16:56.115  4072  4072 W WindowOnBackDispatcher: sendCancelIfRunning: isInProgress=falsecallback=android.view.ViewRootImpl$$ExternalSyntheticLambda17@2231d98
09-03 21:16:56.116   562   597 D CoreBackPreview: Window{f664ddc u0 com.google.android.gms/com.google.android.gms.auth.api.signin.ui.SignInActivity}: Setting back callback null
09-03 21:16:56.117   562   597 W InputManager-JNI: Input channel object 'f664ddc com.google.android.gms/com.google.android.gms.auth.api.signin.ui.SignInActivity (client)' was disposed without first being removed with the input manager!
09-03 21:16:56.118  4072  4072 D MainContentCaptureSession: Destroying session (ctx=com.google.android.gms.auth.api.signin.ui.SignInActivity@f81bf11, id=1815835821) with 0 event(s) for act:com.google.android.gms/.auth.api.signin.ui.SignInActivity [state=2 (ACTIVE), disabled=false]
09-03 21:16:56.119  5785  5785 W WindowOnBackDispatcher: sendCancelIfRunning: isInProgress=falsecallback=android.app.Activity$$ExternalSyntheticLambda0@e3a2986
09-03 21:16:56.120   562   597 D CoreBackPreview: Window{287467b u0 com.habitring.app/com.google.android.gms.auth.api.signin.internal.SignInHubActivity}: Setting back callback null
09-03 21:16:56.120   562   597 W InputManager-JNI: Input channel object '287467b com.habitring.app/com.google.android.gms.auth.api.signin.internal.SignInHubActivity (client)' was disposed without first being removed with the input manager!
09-03 21:16:56.121   562  1888 I ImeTracker: com.habitring.app:879c793c: onRequestHide at ORIGIN_SERVER_HIDE_INPUT reason HIDE_UNSPECIFIED_WINDOW
09-03 21:16:56.121   562  1888 I ImeTracker: com.habitring.app:879c793c: onCancelled at PHASE_SERVER_SHOULD_HIDE
09-03 21:16:56.122  1387  1387 I GoogleInputMethodService: GoogleInputMethodService.onFinishInput():3227 
09-03 21:16:56.122  1387  1387 I GoogleInputMethodService: GoogleInputMethodService.updateDeviceLockedStatus():2087 repeatCheckTimes = 0, unlocked = true
09-03 21:16:56.122  1387  1387 I GoogleInputMethodService: GoogleInputMethodService.onStartInput():1877 onStartInput(EditorInfo{inputType=0x0(NULL) imeOptions=0x0 privateImeOptions=null actionName=UNSPECIFIED actionLabel=null actionId=0 initialSelStart=-1 initialSelEnd=-1 initialCapsMode=0x0 hintText=null label=null packageName=com.habitring.app fieldId=0 fieldName=null extras=null}, false)
09-03 21:16:56.122  1387  1387 I GoogleInputMethodService: GoogleInputMethodService.shouldHideHeaderOnInitialState():4008 ShouldHideHeaderOnInitialState = false
09-03 21:16:56.123  1387  1387 I GoogleInputMethodService: GoogleInputMethodService.updateDeviceLockedStatus():2087 repeatCheckTimes = 2, unlocked = true
09-03 21:16:56.125  5785  5955 I WebViewFactory: Loading com.google.android.webview version 113.0.5672.136 (code 567263637)
09-03 21:16:56.125  5785  5955 W ziparchive: Unable to open '/data/app/~~lJT6xFvhVEzrV86d1IeyWQ==/com.google.android.trichromelibrary_567263637-CBAlr-refrIwq5JW_vQR9Q==/TrichromeLibrary.dm': No such file or directory
09-03 21:16:56.125  5785  5955 W ziparchive: Unable to open '/data/app/~~lJT6xFvhVEzrV86d1IeyWQ==/com.google.android.trichromelibrary_567263637-CBAlr-refrIwq5JW_vQR9Q==/TrichromeLibrary.dm': No such file or directory
09-03 21:16:56.125  5785  5955 W m.habitring.app: Entry not found
09-03 21:16:56.125  5785  5955 D nativeloader: Configuring clns-7 for other apk /data/app/~~lJT6xFvhVEzrV86d1IeyWQ==/com.google.android.trichromelibrary_567263637-CBAlr-refrIwq5JW_vQR9Q==/TrichromeLibrary.apk. target_sdk_version=34, uses_libraries=ALL, library_path=/data/app/~~KzyQroRyF5fyaWBkBlGgbw==/com.google.android.webview-fktmkhUwdraDd59w1rjXew==/lib/x86_64:/data/app/~~KzyQroRyF5fyaWBkBlGgbw==/com.google.android.webview-fktmkhUwdraDd59w1rjXew==/WebViewGoogle.apk!/lib/x86_64:/data/app/~~lJT6xFvhVEzrV86d1IeyWQ==/com.google.android.trichromelibrary_567263637-CBAlr-refrIwq5JW_vQR9Q==/TrichromeLibrary.apk!/lib/x86_64, permitted_path=/data:/mnt/expand
09-03 21:16:56.126  5785  5955 D nativeloader: Configuring clns-8 for other apk /data/app/~~KzyQroRyF5fyaWBkBlGgbw==/com.google.android.webview-fktmkhUwdraDd59w1rjXew==/WebViewGoogle.apk. target_sdk_version=34, uses_libraries=, library_path=/data/app/~~KzyQroRyF5fyaWBkBlGgbw==/com.google.android.webview-fktmkhUwdraDd59w1rjXew==/lib/x86_64:/data/app/~~KzyQroRyF5fyaWBkBlGgbw==/com.google.android.webview-fktmkhUwdraDd59w1rjXew==/WebViewGoogle.apk!/lib/x86_64:/data/app/~~lJT6xFvhVEzrV86d1IeyWQ==/com.google.android.trichromelibrary_567263637-CBAlr-refrIwq5JW_vQR9Q==/TrichromeLibrary.apk!/lib/x86_64, permitted_path=/data:/mnt/expand
09-03 21:16:56.137  5785  5955 I cr_WVCFactoryProvider: Loaded version=113.0.5672.136 minSdkVersion=29 isBundle=false multiprocess=true packageId=2
09-03 21:16:56.140  5785  5960 I cr_VariationsUtils: Failed reading seed file "/data/user/0/com.habitring.app/app_webview/variations_seed_new"
09-03 21:16:56.140  5785  5960 I cr_VariationsUtils: Failed reading seed file "/data/user/0/com.habitring.app/app_webview/variations_seed"
09-03 21:16:56.140  5785  5960 I cr_VariationsUtils: Requesting new seed from IVariationsSeedServer
09-03 21:16:56.141   562  1888 D ActivityManager: sync unfroze 5595 com.google.android.webview:webview_service for 6
09-03 21:16:56.143  5785  5955 I cr_LibraryLoader: Successfully loaded native library
09-03 21:16:56.143  5785  5955 I cr_CachingUmaRecorder: Flushed 8 samples from 8 histograms.
09-03 21:16:56.148   367  5965 I resolv  : GetAddrInfoHandler::run: {101 101 101 983141 10194 0}
09-03 21:16:56.149   797   890 D EGL_emulation: app_time_stats: avg=28734.00ms min=28734.00ms max=28734.00ms count=1
09-03 21:16:56.149   367  5966 I resolv  : res_nmkquery: (QUERY, IN, AAAA)
09-03 21:16:56.150   367  5967 I resolv  : res_nmkquery: (QUERY, IN, A)
09-03 21:16:56.151  5595  5621 I cr_VariationsUtils: Seed download job already scheduled
09-03 21:16:56.184   797   890 D EGL_emulation: app_time_stats: avg=1631.91ms min=13.66ms max=28852.39ms count=18
09-03 21:16:56.535   367  5966 I resolv  : res_nsend: used send_dg 117 terrno: 0
09-03 21:16:56.535   367  5967 I resolv  : res_nsend: used send_dg 82 terrno: 0
09-03 21:16:56.535   367  5967 I resolv  : doQuery: rcode=0, ancount=2, return value=82
09-03 21:16:56.535   367  5966 I resolv  : doQuery: rcode=0, ancount=0, return value=117
09-03 21:16:56.536  5785  5955 D TrafficStats: tagSocket(104) with statsTag=0xffffffff, statsUid=-1
09-03 21:16:56.600  5785  5817 D EGL_emulation: app_time_stats: avg=16.51ms min=13.33ms max=19.53ms count=60
09-03 21:16:56.897   797   797 D StatusBarIconController: ignoring old pipeline callback because the new wifi icon is enabled
09-03 21:16:57.174   373  3690 D android.hardware.audio@7.1-impl.ranchu: threadLoop: entering standby, frames: 1419840
09-03 21:16:57.197   797   890 D EGL_emulation: app_time_stats: avg=15.30ms min=11.94ms max=18.97ms count=61
09-03 21:16:57.359   781   781 I wpa_supplicant: wlan0: CTRL-EVENT-BEACON-LOSS 
09-03 21:16:57.417   797   797 D StatusBarIconController: ignoring old pipeline callbacks, because the new mobile icons are enabled
09-03 21:16:57.616  5785  5817 D EGL_emulation: app_time_stats: avg=16.45ms min=13.75ms max=18.85ms count=61
09-03 21:16:58.617  5785  5817 D EGL_emulation: app_time_stats: avg=16.50ms min=13.92ms max=18.91ms count=60
09-03 21:16:59.178   562   597 D OomAdjuster: Not killing cached processes
09-03 21:16:59.259  5785  5785 D CompatibilityChangeReporter: Compat change id reported: 171228096; UID 10194; state: ENABLED
09-03 21:16:59.618  5785  5817 D EGL_emulation: app_time_stats: avg=16.52ms min=14.14ms max=18.89ms count=60
09-03 21:16:59.625   562  1528 E TaskPersister: File error accessing recents directory (directory doesn't exist?).
09-03 21:16:59.680   562   597 D CoreBackPreview: Window{8250b67 u0 com.habitring.app/com.habitring.app.MainActivity}: Setting back callback OnBackInvokedCallbackInfo{mCallback=android.window.IOnBackInvokedCallback$Stub$Proxy@68b34b9, mPriority=-1, mIsAnimationCallback=false}
09-03 21:16:59.695  1572  1572 E A       : disposing SearchServiceClient after timeout []
09-03 21:16:59.697  5785  5817 E OpenGLRenderer: Unable to match the desired swap behavior.
09-03 21:16:59.764   797   890 D EGL_emulation: app_time_stats: avg=360.63ms min=13.05ms max=3465.22ms count=10
09-03 21:17:00.035   797   890 D EGL_emulation: app_time_stats: avg=67.46ms min=11.02ms max=2166.62ms count=41
09-03 21:17:00.036  1467  1891 I AiAiEcho: Predicting[0]: 
09-03 21:17:00.036  1467  1891 I AiAiEcho: EchoTargets: 
09-03 21:17:00.036  1467  1891 I AiAiEcho: Filtered by AiAi flag check: 
09-03 21:17:00.036  1467  1891 I AiAiEcho: Ranked targets strategy: SORT, count: 0, ranking metadata: 
09-03 21:17:00.036  1467  1891 I AiAiEcho: #postPredictionTargets: Sending updates to UISurface lockscreen with targets# 0 (types=[])
09-03 21:17:00.046   797   797 W PageIndicator: Total number of pages invalid: 0. Assuming 1 page.
09-03 21:17:00.181   797   812 I ndroid.systemui: Background young concurrent copying GC freed 476025(21MB) AllocSpace objects, 0(0B) LOS objects, 5% free, 28MB/30MB, paused 26us,35us total 1.150s
09-03 21:17:01.047   797   890 D EGL_emulation: app_time_stats: avg=16.07ms min=11.97ms max=33.34ms count=59
09-03 21:17:01.265  5785  5817 D EGL_emulation: app_time_stats: avg=114.91ms min=0.46ms max=1349.17ms count=12
09-03 21:17:02.216  5983  5983 W BpBinder: Linking to death on android.gui.ISurfaceComposer but there are no threads (yet?) listening to incoming transactions. See ProcessState::startThreadPool and ProcessState::setThreadPoolMaxThreadCount. Generally you should setup the binder threadpool before other initialization steps.
09-03 21:17:02.216  5983  5983 W ProcessState: Extra binder thread started, but 0 threads requested. Do not use *startThreadPool when zero threads are requested.
09-03 21:17:02.230   170   170 I hwservicemanager: getTransport: Cannot find entry android.hardware.graphics.mapper@4.0::IMapper/default in either framework or device VINTF manifest.
09-03 21:17:02.230  5983  5984 I Gralloc4: mapper 4.x is not supported
--------- beginning of kernel
09-03 16:44:00.797     0     0 I servicemanager: Could not find android.hardware.graphics.allocator.IAllocator/default in the VINTF manifest.
09-03 21:17:02.386  5985  5985 D AndroidRuntime: >>>>>> START com.android.internal.os.RuntimeInit uid 2000 <<<<<<
09-03 21:17:02.389  5985  5985 I AndroidRuntime: Using default boot image
09-03 21:17:02.389  5985  5985 I AndroidRuntime: Leaving lock profiling enabled
09-03 21:17:02.390  5985  5985 I app_process: Core platform API reporting enabled, enforcing=false
09-03 21:17:02.390  5985  5985 I app_process: Using CollectorTypeCC GC.
09-03 21:17:02.424  5985  5985 D nativeloader: InitDefaultPublicLibraries for_preload=1: libandroid.so:libaaudio.so:libamidi.so:libbinder_ndk.so:libc.so:libcamera2ndk.so:libdl.so:libEGL.so:libGLESv1_CM.so:libGLESv2.so:libGLESv3.so:libicu.so:libicui18n.so:libicuuc.so:libjnigraphics.so:liblog.so:libmediandk.so:libm.so:libnativehelper.so:libnativewindow.so:libOpenMAXAL.so:libOpenSLES.so:libRS.so:libstdc++.so:libsync.so:libvulkan.so:libwebviewchromium_plat_support.so:libz.so
09-03 21:17:02.430  5985  5985 D app_process: Time zone APEX ICU file found: /apex/com.android.tzdata/etc/icu/icu_tzdata.dat
09-03 21:17:02.431  5985  5985 D app_process: I18n APEX ICU file found: /apex/com.android.i18n/etc/icu/icudt72l.dat
09-03 21:17:02.433  5985  5985 W app_process: Unexpected CPU variant for x86: x86_64.
09-03 21:17:02.433  5985  5985 W app_process: Known variants: atom, sandybridge, silvermont, goldmont, goldmont-plus, tremont, kabylake, default
09-03 21:17:02.434  5985  5985 W app_process: ClassLoaderContext shared library size mismatch. Expected=2, found=0 (PCL[]{PCL[/system/framework/android.test.base.jar*836642756]#PCL[/system/framework/android.test.mock.jar*3186112116]} | PCL[])
09-03 21:17:02.435  5985  5985 W app_process: ClassLoaderContext classpath size mismatch. expected=0, found=1 (PCL[]{PCL[/system/framework/android.test.runner.jar*4168958247]{PCL[/system/framework/android.test.base.jar*836642756]#PCL[/system/framework/android.test.mock.jar*3186112116]}#PCL[/system/framework/android.test.base.jar*836642756]} | PCL[/system/framework/android.test.runner.jar*4168958247])
09-03 21:17:02.442  5985  5985 W libc    : Access denied finding property "ro.product.name_for_attestation"
09-03 21:17:02.442  5985  5985 W libc    : Access denied finding property "ro.product.brand_for_attestation"
09-03 21:17:02.442  5985  5985 W libc    : Access denied finding property "ro.product.model_for_attestation"
09-03 21:17:02.443  5985  5985 D AndroidRuntime: Calling main entry com.android.commands.uiautomator.Launcher
09-03 21:17:02.438  5985  5985 W main    : type=1400 audit(0.0:80): avc:  denied  { read } for  name="u:object_r:build_attestation_prop:s0" dev="tmpfs" ino=86 scontext=u:r:shell:s0 tcontext=u:object_r:build_attestation_prop:s0 tclass=file permissive=0
09-03 21:17:02.438  5985  5985 W main    : type=1400 audit(0.0:81): avc:  denied  { read } for  name="u:object_r:build_attestation_prop:s0" dev="tmpfs" ino=86 scontext=u:r:shell:s0 tcontext=u:object_r:build_attestation_prop:s0 tclass=file permissive=0
09-03 21:17:02.445  5985  5985 D UiAutomationConnection: Created on user UserHandle{0}
09-03 21:17:02.445  5985  5985 I UiAutomation: Initialized for user 0 on display 0
09-03 21:17:02.445  5985  5985 W UiAutomation: Created with deprecatead constructor, assumes DEFAULT_DISPLAY
09-03 21:17:02.446   562   597 D AccessibilityManagerService: changeCurrentUserForTestAutomationIfNeededLocked(0): ignoring because device doesn't support visible background users
09-03 21:17:02.446   562   597 I UiAutomationManager: Registering UiTestAutomationService (id=com.android.server.accessibility/UiAutomation) when called by user 0
09-03 21:17:02.438  5985  5985 W main    : type=1400 audit(0.0:82): avc:  denied  { read } for  name="u:object_r:build_attestation_prop:s0" dev="tmpfs" ino=86 scontext=u:r:shell:s0 tcontext=u:object_r:build_attestation_prop:s0 tclass=file permissive=0
09-03 21:17:02.447   562   597 W WindowMagnificationMgr: requestConnection duplicated request: connect=false, mConnectionState=DISCONNECTED
09-03 21:17:02.447  1467  4556 I AiAiEcho: Settings changed for uri: content://settings/secure/accessibility_enabled
09-03 21:17:02.448  5985  6001 V UiAutomation: Init UiAutomation@561ca5[id=13, displayId=0, flags=0]
09-03 21:17:02.448  1467  1891 I AiAiEcho: Predicting[0]: 
09-03 21:17:02.448  1467  1891 I AiAiEcho: EchoTargets: 
09-03 21:17:02.448  1467  1891 I AiAiEcho: Filtered by AiAi flag check: 
09-03 21:17:02.448  1467  1891 I AiAiEcho: Ranked targets strategy: SORT, count: 0, ranking metadata: 
09-03 21:17:02.448  1467  1891 I AiAiEcho: Predicting[0]: 
09-03 21:17:02.448  1467  1891 I AiAiEcho: EchoTargets: 
09-03 21:17:02.448  1467  1891 I AiAiEcho: Filtered by AiAi flag check: 
09-03 21:17:02.448  1467  1891 I AiAiEcho: Ranked targets strategy: SORT, count: 0, ranking metadata: 
09-03 21:17:02.448  1467  1891 I AiAiEcho: Predicting[0]: 
09-03 21:17:02.448  1467  1891 I AiAiEcho: EchoTargets: 
09-03 21:17:02.448  1467  1891 I AiAiEcho: Filtered by AiAi flag check: 
09-03 21:17:02.448  1467  1891 I AiAiEcho: Ranked targets strategy: SORT, count: 0, ranking metadata: 
09-03 21:17:02.448  1467  1891 I AiAiEcho: #postPredictionTargets: Sending updates to UISurface home with targets# 0 (types=[])
09-03 21:17:02.448  1467  1891 I AiAiEcho: #postPredictionTargets: Sending updates to UISurface media_data_manager with targets# 0 (types=[])
09-03 21:17:02.448  1467  1891 I AiAiEcho: #postPredictionTargets: Sending updates to UISurface lockscreen with targets# 0 (types=[])
09-03 21:17:02.448   562   597 W WindowMagnificationMgr: requestConnection duplicated request: connect=false, mConnectionState=DISCONNECTED
09-03 21:17:02.449  1467  4556 I AiAiEcho: Settings changed for uri: content://settings/secure/accessibility_enabled
09-03 21:17:02.450  1467  1891 I AiAiEcho: Predicting[0]: 
09-03 21:17:02.450  1467  1891 I AiAiEcho: EchoTargets: 
09-03 21:17:02.450  1467  1891 I AiAiEcho: Filtered by AiAi flag check: 
09-03 21:17:02.450  1467  1891 I AiAiEcho: Ranked targets strategy: SORT, count: 0, ranking metadata: 
09-03 21:17:02.450  1572  1931 I A       : NGA disabled since it's running Panthera and at least one a11y feature is on.
09-03 21:17:02.450  1572  1931 I A       : Nga state changed to NgaStateDetails{state=DISABLED, isSpecialExperience=false}
09-03 21:17:02.450  1467  1891 I AiAiEcho: Predicting[0]: 
09-03 21:17:02.450  1467  1891 I AiAiEcho: EchoTargets: 
09-03 21:17:02.450  1467  1891 I AiAiEcho: Filtered by AiAi flag check: 
09-03 21:17:02.450  1467  1891 I AiAiEcho: Ranked targets strategy: SORT, count: 0, ranking metadata: 
09-03 21:17:02.450  1467  1891 I AiAiEcho: Predicting[0]: 
09-03 21:17:02.450  1467  1891 I AiAiEcho: EchoTargets: 
09-03 21:17:02.450  1467  1891 I AiAiEcho: Filtered by AiAi flag check: 
09-03 21:17:02.450  1467  1891 I AiAiEcho: Ranked targets strategy: SORT, count: 0, ranking metadata: 
09-03 21:17:02.450   562   562 D BatterySaverPolicy: accessibility changed to true, updating policy.
09-03 21:17:02.450  1572  5657 I Search.LoginHelperImpl: Successfully received auth token for scope: oauth2:https://www.googleapis.com/auth/googlenow in time 0 ms
09-03 21:17:02.450  1467  1891 I AiAiEcho: #postPredictionTargets: Sending updates to UISurface home with targets# 0 (types=[])
09-03 21:17:02.451  1467  1891 I AiAiEcho: #postPredictionTargets: Sending updates to UISurface media_data_manager with targets# 0 (types=[])
09-03 21:17:02.451  1467  1891 I AiAiEcho: #postPredictionTargets: Sending updates to UISurface lockscreen with targets# 0 (types=[])
09-03 21:17:02.451  1486  1512 I A       : APA or Classic session decision: SessionDecision(sessionVariance=CLASSIC, platformVariance=CLASSIC, justification=CURRENT_PLATFORM_VARIANCE).
09-03 21:17:02.451  1486  1512 I A       : [Memory] eligibility: StashEligibility{4}
09-03 21:17:02.452  1486  2093 I A       : Unsubscribed to apa or classic variant change.
09-03 21:17:02.464   797   797 D SsMediaDataProvider: Forwarding Smartspace updates []
09-03 21:17:02.464   797   797 W PageIndicator: Total number of pages invalid: 0. Assuming 1 page.
09-03 21:17:02.465   797   797 D SsMediaDataProvider: Forwarding Smartspace updates []
09-03 21:17:02.465   797   797 W PageIndicator: Total number of pages invalid: 0. Assuming 1 page.
09-03 21:17:02.899   797   797 D StatusBarIconController: ignoring old pipeline callback because the new wifi icon is enabled
09-03 21:17:03.454  1438  1854 W MediaProvider: isAppCloneUserPair for user 0: false
09-03 21:17:03.459  5985  5985 W AccessibilityNodeInfoDumper: Fetch time: 7ms
09-03 21:17:03.461   562   597 W WindowMagnificationMgr: requestConnection duplicated request: connect=false, mConnectionState=DISCONNECTED
09-03 21:17:03.461   562   597 D AccessibilityManagerService: restoreCurrentUserForTestAutomationIfNeededLocked(): ignoring because device doesn't support visible background users
09-03 21:17:03.462  1467  3402 I AiAiEcho: Settings changed for uri: content://settings/secure/accessibility_enabled
09-03 21:17:03.462  5985  5985 D AndroidRuntime: Shutting down VM
09-03 21:17:03.463  1467  1891 I AiAiEcho: Predicting[0]: 
09-03 21:17:03.463  1572  1916 I A       : NGA enabled in interactor.
09-03 21:17:03.463  1572  1916 I A       : Nga state changed to NgaStateDetails{state=ENABLED, isSpecialExperience=false}
09-03 21:17:03.463  1467  1891 I AiAiEcho: EchoTargets: 
09-03 21:17:03.463  1467  1891 I AiAiEcho: Filtered by AiAi flag check: 
09-03 21:17:03.463  1572  5657 I Search.LoginHelperImpl: Successfully received auth token for scope: oauth2:https://www.googleapis.com/auth/googlenow in time 0 ms
09-03 21:17:03.463  1467  1891 I AiAiEcho: Ranked targets strategy: SORT, count: 0, ranking metadata: 
09-03 21:17:03.464  1467  1891 I AiAiEcho: Predicting[0]: 
09-03 21:17:03.464  1467  1891 I AiAiEcho: EchoTargets: 
09-03 21:17:03.464  1467  1891 I AiAiEcho: Filtered by AiAi flag check: 
09-03 21:17:03.464  1467  1891 I AiAiEcho: Ranked targets strategy: SORT, count: 0, ranking metadata: 
09-03 21:17:03.464  1467  1891 I AiAiEcho: Predicting[0]: 
09-03 21:17:03.464  1467  1891 I AiAiEcho: EchoTargets: 
09-03 21:17:03.464  1467  1891 I AiAiEcho: Filtered by AiAi flag check: 
09-03 21:17:03.464  1467  1891 I AiAiEcho: Ranked targets strategy: SORT, count: 0, ranking metadata: 
09-03 21:17:03.464  1467  1891 I AiAiEcho: #postPredictionTargets: Sending updates to UISurface home with targets# 0 (types=[])
09-03 21:17:03.464  1486  1512 I A       : Initializing all components
09-03 21:17:03.464  1486  1512 I A       : APA or Classic session decision: SessionDecision(sessionVariance=CLASSIC, platformVariance=CLASSIC, justification=CURRENT_PLATFORM_VARIANCE).
09-03 21:17:03.464  1486  1512 I A       : [Memory] eligibility: StashEligibility{3}
09-03 21:17:03.464  1486  2092 I A       : onIsEnabledChanged, isEnabled: false
09-03 21:17:03.464  1467  1891 I AiAiEcho: #postPredictionTargets: Sending updates to UISurface media_data_manager with targets# 0 (types=[])
09-03 21:17:03.464  1486  2092 W A       : Disposing empty manager. Did you forgot to subscribe observables?
09-03 21:17:03.464  1486  2092 W A       : Disposing empty manager. Did you forgot to subscribe observables?
09-03 21:17:03.464  1486  2092 W A       : Disposing empty manager. Did you forgot to subscribe observables?
09-03 21:17:03.464  1486  2092 W A       : Disposing empty manager. Did you forgot to subscribe observables?
09-03 21:17:03.465  1486  2092 W A       : Disposing empty manager. Did you forgot to subscribe observables?
09-03 21:17:03.465  1486  2092 W A       : Disposing empty manager. Did you forgot to subscribe observables?
09-03 21:17:03.465  1467  1891 I AiAiEcho: #postPredictionTargets: Sending updates to UISurface lockscreen with targets# 0 (types=[])
09-03 21:17:03.465  1486  2092 W A       : Disposing empty manager. Did you forgot to subscribe observables?
09-03 21:17:03.465  1486  2092 W A       : Disposing empty manager. Did you forgot to subscribe observables?
09-03 21:17:03.465  1486  2092 W A       : Disposing empty manager. Did you forgot to subscribe observables?
09-03 21:17:03.465  1486  2092 W A       : Disposing empty manager. Did you forgot to subscribe observables?
09-03 21:17:03.465  1486  2092 I A       : onOpaVisibilityChanged: false
09-03 21:17:03.465  1486  2092 W A       : Disposing empty manager. Did you forgot to subscribe observables?
09-03 21:17:03.465  1486  2092 W A       : Disposing empty manager. Did you forgot to subscribe observables?
09-03 21:17:03.465  1486  2092 W A       : Disposing empty manager. Did you forgot to subscribe observables?
09-03 21:17:03.465  1486  2092 W A       : Disposing empty manager. Did you forgot to subscribe observables?
09-03 21:17:03.466  1486  2092 W A       : Disposing empty manager. Did you forgot to subscribe observables?
09-03 21:17:03.466  1486  2092 W A       : Disposing empty manager. Did you forgot to subscribe observables?
09-03 21:17:03.466  1486  2092 I A       : Setting session to type: NO_SESSION
09-03 21:17:03.466  1486  2092 W A       : Disposing empty manager. Did you forgot to subscribe observables?
09-03 21:17:03.466  1486  2092 W A       : Disposing empty manager. Did you forgot to subscribe observables?
09-03 21:17:03.466  1486  2092 W A       : Disposing empty manager. Did you forgot to subscribe observables?
09-03 21:17:03.466  1486  2092 W A       : Disposing empty manager. Did you forgot to subscribe observables?
09-03 21:17:03.466  1486  2092 W A       : Disposing empty manager. Did you forgot to subscribe observables?
09-03 21:17:03.466   562   562 D BatterySaverPolicy: accessibility changed to false, updating policy.
09-03 21:17:03.466  1486  2092 W A       : Disposing empty manager. Did you forgot to subscribe observables?
09-03 21:17:03.466  1486  2092 W A       : Disposing empty manager. Did you forgot to subscribe observables?
09-03 21:17:03.466  1486  2092 W A       : Disposing empty manager. Did you forgot to subscribe observables?
09-03 21:17:03.466  1486  2093 I A       : State changed: IDLE => IDLE by NGA_STATE_CHANGED and N/A with Optional.empty
09-03 21:17:03.466  1486  2092 I A       : setNavBarVisible: GestureNavBarVisible{navbarVisible=true}
09-03 21:17:03.466  1486  2092 W A       : Disposing empty manager. Did you forgot to subscribe observables?
09-03 21:17:03.466  1486  2092 W A       : Disposing empty manager. Did you forgot to subscribe observables?
09-03 21:17:03.467  1572  5586 I A       : Using proto config with mendel
09-03 21:17:03.466  1486  2092 W A       : Disposing empty manager. Did you forgot to subscribe observables?
09-03 21:17:03.466  1486  2092 W A       : Disposing empty manager. Did you forgot to subscribe observables?
09-03 21:17:03.466  1486  2092 W A       : Disposing empty manager. Did you forgot to subscribe observables?
09-03 21:17:03.466  1486  2092 W A       : Disposing empty manager. Did you forgot to subscribe observables?
09-03 21:17:03.467  1572  5586 I A       : Using proto config with mendel
09-03 21:17:03.466  1486  2092 I A       : onDisabled. Registered: false
09-03 21:17:03.467  1486  2093 I A       : Recognizer choice: (recognizer_type: 1, recognizer_mode: 1, choice_reason: 4)
09-03 21:17:03.467  1572  5586 I A       : Using proto config with mendel
09-03 21:17:03.467  1572  5586 I A       : Merging legacy hotword config map with new proto.
09-03 21:17:03.467  1572  5586 I A       : Adding from config to map. Locale: cmn-Hant-TW modelPrefix: x_google Location:4e7cae00daee30ec565c34e3aa67a51f isSpeakerIdSupported: true
09-03 21:17:03.467  1572  5586 I A       : Adding from config to map. Locale: id-ID modelPrefix: x_google Location:cfffcc1a4c1c084c003c8eb27f73d770 isSpeakerIdSupported: true
09-03 21:17:03.467  1572  5586 I A       : Adding from config to map. Locale: ko-KR modelPrefix: x_google Location:0b132163a2eb2c1194b202067475724b isSpeakerIdSupported: true
09-03 21:17:03.467  1572  5586 I A       : Skipping. Expected model: 2 Found: 1
09-03 21:17:03.467  1572  5586 I A       : Adding from config to map. Locale: zh-TW modelPrefix: x_google Location:4e7cae00daee30ec565c34e3aa67a51f isSpeakerIdSupported: true
09-03 21:17:03.467  1486  2093 I A       : onActiveStateChangeEvent: IDLE => IDLE
09-03 21:17:03.469  1486  2093 I A       : #onActiveStateChangeEvent, newState: IDLE, previousState: IDLE.
09-03 21:17:03.469   797   797 D SsMediaDataProvider: Forwarding Smartspace updates []
09-03 21:17:03.469   797   797 W PageIndicator: Total number of pages invalid: 0. Assuming 1 page.
09-03 21:17:03.469  1486  2092 I A       : Initialize
09-03 21:17:03.469  1486  2092 I A       : on opa visibility changed false
09-03 21:17:03.469  1486  2092 I A       : stopListening(NGA_PAUSED_UNKNOWN_REASON, NGA_CREATE), idleOverride=NOT_LISTENING
09-03 21:17:03.470  1486  1486 E GsaVoiceSerConnection: gsaVis null binding
09-03 21:17:03.470  1486  2093 I NgaEntryPointEventSendr: setupConnection
09-03 21:17:03.472  1486  2092 I A       : Successfully initialized all components
09-03 21:17:03.473  1486  2093 I NgaEntryPointEventSendr: State changed: Disconnected => Connecting
09-03 21:17:03.485  1351  6003 I NetworkScheduler.Stats: Task com.google.android.gms/com.google.android.gms.ipa.base.IpaGcmTaskService started execution. cause:9 exec_start_elapsed_seconds: 570 [CONTEXT service_id=218 ]
09-03 21:17:03.486  1572  1572 I A       : Creating pss binder().
09-03 21:17:03.486  1486  2093 I A       : on opa visibility changed false
09-03 21:17:03.487  1486  2093 I NgaEntryPointEventSendr: onServiceConnected
09-03 21:17:03.487  1572  1660 I A       : Calling beginBinderSession().
09-03 21:17:03.488  1572  1660 I A       : beginBinderSession(): calling binder
09-03 21:17:03.488  1486  2093 I NgaEntryPointEventSendr: State changed: Connecting => Ready
09-03 21:17:03.488  1351  5869 I NetworkScheduler.Stats: Task com.google.android.gms/com.google.android.gms.ipa.base.IpaGcmTaskService finished executing. cause:9 result: 1 elapsed_millis: 11 uptime_millis: 11 exec_start_elapsed_seconds: 570 [CONTEXT service_id=218 ]
09-03 21:17:03.494  1572  1963 W CorpusConfigHelper: Invalid input from icing corpus JSON flag.
09-03 21:17:03.494  1572  1963 W CorpusConfigHelper: android.util.MalformedJsonException: Use JsonReader.setLenient(true) to accept malformed JSON at line 123 column 2
09-03 21:17:03.494  1572  1963 W CorpusConfigHelper: 	at android.util.JsonReader.syntaxError(JsonReader.java:1162)
09-03 21:17:03.494  1572  1963 W CorpusConfigHelper: 	at android.util.JsonReader.checkLenient(JsonReader.java:840)
09-03 21:17:03.494  1572  1963 W CorpusConfigHelper: 	at android.util.JsonReader.nextInArray(JsonReader.java:615)
09-03 21:17:03.494  1572  1963 W CorpusConfigHelper: 	at android.util.JsonReader.peek(JsonReader.java:345)
09-03 21:17:03.494  1572  1963 W CorpusConfigHelper: 	at android.util.JsonReader.hasNext(JsonReader.java:321)
09-03 21:17:03.494  1572  1963 W CorpusConfigHelper: 	at com.google.android.apps.gsa.searchbox.c.b.b.k.c(PG:7)
09-03 21:17:03.494  1572  1963 W CorpusConfigHelper: 	at com.google.android.apps.gsa.searchbox.c.b.b.k.<init>(PG:5)
09-03 21:17:03.494  1572  1963 W CorpusConfigHelper: 	at com.google.android.apps.gsa.staticplugins.searchboxroot.features.n.a.c.<init>(PG:16)
09-03 21:17:03.494  1572  1963 W CorpusConfigHelper: 	at com.google.android.apps.gsa.staticplugins.searchboxroot.b.a(PG:14)
09-03 21:17:03.494  1572  1963 W CorpusConfigHelper: 	at com.google.android.apps.gsa.staticplugins.searchboxroot.x.<init>(PG:7)
09-03 21:17:03.494  1572  1963 W CorpusConfigHelper: 	at com.google.android.apps.gsa.binaries.velvet.app.akd.b(PG:15)
09-03 21:17:03.494  1572  1963 W CorpusConfigHelper: 	at dagger.a.e.b(PG:1)
09-03 21:17:03.494  1572  1963 W CorpusConfigHelper: 	at com.google.android.apps.gsa.staticplugins.searchboxroot.a.a.a(PG:3)
09-03 21:17:03.494  1572  1963 W CorpusConfigHelper: 	at com.google.android.apps.gsa.binaries.velvet.app.ok.f(Unknown Source:2541)
09-03 21:17:03.494  1572  1963 W CorpusConfigHelper: 	at com.google.android.apps.gsa.binaries.velvet.app.ok.b(PG:1)
09-03 21:17:03.494  1572  1963 W CorpusConfigHelper: 	at com.google.android.apps.gsa.search.core.service.g.a.c.a(PG:2)
09-03 21:17:03.494  1572  1963 W CorpusConfigHelper: 	at com.google.android.libraries.gsa.k.a.f.a(PG:2)
09-03 21:17:03.494  1572  1963 W CorpusConfigHelper: 	at com.google.common.util.concurrent.dx.a(PG:1)
09-03 21:17:03.494  1572  1963 W CorpusConfigHelper: 	at com.google.common.util.concurrent.cv.run(PG:4)
09-03 21:17:03.494  1572  1963 W CorpusConfigHelper: 	at com.google.common.util.concurrent.dz.run(PG:1)
09-03 21:17:03.494  1572  1963 W CorpusConfigHelper: 	at com.google.android.libraries.i.ae.run(PG:1)
09-03 21:17:03.494  1572  1963 W CorpusConfigHelper: 	at java.util.concurrent.ThreadPoolExecutor.runWorker(ThreadPoolExecutor.java:1145)
09-03 21:17:03.494  1572  1963 W CorpusConfigHelper: 	at java.util.concurrent.ThreadPoolExecutor$Worker.run(ThreadPoolExecutor.java:644)
09-03 21:17:03.494  1572  1963 W CorpusConfigHelper: 	at com.google.android.libraries.i.k.run(PG:2)
09-03 21:17:03.494  1572  1963 W CorpusConfigHelper: 	at com.google.android.libraries.i.p.run(PG:4)
09-03 21:17:03.494  1572  1963 W CorpusConfigHelper: 	at java.lang.Thread.run(Thread.java:1012)
09-03 21:17:03.494  1572  1963 W A       : Queue length for executor EventBus is now 11. Perhaps some tasks are too long, or the pool is too small.
09-03 21:17:03.497  1572  2622 I A       : Using proto config with mendel
09-03 21:17:03.497  1572  2622 I A       : Using proto config with mendel
09-03 21:17:03.497  1572  2622 I A       : Using proto config with mendel
09-03 21:17:03.497  1572  2622 I A       : Merging legacy hotword config map with new proto.
09-03 21:17:03.497  1572  2622 I A       : Adding from config to map. Locale: cmn-Hant-TW modelPrefix: x_google Location:4e7cae00daee30ec565c34e3aa67a51f isSpeakerIdSupported: true
09-03 21:17:03.497  1572  2622 I A       : Adding from config to map. Locale: id-ID modelPrefix: x_google Location:cfffcc1a4c1c084c003c8eb27f73d770 isSpeakerIdSupported: true
09-03 21:17:03.498  1572  2622 I A       : Adding from config to map. Locale: ko-KR modelPrefix: x_google Location:0b132163a2eb2c1194b202067475724b isSpeakerIdSupported: true
09-03 21:17:03.498  1572  2622 I A       : Skipping. Expected model: 2 Found: 1
09-03 21:17:03.498  1572  2622 I A       : Adding from config to map. Locale: zh-TW modelPrefix: x_google Location:4e7cae00daee30ec565c34e3aa67a51f isSpeakerIdSupported: true
09-03 21:17:03.498  1572  2622 I A       : Using proto config with mendel
09-03 21:17:03.498  1572  2622 I A       : Using proto config with mendel
09-03 21:17:03.499  1572  2622 I A       : Using proto config with mendel
09-03 21:17:03.500   562  4876 W ActivityManager: Unable to start service Intent { cmp=com.google.android.apps.tachyon/.clientapi.ClientApiService } U=0: not found
09-03 21:17:03.500  1572  2622 W A       : UiCallbackStub-onGenericEvent[ServiceEvent = 60] task was not run. Callback from Service received after client was disposed.
09-03 21:17:03.500  1572  2622 W A       : UiCallbackStub-onGenericEvent[ServiceEvent = 60] task was not run. Callback from Service received after client was disposed.
09-03 21:17:03.500  1572  2622 W A       : UiCallbackStub-onGenericEvent[ServiceEvent = 105] task was not run. Callback from Service received after client was disposed.
09-03 21:17:03.500  1572  2622 W A       : UiCallbackStub-onGenericEvent[ServiceEvent = 107] task was not run. Callback from Service received after client was disposed.
09-03 21:17:03.501  1572  2622 W A       : UiCallbackStub-onGenericEvent[ServiceEvent = 107] task was not run. Callback from Service received after client was disposed.
09-03 21:17:03.501  1572  2622 W A       : UiCallbackStub-onGenericEvent[ServiceEvent = 42] task was not run. Callback from Service received after client was disposed.
09-03 21:17:03.501  1486  2092 I NgaEntryPointEventSendr: State changed: Ready => Disconnected (onOpaDisconnected)
09-03 21:17:03.503  1572  2622 W A       : UiCallbackStub-onGenericEvent[ServiceEvent = 67] task was not run. Callback from Service received after client was disposed.
09-03 21:17:03.504  1572  2622 I MicroDetectionState: Should stop hotword detection immediately - true
09-03 21:17:03.504  1572  2622 W A       : UiCallbackStub-onGenericEvent[ServiceEvent = 241] task was not run. Callback from Service received after client was disposed.
09-03 21:17:03.504  1572  2622 W A       : UiCallbackStub-onGenericEvent[ServiceEvent = 241] task was not run. Callback from Service received after client was disposed.
09-03 21:17:03.505  1572  5657 I PBSessionCacheImpl: Deleted sessionId[6915517543541224] from persistence.
09-03 21:17:03.505  1572  2622 W A       : UiCallbackStub-onGenericEvent[ServiceEvent = 60] task was not run. Callback from Service received after client was disposed.
09-03 21:17:03.507  1572  2622 W SearchServiceCore: Abort, client detached.
09-03 21:17:03.508  1572  2622 I MicroDetectionState: Should stop hotword detection immediately - true
09-03 21:17:03.508  1572  2622 I A       : Using proto config with mendel
09-03 21:17:03.508  1572  2622 I A       : Using proto config with mendel
09-03 21:17:03.531  1572  1639 I earchbox:search: JIT allocated 98KB for compiled code of java.lang.Object com.google.android.apps.gsa.binaries.velvet.app.ok.h()
09-03 21:17:03.531  1572  1639 I earchbox:search: Compiler allocated 6973KB to compile java.lang.Object com.google.android.apps.gsa.binaries.velvet.app.ok.h()
09-03 16:44:02.908     0     0 I logd    : logdr: UID=2000 GID=2000 PID=6006 n tail=0 logMask=99 pid=0 start=0ns deadline=0ns
